Archive member included to satisfy reference by file (symbol)

C:/PROGRA~2/ARMGNU~1/142BCE~1.3RE/bin/../lib/gcc/arm-none-eabi/14.3.1/../../../../arm-none-eabi/lib/thumb/v7e-m+fp/hard\libm.a(libm_a-wf_sqrt.o)
                              CMakeFiles/FOC_IMP.dir/Core/Src/app/motor_control.c.obj (sqrtf)
C:/PROGRA~2/ARMGNU~1/142BCE~1.3RE/bin/../lib/gcc/arm-none-eabi/14.3.1/../../../../arm-none-eabi/lib/thumb/v7e-m+fp/hard\libm.a(libm_a-ef_sqrt.o)
                              C:/PROGRA~2/ARMGNU~1/142BCE~1.3RE/bin/../lib/gcc/arm-none-eabi/14.3.1/../../../../arm-none-eabi/lib/thumb/v7e-m+fp/hard\libm.a(libm_a-wf_sqrt.o) (__ieee754_sqrtf)
C:/PROGRA~2/ARMGNU~1/142BCE~1.3RE/bin/../lib/gcc/arm-none-eabi/14.3.1/thumb/v7e-m+fp/hard\libgcc.a(_aeabi_uldivmod.o)
                              cmake/stm32cubemx/CMakeFiles/STM32_Drivers.dir/__/__/Drivers/STM32F4xx_HAL_Driver/Src/stm32f4xx_hal_rcc.c.obj (__aeabi_uldivmod)
C:/PROGRA~2/ARMGNU~1/142BCE~1.3RE/bin/../lib/gcc/arm-none-eabi/14.3.1/thumb/v7e-m+fp/hard\libgcc.a(_udivmoddi4.o)
                              C:/PROGRA~2/ARMGNU~1/142BCE~1.3RE/bin/../lib/gcc/arm-none-eabi/14.3.1/thumb/v7e-m+fp/hard\libgcc.a(_aeabi_uldivmod.o) (__udivmoddi4)
C:/PROGRA~2/ARMGNU~1/142BCE~1.3RE/bin/../lib/gcc/arm-none-eabi/14.3.1/thumb/v7e-m+fp/hard\libgcc.a(_dvmd_tls.o)
                              C:/PROGRA~2/ARMGNU~1/142BCE~1.3RE/bin/../lib/gcc/arm-none-eabi/14.3.1/thumb/v7e-m+fp/hard\libgcc.a(_aeabi_uldivmod.o) (__aeabi_ldiv0)
C:/PROGRA~2/ARMGNU~1/142BCE~1.3RE/bin/../lib/gcc/arm-none-eabi/14.3.1/../../../../arm-none-eabi/lib/thumb/v7e-m+fp/hard\libg_nano.a(libc_a-exit.o)
                              C:/PROGRA~2/ARMGNU~1/142BCE~1.3RE/bin/../lib/gcc/arm-none-eabi/14.3.1/../../../../arm-none-eabi/lib/thumb/v7e-m+fp/hard/crt0.o (exit)
C:/PROGRA~2/ARMGNU~1/142BCE~1.3RE/bin/../lib/gcc/arm-none-eabi/14.3.1/../../../../arm-none-eabi/lib/thumb/v7e-m+fp/hard\libg_nano.a(libc_a-findfp.o)
                              C:/PROGRA~2/ARMGNU~1/142BCE~1.3RE/bin/../lib/gcc/arm-none-eabi/14.3.1/../../../../arm-none-eabi/lib/thumb/v7e-m+fp/hard\libg_nano.a(libc_a-exit.o) (__stdio_exit_handler)
C:/PROGRA~2/ARMGNU~1/142BCE~1.3RE/bin/../lib/gcc/arm-none-eabi/14.3.1/../../../../arm-none-eabi/lib/thumb/v7e-m+fp/hard\libg_nano.a(libc_a-fwalk.o)
                              C:/PROGRA~2/ARMGNU~1/142BCE~1.3RE/bin/../lib/gcc/arm-none-eabi/14.3.1/../../../../arm-none-eabi/lib/thumb/v7e-m+fp/hard\libg_nano.a(libc_a-findfp.o) (_fwalk_sglue)
C:/PROGRA~2/ARMGNU~1/142BCE~1.3RE/bin/../lib/gcc/arm-none-eabi/14.3.1/../../../../arm-none-eabi/lib/thumb/v7e-m+fp/hard\libg_nano.a(libc_a-stdio.o)
                              C:/PROGRA~2/ARMGNU~1/142BCE~1.3RE/bin/../lib/gcc/arm-none-eabi/14.3.1/../../../../arm-none-eabi/lib/thumb/v7e-m+fp/hard\libg_nano.a(libc_a-findfp.o) (__sread)
C:/PROGRA~2/ARMGNU~1/142BCE~1.3RE/bin/../lib/gcc/arm-none-eabi/14.3.1/../../../../arm-none-eabi/lib/thumb/v7e-m+fp/hard\libg_nano.a(libc_a-memset.o)
                              C:/PROGRA~2/ARMGNU~1/142BCE~1.3RE/bin/../lib/gcc/arm-none-eabi/14.3.1/../../../../arm-none-eabi/lib/thumb/v7e-m+fp/hard/crt0.o (memset)
C:/PROGRA~2/ARMGNU~1/142BCE~1.3RE/bin/../lib/gcc/arm-none-eabi/14.3.1/../../../../arm-none-eabi/lib/thumb/v7e-m+fp/hard\libg_nano.a(libc_a-closer.o)
                              C:/PROGRA~2/ARMGNU~1/142BCE~1.3RE/bin/../lib/gcc/arm-none-eabi/14.3.1/../../../../arm-none-eabi/lib/thumb/v7e-m+fp/hard\libg_nano.a(libc_a-stdio.o) (_close_r)
C:/PROGRA~2/ARMGNU~1/142BCE~1.3RE/bin/../lib/gcc/arm-none-eabi/14.3.1/../../../../arm-none-eabi/lib/thumb/v7e-m+fp/hard\libg_nano.a(libc_a-reent.o)
                              C:/PROGRA~2/ARMGNU~1/142BCE~1.3RE/bin/../lib/gcc/arm-none-eabi/14.3.1/../../../../arm-none-eabi/lib/thumb/v7e-m+fp/hard\libg_nano.a(libc_a-closer.o) (errno)
C:/PROGRA~2/ARMGNU~1/142BCE~1.3RE/bin/../lib/gcc/arm-none-eabi/14.3.1/../../../../arm-none-eabi/lib/thumb/v7e-m+fp/hard\libg_nano.a(libc_a-impure.o)
                              C:/PROGRA~2/ARMGNU~1/142BCE~1.3RE/bin/../lib/gcc/arm-none-eabi/14.3.1/../../../../arm-none-eabi/lib/thumb/v7e-m+fp/hard\libg_nano.a(libc_a-reent.o) (_impure_ptr)
C:/PROGRA~2/ARMGNU~1/142BCE~1.3RE/bin/../lib/gcc/arm-none-eabi/14.3.1/../../../../arm-none-eabi/lib/thumb/v7e-m+fp/hard\libg_nano.a(libc_a-lseekr.o)
                              C:/PROGRA~2/ARMGNU~1/142BCE~1.3RE/bin/../lib/gcc/arm-none-eabi/14.3.1/../../../../arm-none-eabi/lib/thumb/v7e-m+fp/hard\libg_nano.a(libc_a-stdio.o) (_lseek_r)
C:/PROGRA~2/ARMGNU~1/142BCE~1.3RE/bin/../lib/gcc/arm-none-eabi/14.3.1/../../../../arm-none-eabi/lib/thumb/v7e-m+fp/hard\libg_nano.a(libc_a-readr.o)
                              C:/PROGRA~2/ARMGNU~1/142BCE~1.3RE/bin/../lib/gcc/arm-none-eabi/14.3.1/../../../../arm-none-eabi/lib/thumb/v7e-m+fp/hard\libg_nano.a(libc_a-stdio.o) (_read_r)
C:/PROGRA~2/ARMGNU~1/142BCE~1.3RE/bin/../lib/gcc/arm-none-eabi/14.3.1/../../../../arm-none-eabi/lib/thumb/v7e-m+fp/hard\libg_nano.a(libc_a-writer.o)
[...]
Memory Configuration

Name             Origin             Length             Attributes
RAM              0x20000000         0x00020000         xrw
FLASH            0x08000000         0x00080000         xr
*default*        0x00000000         0xffffffff

Linker script and memory map

LOAD C:/PROGRA~2/ARMGNU~1/142BCE~1.3RE/bin/../lib/gcc/arm-none-eabi/14.3.1/thumb/v7e-m+fp/hard/crti.o
LOAD C:/PROGRA~2/ARMGNU~1/142BCE~1.3RE/bin/../lib/gcc/arm-none-eabi/14.3.1/thumb/v7e-m+fp/hard/crtbegin.o
LOAD C:/PROGRA~2/ARMGNU~1/142BCE~1.3RE/bin/../lib/gcc/arm-none-eabi/14.3.1/../../../../arm-none-eabi/lib/thumb/v7e-m+fp/hard/crt0.o
LOAD cmake/stm32cubemx/CMakeFiles/STM32_Drivers.dir/__/__/Core/Src/system_stm32f4xx.c.obj
LOAD cmake/stm32cubemx/CMakeFiles/STM32_Drivers.dir/__/__/Drivers/STM32F4xx_HAL_Driver/Src/stm32f4xx_hal_adc.c.obj
LOAD cmake/stm32cubemx/CMakeFiles/STM32_Drivers.dir/__/__/Drivers/STM32F4xx_HAL_Driver/Src/stm32f4xx_hal_adc_ex.c.obj
LOAD cmake/stm32cubemx/CMakeFiles/STM32_Drivers.dir/__/__/Drivers/STM32F4xx_HAL_Driver/Src/stm32f4xx_ll_adc.c.obj
LOAD cmake/stm32cubemx/CMakeFiles/STM32_Drivers.dir/__/__/Drivers/STM32F4xx_HAL_Driver/Src/stm32f4xx_hal_rcc.c.obj
LOAD cmake/stm32cubemx/CMakeFiles/STM32_Drivers.dir/__/__/Drivers/STM32F4xx_HAL_Driver/Src/stm32f4xx_hal_rcc_ex.c.obj
LOAD cmake/stm32cubemx/CMakeFiles/STM32_Drivers.dir/__/__/Drivers/STM32F4xx_HAL_Driver/Src/stm32f4xx_hal_flash.c.obj
LOAD cmake/stm32cubemx/CMakeFiles/STM32_Drivers.dir/__/__/Drivers/STM32F4xx_HAL_Driver/Src/stm32f4xx_hal_flash_ex.c.obj
LOAD cmake/stm32cubemx/CMakeFiles/STM32_Drivers.dir/__/__/Drivers/STM32F4xx_HAL_Driver/Src/stm32f4xx_hal_flash_ramfunc.c.obj
LOAD cmake/stm32cubemx/CMakeFiles/STM32_Drivers.dir/__/__/Drivers/STM32F4xx_HAL_Driver/Src/stm32f4xx_hal_gpio.c.obj
LOAD cmake/stm32cubemx/CMakeFiles/STM32_Drivers.dir/__/__/Drivers/STM32F4xx_HAL_Driver/Src/stm32f4xx_hal_dma_ex.c.obj
LOAD cmake/stm32cubemx/CMakeFiles/STM32_Drivers.dir/__/__/Drivers/STM32F4xx_HAL_Driver/Src/stm32f4xx_hal_dma.c.obj
LOAD cmake/stm32cubemx/CMakeFiles/STM32_Drivers.dir/__/__/Drivers/STM32F4xx_HAL_Driver/Src/stm32f4xx_hal_pwr.c.obj
LOAD cmake/stm32cubemx/CMakeFiles/STM32_Drivers.dir/__/__/Drivers/STM32F4xx_HAL_Driver/Src/stm32f4xx_hal_pwr_ex.c.obj
LOAD cmake/stm32cubemx/CMakeFiles/STM32_Drivers.dir/__/__/Drivers/STM32F4xx_HAL_Driver/Src/stm32f4xx_hal_cortex.c.obj
LOAD cmake/stm32cubemx/CMakeFiles/STM32_Drivers.dir/__/__/Drivers/STM32F4xx_HAL_Driver/Src/stm32f4xx_hal.c.obj
LOAD cmake/stm32cubemx/CMakeFiles/STM32_Drivers.dir/__/__/Drivers/STM32F4xx_HAL_Driver/Src/stm32f4xx_hal_exti.c.obj
LOAD cmake/stm32cubemx/CMakeFiles/STM32_Drivers.dir/__/__/Drivers/STM32F4xx_HAL_Driver/Src/stm32f4xx_hal_tim.c.obj
LOAD cmake/stm32cubemx/CMakeFiles/STM32_Drivers.dir/__/__/Drivers/STM32F4xx_HAL_Driver/Src/stm32f4xx_hal_tim_ex.c.obj
LOAD CMakeFiles/FOC_IMP.dir/Core/Src/app/state_machine.c.obj
LOAD CMakeFiles/FOC_IMP.dir/Core/Src/core/foc_math.c.obj
LOAD CMakeFiles/FOC_IMP.dir/Core/Src/core/pid.c.obj
LOAD CMakeFiles/FOC_IMP.dir/Core/Src/core/lpf.c.obj
LOAD CMakeFiles/FOC_IMP.dir/Core/Src/hw/hw_adc.c.obj
LOAD CMakeFiles/FOC_IMP.dir/Core/Src/hw/hw_pwm.c.obj
LOAD CMakeFiles/FOC_IMP.dir/Core/Src/hw/hw_hall_sensor.c.obj
LOAD CMakeFiles/FOC_IMP.dir/Core/Src/app/motor_control.c.obj
LOAD CMakeFiles/FOC_IMP.dir/Core/Src/core/hall_pll.c.obj
LOAD CMakeFiles/FOC_IMP.dir/Core/Src/core/svpwm.c.obj
LOAD CMakeFiles/FOC_IMP.dir/Core/Src/core/spwm.c.obj
LOAD CMakeFiles/FOC_IMP.dir/Core/Src/main.c.obj
LOAD CMakeFiles/FOC_IMP.dir/Core/Src/stm32f4xx_it.c.obj
LOAD CMakeFiles/FOC_IMP.dir/Core/Src/stm32f4xx_hal_msp.c.obj
LOAD CMakeFiles/FOC_IMP.dir/Core/Src/sysmem.c.obj
LOAD CMakeFiles/FOC_IMP.dir/Core/Src/syscalls.c.obj
LOAD CMakeFiles/FOC_IMP.dir/startup_stm32f446xx.s.obj
LOAD CMakeFiles/FOC_IMP.dir/Drivers/CMSIS/DSP/Source/FastMathFunctions/arm_sin_f32.c.obj
LOAD CMakeFiles/FOC_IMP.dir/Drivers/CMSIS/DSP/Source/FastMathFunctions/arm_cos_f32.c.obj
LOAD CMakeFiles/FOC_IMP.dir/Drivers/CMSIS/DSP/Source/CommonTables/arm_common_tables.c.obj
LOAD C:/PROGRA~2/ARMGNU~1/142BCE~1.3RE/bin/../lib/gcc/arm-none-eabi/14.3.1/../../../../arm-none-eabi/lib/thumb/v7e-m+fp/hard\libm.a
START GROUP
LOAD C:/PROGRA~2/ARMGNU~1/142BCE~1.3RE/bin/../lib/gcc/arm-none-eabi/14.3.1/thumb/v7e-m+fp/hard\libgcc.a
LOAD C:/PROGRA~2/ARMGNU~1/142BCE~1.3RE/bin/../lib/gcc/arm-none-eabi/14.3.1/../../../../arm-none-eabi/lib/thumb/v7e-m+fp/hard\libg_nano.a
LOAD C:/PROGRA~2/ARMGNU~1/142BCE~1.3RE/bin/../lib/gcc/arm-none-eabi/14.3.1/../../../../arm-none-eabi/lib/thumb/v7e-m+fp/hard\libc_nano.a
END GROUP
START GROUP
LOAD C:/PROGRA~2/ARMGNU~1/142BCE~1.3RE/bin/../lib/gcc/arm-none-eabi/14.3.1/thumb/v7e-m+fp/hard\libgcc.a
LOAD C:/PROGRA~2/ARMGNU~1/142BCE~1.3RE/bin/../lib/gcc/arm-none-eabi/14.3.1/../../../../arm-none-eabi/lib/thumb/v7e-m+fp/hard\libc_nano.a
END GROUP
LOAD C:/PROGRA~2/ARMGNU~1/142BCE~1.3RE/bin/../lib/gcc/arm-none-eabi/14.3.1/thumb/v7e-m+fp/hard/crtend.o
LOAD C:/PROGRA~2/ARMGNU~1/142BCE~1.3RE/bin/../lib/gcc/arm-none-eabi/14.3.1/thumb/v7e-m+fp/hard/crtn.o
                0x20020000                        _estack = (ORIGIN (RAM) + LENGTH (RAM))
                0x00000200                        _Min_Heap_Size = 0x200
                0x00000400                        _Min_Stack_Size = 0x400

.isr_vector     0x08000000      0x1c4
                0x08000000                        . = ALIGN (0x4)
 *(.isr_vector)
 .isr_vector    0x08000000      0x1c4 CMakeFiles/FOC_IMP.dir/startup_stm32f446xx.s.obj
                0x08000000                g_pfnVectors
                0x080001c4                        . = ALIGN (0x4)

.text           0x080001c4     0x56fc
                0x080001c4                        . = ALIGN (0x4)
 *(.text)
 .text          0x080001c4       0x30 C:/PROGRA~2/ARMGNU~1/142BCE~1.3RE/bin/../lib/gcc/arm-none-eabi/14.3.1/thumb/v7e-m+fp/hard\libgcc.a(_aeabi_uldivmod.o)
                0x080001c4                __aeabi_uldivmod
 .text          0x080001f4        0x4 C:/PROGRA~2/ARMGNU~1/142BCE~1.3RE/bin/../lib/gcc/arm-none-eabi/14.3.1/thumb/v7e-m+fp/hard\libgcc.a(_dvmd_tls.o)
                0x080001f4                __aeabi_idiv0
                0x080001f4                __aeabi_ldiv0
 *(.text*)
 .text.deregister_tm_clones
                0x080001f8       0x1c C:/PROGRA~2/ARMGNU~1/142BCE~1.3RE/bin/../lib/gcc/arm-none-eabi/14.3.1/thumb/v7e-m+fp/hard/crtbegin.o
 .text.register_tm_clones
                0x08000214       0x24 C:/PROGRA~2/ARMGNU~1/142BCE~1.3RE/bin/../lib/gcc/arm-none-eabi/14.3.1/thumb/v7e-m+fp/hard/crtbegin.o
 .text.__do_global_dtors_aux
                0x08000238       0x28 C:/PROGRA~2/ARMGNU~1/142BCE~1.3RE/bin/../lib/gcc/arm-none-eabi/14.3.1/thumb/v7e-m+fp/hard/crtbegin.o
 .text.frame_dummy
                0x08000260       0x24 C:/PROGRA~2/ARMGNU~1/142BCE~1.3RE/bin/../lib/gcc/arm-none-eabi/14.3.1/thumb/v7e-m+fp/hard/crtbegin.o
 .text.SystemInit
                0x08000284       0x24 cmake/stm32cubemx/CMakeFiles/STM32_Drivers.dir/__/__/Core/Src/system_stm32f4xx.c.obj
                0x08000284                SystemInit
 .text.HAL_ADC_Init
                0x080002a8       0x86 cmake/stm32cubemx/CMakeFiles/STM32_Drivers.dir/__/__/Drivers/STM32F4xx_HAL_Driver/Src/stm32f4xx_hal_adc.c.obj
                0x080002a8                HAL_ADC_Init
 .text.HAL_ADC_IRQHandler
                0x0800032e      0x220 cmake/stm32cubemx/CMakeFiles/STM32_Drivers.dir/__/__/Drivers/STM32F4xx_HAL_Driver/Src/stm32f4xx_hal_adc.c.obj
                0x0800032e                HAL_ADC_IRQHandler
 .text.HAL_ADC_ConvCpltCallback
                0x0800054e       0x14 cmake/stm32cubemx/CMakeFiles/STM32_Drivers.dir/__/__/Drivers/STM32F4xx_HAL_Driver/Src/stm32f4xx_hal_adc.c.obj
                0x0800054e                HAL_ADC_ConvCpltCallback
 .text.HAL_ADC_LevelOutOfWindowCallback
                0x08000562       0x14 cmake/stm32cubemx/CMakeFiles/STM32_Drivers.dir/__/__/Drivers/STM32F4xx_HAL_Driver/Src/stm32f4xx_hal_adc.c.obj
                0x08000562                HAL_ADC_LevelOutOfWindowCallback
 .text.HAL_ADC_ErrorCallback
                0x08000576       0x14 cmake/stm32cubemx/CMakeFiles/STM32_Drivers.dir/__/__/Drivers/STM32F4xx_HAL_Driver/Src/stm32f4xx_hal_adc.c.obj
                0x08000576                HAL_ADC_ErrorCallback
 *fill*         0x0800058a        0x2 
 .text.HAL_ADC_ConfigChannel
                0x0800058c      0x264 cmake/stm32cubemx/CMakeFiles/STM32_Drivers.dir/__/__/Drivers/STM32F4xx_HAL_Driver/Src/stm32f4xx_hal_adc.c.obj
                0x0800058c                HAL_ADC_ConfigChannel
 .text.ADC_Init
                0x080007f0      0x1f8 cmake/stm32cubemx/CMakeFiles/STM32_Drivers.dir/__/__/Drivers/STM32F4xx_HAL_Driver/Src/stm32f4xx_hal_adc.c.obj
 .text.HAL_ADCEx_InjectedStart
                0x080009e8      0x194 cmake/stm32cubemx/CMakeFiles/STM32_Drivers.dir/__/__/Drivers/STM32F4xx_HAL_Driver/Src/stm32f4xx_hal_adc_ex.c.obj
                0x080009e8                HAL_ADCEx_InjectedStart
 .text.HAL_ADCEx_InjectedStart_IT
                0x08000b7c      0x1a4 cmake/stm32cubemx/CMakeFiles/STM32_Drivers.dir/__/__/Drivers/STM32F4xx_HAL_Driver/Src/stm32f4xx_hal_adc_ex.c.obj
                0x08000b7c                HAL_ADCEx_InjectedStart_IT
 .text.HAL_ADCEx_InjectedStop
                0x08000d20       0x96 cmake/stm32cubemx/CMakeFiles/STM32_Drivers.dir/__/__/Drivers/STM32F4xx_HAL_Driver/Src/stm32f4xx_hal_adc_ex.c.obj
                0x08000d20                HAL_ADCEx_InjectedStop
 *fill*         0x08000db6        0x2 
 .text.HAL_ADCEx_InjectedConfigChannel
                0x08000db8      0x334 cmake/stm32cubemx/CMakeFiles/STM32_Drivers.dir/__/__/Drivers/STM32F4xx_HAL_Driver/Src/stm32f4xx_hal_adc_ex.c.obj
                0x08000db8                HAL_ADCEx_InjectedConfigChannel
 .text.HAL_ADCEx_MultiModeConfigChannel
                0x080010ec       0x8c cmake/stm32cubemx/CMakeFiles/STM32_Drivers.dir/__/__/Drivers/STM32F4xx_HAL_Driver/Src/stm32f4xx_hal_adc_ex.c.obj
                0x080010ec                HAL_ADCEx_MultiModeConfigChannel
 .text.HAL_RCC_ClockConfig
                0x08001178      0x1cc cmake/stm32cubemx/CMakeFiles/STM32_Drivers.dir/__/__/Drivers/STM32F4xx_HAL_Driver/Src/stm32f4xx_hal_rcc.c.obj
                0x08001178                HAL_RCC_ClockConfig
 .text.HAL_RCC_GetSysClockFreq
                0x08001344      0x460 cmake/stm32cubemx/CMakeFiles/STM32_Drivers.dir/__/__/Drivers/STM32F4xx_HAL_Driver/Src/stm32f4xx_hal_rcc_ex.c.obj
                0x08001344                HAL_RCC_GetSysClockFreq
 .text.HAL_RCC_OscConfig
                0x080017a4      0x53c cmake/stm32cubemx/CMakeFiles/STM32_Drivers.dir/__/__/Drivers/STM32F4xx_HAL_Driver/Src/stm32f4xx_hal_rcc_ex.c.obj
                0x080017a4                HAL_RCC_OscConfig
 .text.HAL_GPIO_Init
                0x08001ce0      0x328 cmake/stm32cubemx/CMakeFiles/STM32_Drivers.dir/__/__/Drivers/STM32F4xx_HAL_Driver/Src/stm32f4xx_hal_gpio.c.obj
                0x08001ce0                HAL_GPIO_Init
 .text.HAL_GPIO_ReadPin
                0x08002008       0x30 cmake/stm32cubemx/CMakeFiles/STM32_Drivers.dir/__/__/Drivers/STM32F4xx_HAL_Driver/Src/stm32f4xx_hal_gpio.c.obj
                0x08002008                HAL_GPIO_ReadPin
 .text.HAL_PWREx_EnableOverDrive
                0x08002038       0xa0 cmake/stm32cubemx/CMakeFiles/STM32_Drivers.dir/__/__/Drivers/STM32F4xx_HAL_Driver/Src/stm32f4xx_hal_pwr_ex.c.obj
                0x08002038                HAL_PWREx_EnableOverDrive
 .text.__NVIC_SetPriorityGrouping
                0x080020d8       0x48 cmake/stm32cubemx/CMakeFiles/STM32_Drivers.dir/__/__/Drivers/STM32F4xx_HAL_Driver/Src/stm32f4xx_hal_cortex.c.obj
 .text.__NVIC_GetPriorityGrouping
                0x08002120       0x1c cmake/stm32cubemx/CMakeFiles/STM32_Drivers.dir/__/__/Drivers/STM32F4xx_HAL_Driver/Src/stm32f4xx_hal_cortex.c.obj
 .text.__NVIC_EnableIRQ
                0x0800213c       0x3c cmake/stm32cubemx/CMakeFiles/STM32_Drivers.dir/__/__/Drivers/STM32F4xx_HAL_Driver/Src/stm32f4xx_hal_cortex.c.obj
 .text.__NVIC_SetPriority
                0x08002178       0x54 cmake/stm32cubemx/CMakeFiles/STM32_Drivers.dir/__/__/Drivers/STM32F4xx_HAL_Driver/Src/stm32f4xx_hal_cortex.c.obj
 .text.NVIC_EncodePriority
                0x080021cc       0x66 cmake/stm32cubemx/CMakeFiles/STM32_Drivers.dir/__/__/Drivers/STM32F4xx_HAL_Driver/Src/stm32f4xx_hal_cortex.c.obj
 *fill*         0x08002232        0x2 
 .text.SysTick_Config
                0x08002234       0x44 cmake/stm32cubemx/CMakeFiles/STM32_Drivers.dir/__/__/Drivers/STM32F4xx_HAL_Driver/Src/stm32f4xx_hal_cortex.c.obj
 .text.HAL_NVIC_SetPriorityGrouping
                0x08002278       0x16 cmake/stm32cubemx/CMakeFiles/STM32_Drivers.dir/__/__/Drivers/STM32F4xx_HAL_Driver/Src/stm32f4xx_hal_cortex.c.obj
                0x08002278                HAL_NVIC_SetPriorityGrouping
 .text.HAL_NVIC_SetPriority
                0x0800228e       0x38 cmake/stm32cubemx/CMakeFiles/STM32_Drivers.dir/__/__/Drivers/STM32F4xx_HAL_Driver/Src/stm32f4xx_hal_cortex.c.obj
                0x0800228e                HAL_NVIC_SetPriority
 .text.HAL_NVIC_EnableIRQ
                0x080022c6       0x1c cmake/stm32cubemx/CMakeFiles/STM32_Drivers.dir/__/__/Drivers/STM32F4xx_HAL_Driver/Src/stm32f4xx_hal_cortex.c.obj
                0x080022c6                HAL_NVIC_EnableIRQ
 .text.HAL_SYSTICK_Config
                0x080022e2       0x18 cmake/stm32cubemx/CMakeFiles/STM32_Drivers.dir/__/__/Drivers/STM32F4xx_HAL_Driver/Src/stm32f4xx_hal_cortex.c.obj
                0x080022e2                HAL_SYSTICK_Config
 *fill*         0x080022fa        0x2 
 .text.HAL_Init
                0x080022fc       0x44 cmake/stm32cubemx/CMakeFiles/STM32_Drivers.dir/__/__/Drivers/STM32F4xx_HAL_Driver/Src/stm32f4xx_hal.c.obj
                0x080022fc                HAL_Init
 .text.HAL_InitTick
                0x08002340       0x60 cmake/stm32cubemx/CMakeFiles/STM32_Drivers.dir/__/__/Drivers/STM32F4xx_HAL_Driver/Src/stm32f4xx_hal.c.obj
                0x08002340                HAL_InitTick
 .text.HAL_IncTick
                0x080023a0       0x28 cmake/stm32cubemx/CMakeFiles/STM32_Drivers.dir/__/__/Drivers/STM32F4xx_HAL_Driver/Src/stm32f4xx_hal.c.obj
                0x080023a0                HAL_IncTick
 .text.HAL_GetTick
                0x080023c8       0x18 cmake/stm32cubemx/CMakeFiles/STM32_Drivers.dir/__/__/Drivers/STM32F4xx_HAL_Driver/Src/stm32f4xx_hal.c.obj
                0x080023c8                HAL_GetTick
 .text.HAL_TIM_Base_Start
                0x080023e0       0xd0 cmake/stm32cubemx/CMakeFiles/STM32_Drivers.dir/__/__/Drivers/STM32F4xx_HAL_Driver/Src/stm32f4xx_hal_tim.c.obj
                0x080023e0                HAL_TIM_Base_Start
 .text.HAL_TIM_PWM_Init
                0x080024b0       0x9e cmake/stm32cubemx/CMakeFiles/STM32_Drivers.dir/__/__/Drivers/STM32F4xx_HAL_Driver/Src/stm32f4xx_hal_tim.c.obj
                0x080024b0                HAL_TIM_PWM_Init
 *fill*         0x0800254e        0x2 
 .text.HAL_TIM_PWM_Start
                0x08002550      0x190 cmake/stm32cubemx/CMakeFiles/STM32_Drivers.dir/__/__/Drivers/STM32F4xx_HAL_Driver/Src/stm32f4xx_hal_tim.c.obj
                0x08002550                HAL_TIM_PWM_Start
 .text.HAL_TIM_PWM_Stop
                0x080026e0       0xe0 cmake/stm32cubemx/CMakeFiles/STM32_Drivers.dir/__/__/Drivers/STM32F4xx_HAL_Driver/Src/stm32f4xx_hal_tim.c.obj
                0x080026e0                HAL_TIM_PWM_Stop
 .text.HAL_TIM_IRQHandler
                0x080027c0      0x1e0 cmake/stm32cubemx/CMakeFiles/STM32_Drivers.dir/__/__/Drivers/STM32F4xx_HAL_Driver/Src/stm32f4xx_hal_tim.c.obj
                0x080027c0                HAL_TIM_IRQHandler
 .text.HAL_TIM_PWM_ConfigChannel
                0x080029a0      0x184 cmake/stm32cubemx/CMakeFiles/STM32_Drivers.dir/__/__/Drivers/STM32F4xx_HAL_Driver/Src/stm32f4xx_hal_tim.c.obj
                0x080029a0                HAL_TIM_PWM_ConfigChannel
 .text.HAL_TIM_PeriodElapsedCallback
                0x08002b24       0x14 cmake/stm32cubemx/CMakeFiles/STM32_Drivers.dir/__/__/Drivers/STM32F4xx_HAL_Driver/Src/stm32f4xx_hal_tim.c.obj
                0x08002b24                HAL_TIM_PeriodElapsedCallback
 .text.HAL_TIM_OC_DelayElapsedCallback
                0x08002b38       0x14 cmake/stm32cubemx/CMakeFiles/STM32_Drivers.dir/__/__/Drivers/STM32F4xx_HAL_Driver/Src/stm32f4xx_hal_tim.c.obj
                0x08002b38                HAL_TIM_OC_DelayElapsedCallback
 .text.HAL_TIM_PWM_PulseFinishedCallback
                0x08002b4c       0x14 cmake/stm32cubemx/CMakeFiles/STM32_Drivers.dir/__/__/Drivers/STM32F4xx_HAL_Driver/Src/stm32f4xx_hal_tim.c.obj
                0x08002b4c                HAL_TIM_PWM_PulseFinishedCallback
 .text.HAL_TIM_TriggerCallback
                0x08002b60       0x14 cmake/stm32cubemx/CMakeFiles/STM32_Drivers.dir/__/__/Drivers/STM32F4xx_HAL_Driver/Src/stm32f4xx_hal_tim.c.obj
                0x08002b60                HAL_TIM_TriggerCallback
 .text.TIM_Base_SetConfig
                0x08002b74      0x14c cmake/stm32cubemx/CMakeFiles/STM32_Drivers.dir/__/__/Drivers/STM32F4xx_HAL_Driver/Src/stm32f4xx_hal_tim.c.obj
                0x08002b74                TIM_Base_SetConfig
 .text.TIM_OC1_SetConfig
                0x08002cc0       0xe0 cmake/stm32cubemx/CMakeFiles/STM32_Drivers.dir/__/__/Drivers/STM32F4xx_HAL_Driver/Src/stm32f4xx_hal_tim.c.obj
 .text.TIM_OC2_SetConfig
                0x08002da0       0xec cmake/stm32cubemx/CMakeFiles/STM32_Drivers.dir/__/__/Drivers/STM32F4xx_HAL_Driver/Src/stm32f4xx_hal_tim.c.obj
                0x08002da0                TIM_OC2_SetConfig
 .text.TIM_OC3_SetConfig
                0x08002e8c       0xe8 cmake/stm32cubemx/CMakeFiles/STM32_Drivers.dir/__/__/Drivers/STM32F4xx_HAL_Driver/Src/stm32f4xx_hal_tim.c.obj
 .text.TIM_OC4_SetConfig
                0x08002f74       0xac cmake/stm32cubemx/CMakeFiles/STM32_Drivers.dir/__/__/Drivers/STM32F4xx_HAL_Driver/Src/stm32f4xx_hal_tim.c.obj
 .text.TIM_TI1_SetConfig
                0x08003020       0xe8 cmake/stm32cubemx/CMakeFiles/STM32_Drivers.dir/__/__/Drivers/STM32F4xx_HAL_Driver/Src/stm32f4xx_hal_tim.c.obj
                0x08003020                TIM_TI1_SetConfig
 .text.TIM_CCxChannelCmd
                0x08003108       0x4a cmake/stm32cubemx/CMakeFiles/STM32_Drivers.dir/__/__/Drivers/STM32F4xx_HAL_Driver/Src/stm32f4xx_hal_tim.c.obj
                0x08003108                TIM_CCxChannelCmd
 .text.HAL_TIMEx_HallSensor_Init
                0x08003152      0x152 cmake/stm32cubemx/CMakeFiles/STM32_Drivers.dir/__/__/Drivers/STM32F4xx_HAL_Driver/Src/stm32f4xx_hal_tim_ex.c.obj
                0x08003152                HAL_TIMEx_HallSensor_Init
 .text.HAL_TIMEx_HallSensor_Start_IT
                0x080032a4      0x12c cmake/stm32cubemx/CMakeFiles/STM32_Drivers.dir/__/__/Drivers/STM32F4xx_HAL_Driver/Src/stm32f4xx_hal_tim_ex.c.obj
                0x080032a4                HAL_TIMEx_HallSensor_Start_IT
 .text.HAL_TIMEx_PWMN_Start
                0x080033d0      0x174 cmake/stm32cubemx/CMakeFiles/STM32_Drivers.dir/__/__/Drivers/STM32F4xx_HAL_Driver/Src/stm32f4xx_hal_tim_ex.c.obj
                0x080033d0                HAL_TIMEx_PWMN_Start
 .text.HAL_TIMEx_MasterConfigSynchronization
                0x08003544       0xf8 cmake/stm32cubemx/CMakeFiles/STM32_Drivers.dir/__/__/Drivers/STM32F4xx_HAL_Driver/Src/stm32f4xx_hal_tim_ex.c.obj
                0x08003544                HAL_TIMEx_MasterConfigSynchronization
 .text.HAL_TIMEx_ConfigBreakDeadTime
                0x0800363c       0xa4 cmake/stm32cubemx/CMakeFiles/STM32_Drivers.dir/__/__/Drivers/STM32F4xx_HAL_Driver/Src/stm32f4xx_hal_tim_ex.c.obj
                0x0800363c                HAL_TIMEx_ConfigBreakDeadTime
 .text.HAL_TIMEx_CommutCallback
                0x080036e0       0x14 cmake/stm32cubemx/CMakeFiles/STM32_Drivers.dir/__/__/Drivers/STM32F4xx_HAL_Driver/Src/stm32f4xx_hal_tim_ex.c.obj
                0x080036e0                HAL_TIMEx_CommutCallback
 .text.HAL_TIMEx_BreakCallback
                0x080036f4       0x14 cmake/stm32cubemx/CMakeFiles/STM32_Drivers.dir/__/__/Drivers/STM32F4xx_HAL_Driver/Src/stm32f4xx_hal_tim_ex.c.obj
                0x080036f4                HAL_TIMEx_BreakCallback
 .text.TIM_CCxNChannelCmd
                0x08003708       0x4a cmake/stm32cubemx/CMakeFiles/STM32_Drivers.dir/__/__/Drivers/STM32F4xx_HAL_Driver/Src/stm32f4xx_hal_tim_ex.c.obj
 *fill*         0x08003752        0x2 
 .text.StateMachine_Init
                0x08003754       0x38 CMakeFiles/FOC_IMP.dir/Core/Src/app/state_machine.c.obj
                0x08003754                StateMachine_Init
 .text.StateMachine_Update
                0x0800378c       0x9c CMakeFiles/FOC_IMP.dir/Core/Src/app/state_machine.c.obj
                0x0800378c                StateMachine_Update
 .text.StateMachine_RequestState
                0x08003828       0x20 CMakeFiles/FOC_IMP.dir/Core/Src/app/state_machine.c.obj
                0x08003828                StateMachine_RequestState
 .text.FOC_Clark
                0x08003848       0x44 CMakeFiles/FOC_IMP.dir/Core/Src/core/foc_math.c.obj
                0x08003848                FOC_Clark
 .text.FOC_Park
                0x0800388c       0x7e CMakeFiles/FOC_IMP.dir/Core/Src/core/foc_math.c.obj
                0x0800388c                FOC_Park
 .text.FOC_InversePark
                0x0800390a       0x7a CMakeFiles/FOC_IMP.dir/Core/Src/core/foc_math.c.obj
                0x0800390a                FOC_InversePark
 .text.FOC_InverseClarke
                0x08003984       0x64 CMakeFiles/FOC_IMP.dir/Core/Src/core/foc_math.c.obj
                0x08003984                FOC_InverseClarke
 .text.PI_Init  0x080039e8       0x54 CMakeFiles/FOC_IMP.dir/Core/Src/core/pid.c.obj
                0x080039e8                PI_Init
 .text.PI_Reset
                0x08003a3c       0x20 CMakeFiles/FOC_IMP.dir/Core/Src/core/pid.c.obj
                0x08003a3c                PI_Reset
 .text.PI_Update
                0x08003a5c       0xd6 CMakeFiles/FOC_IMP.dir/Core/Src/core/pid.c.obj
                0x08003a5c                PI_Update
 *fill*         0x08003b32        0x2 
 .text.HW_ADC_Init
                0x08003b34      0x114 CMakeFiles/FOC_IMP.dir/Core/Src/hw/hw_adc.c.obj
                0x08003b34                HW_ADC_Init
 .text.HW_ADC_ReadCurrents
                0x08003c48       0x7c CMakeFiles/FOC_IMP.dir/Core/Src/hw/hw_adc.c.obj
                0x08003c48                HW_ADC_ReadCurrents
 .text.HW_PWM_SetDuties
                0x08003cc4       0x7c CMakeFiles/FOC_IMP.dir/Core/Src/hw/hw_pwm.c.obj
                0x08003cc4                HW_PWM_SetDuties
 .text.HW_Hall_ReadPins
                0x08003d40       0x5c CMakeFiles/FOC_IMP.dir/Core/Src/hw/hw_hall_sensor.c.obj
 .text.HW_Hall_Init
                0x08003d9c       0x6c CMakeFiles/FOC_IMP.dir/Core/Src/hw/hw_hall_sensor.c.obj
                0x08003d9c                HW_Hall_Init
 .text.HW_Hall_Update_ISR
                0x08003e08      0x1c8 CMakeFiles/FOC_IMP.dir/Core/Src/hw/hw_hall_sensor.c.obj
                0x08003e08                HW_Hall_Update_ISR
 .text.HW_Hall_GetBaseAngle
                0x08003fd0       0x1c CMakeFiles/FOC_IMP.dir/Core/Src/hw/hw_hall_sensor.c.obj
                0x08003fd0                HW_Hall_GetBaseAngle
 .text.Datalog_CaptureDone
                0x08003fec       0x18 CMakeFiles/FOC_IMP.dir/Core/Src/app/motor_control.c.obj
 .text.Datalog_Arm
                0x08004004       0x34 CMakeFiles/FOC_IMP.dir/Core/Src/app/motor_control.c.obj
                0x08004004                Datalog_Arm
 .text.MotorControl_Init
                0x08004038      0x13c CMakeFiles/FOC_IMP.dir/Core/Src/app/motor_control.c.obj
                0x08004038                MotorControl_Init
 .text.MotorControl_Reset
                0x08004174       0x64 CMakeFiles/FOC_IMP.dir/Core/Src/app/motor_control.c.obj
                0x08004174                MotorControl_Reset
 .text.MotorControl_RunIteration
                0x080041d8      0x260 CMakeFiles/FOC_IMP.dir/Core/Src/app/motor_control.c.obj
                0x080041d8                MotorControl_RunIteration
 .text.MotorControl_SetTorqueTarget
                0x08004438       0x20 CMakeFiles/FOC_IMP.dir/Core/Src/app/motor_control.c.obj
                0x08004438                MotorControl_SetTorqueTarget
 .text.MotorControl_SetSpeedTarget
                0x08004458       0x20 CMakeFiles/FOC_IMP.dir/Core/Src/app/motor_control.c.obj
                0x08004458                MotorControl_SetSpeedTarget
 .text.HallPLL_Init
                0x08004478       0x52 CMakeFiles/FOC_IMP.dir/Core/Src/core/hall_pll.c.obj
                0x08004478                HallPLL_Init
 *fill*         0x080044ca        0x2 
 .text.HallPLL_Update
                0x080044cc      0x184 CMakeFiles/FOC_IMP.dir/Core/Src/core/hall_pll.c.obj
                0x080044cc                HallPLL_Update
 .text.HallPLL_Reset
                0x08004650       0x36 CMakeFiles/FOC_IMP.dir/Core/Src/core/hall_pll.c.obj
                0x08004650                HallPLL_Reset
 .text.FOC_SPWM
                0x08004686      0x148 CMakeFiles/FOC_IMP.dir/Core/Src/core/spwm.c.obj
                0x08004686                FOC_SPWM
 *fill*         0x080047ce        0x2 
 .text.main     0x080047d0       0xc8 CMakeFiles/FOC_IMP.dir/Core/Src/main.c.obj
                0x080047d0                main
 .text.SystemClock_Config
                0x08004898       0xe4 CMakeFiles/FOC_IMP.dir/Core/Src/main.c.obj
                0x08004898                SystemClock_Config
 .text.MX_ADC1_Init
                0x0800497c      0x118 CMakeFiles/FOC_IMP.dir/Core/Src/main.c.obj
 .text.MX_ADC2_Init
                0x08004a94       0xd4 CMakeFiles/FOC_IMP.dir/Core/Src/main.c.obj
 .text.MX_TIM1_Init
                0x08004b68      0x154 CMakeFiles/FOC_IMP.dir/Core/Src/main.c.obj
 .text.MX_TIM3_Init
                0x08004cbc       0x94 CMakeFiles/FOC_IMP.dir/Core/Src/main.c.obj
 .text.MX_GPIO_Init
                0x08004d50      0x128 CMakeFiles/FOC_IMP.dir/Core/Src/main.c.obj
 .text.HAL_TIM_IC_CaptureCallback
                0x08004e78       0x24 CMakeFiles/FOC_IMP.dir/Core/Src/main.c.obj
                0x08004e78                HAL_TIM_IC_CaptureCallback
 .text.HAL_ADCEx_InjectedConvCpltCallback
                0x08004e9c       0x34 CMakeFiles/FOC_IMP.dir/Core/Src/main.c.obj
                0x08004e9c                HAL_ADCEx_InjectedConvCpltCallback
 .text.Error_Handler
                0x08004ed0        0xc CMakeFiles/FOC_IMP.dir/Core/Src/main.c.obj
                0x08004ed0                Error_Handler
 .text.NMI_Handler
                0x08004edc        0x8 CMakeFiles/FOC_IMP.dir/Core/Src/stm32f4xx_it.c.obj
                0x08004edc                NMI_Handler
 .text.HardFault_Handler
                0x08004ee4        0x8 CMakeFiles/FOC_IMP.dir/Core/Src/stm32f4xx_it.c.obj
                0x08004ee4                HardFault_Handler
 .text.MemManage_Handler
                0x08004eec        0x8 CMakeFiles/FOC_IMP.dir/Core/Src/stm32f4xx_it.c.obj
                0x08004eec                MemManage_Handler
 .text.BusFault_Handler
                0x08004ef4        0x8 CMakeFiles/FOC_IMP.dir/Core/Src/stm32f4xx_it.c.obj
                0x08004ef4                BusFault_Handler
 .text.UsageFault_Handler
                0x08004efc        0x8 CMakeFiles/FOC_IMP.dir/Core/Src/stm32f4xx_it.c.obj
                0x08004efc                UsageFault_Handler
 .text.SVC_Handler
                0x08004f04        0xe CMakeFiles/FOC_IMP.dir/Core/Src/stm32f4xx_it.c.obj
                0x08004f04                SVC_Handler
 .text.DebugMon_Handler
                0x08004f12        0xe CMakeFiles/FOC_IMP.dir/Core/Src/stm32f4xx_it.c.obj
                0x08004f12                DebugMon_Handler
 .text.PendSV_Handler
                0x08004f20        0xe CMakeFiles/FOC_IMP.dir/Core/Src/stm32f4xx_it.c.obj
                0x08004f20                PendSV_Handler
 .text.SysTick_Handler
                0x08004f2e        0xc CMakeFiles/FOC_IMP.dir/Core/Src/stm32f4xx_it.c.obj
                0x08004f2e                SysTick_Handler
 *fill*         0x08004f3a        0x2 
 .text.ADC_IRQHandler
                0x08004f3c       0x1c CMakeFiles/FOC_IMP.dir/Core/Src/stm32f4xx_it.c.obj
                0x08004f3c                ADC_IRQHandler
 .text.TIM3_IRQHandler
                0x08004f58       0x14 CMakeFiles/FOC_IMP.dir/Core/Src/stm32f4xx_it.c.obj
                0x08004f58                TIM3_IRQHandler
 .text.HAL_MspInit
                0x08004f6c       0x50 CMakeFiles/FOC_IMP.dir/Core/Src/stm32f4xx_hal_msp.c.obj
                0x08004f6c                HAL_MspInit
 .text.HAL_ADC_MspInit
                0x08004fbc      0x108 CMakeFiles/FOC_IMP.dir/Core/Src/stm32f4xx_hal_msp.c.obj
                0x08004fbc                HAL_ADC_MspInit
 .text.HAL_TIM_PWM_MspInit
                0x080050c4       0x44 CMakeFiles/FOC_IMP.dir/Core/Src/stm32f4xx_hal_msp.c.obj
                0x080050c4                HAL_TIM_PWM_MspInit
 .text.HAL_TIMEx_HallSensor_MspInit
                0x08005108       0xe0 CMakeFiles/FOC_IMP.dir/Core/Src/stm32f4xx_hal_msp.c.obj
                0x08005108                HAL_TIMEx_HallSensor_MspInit
 .text.HAL_TIM_MspPostInit
                0x080051e8       0xb4 CMakeFiles/FOC_IMP.dir/Core/Src/stm32f4xx_hal_msp.c.obj
                0x080051e8                HAL_TIM_MspPostInit
 .text.Reset_Handler
                0x0800529c       0x50 CMakeFiles/FOC_IMP.dir/startup_stm32f446xx.s.obj
                0x0800529c                Reset_Handler
 .text.Default_Handler
                0x080052ec        0x2 CMakeFiles/FOC_IMP.dir/startup_stm32f446xx.s.obj
                0x080052ec                RTC_Alarm_IRQHandler
                0x080052ec                EXTI2_IRQHandler
                0x080052ec                TIM8_CC_IRQHandler
                0x080052ec                FMPI2C1_EV_IRQHandler
                0x080052ec                SPI4_IRQHandler
                0x080052ec                TIM1_CC_IRQHandler
                0x080052ec                DMA2_Stream5_IRQHandler
                0x080052ec                DMA1_Stream5_IRQHandler
                0x080052ec                PVD_IRQHandler
                0x080052ec                SDIO_IRQHandler
                0x080052ec                TAMP_STAMP_IRQHandler
                0x080052ec                CAN2_RX1_IRQHandler
                0x080052ec                EXTI3_IRQHandler
                0x080052ec                TIM8_TRG_COM_TIM14_IRQHandler
                0x080052ec                TIM1_UP_TIM10_IRQHandler
                0x080052ec                TIM8_UP_TIM13_IRQHandler
                0x080052ec                I2C3_ER_IRQHandler
                0x080052ec                EXTI0_IRQHandler
                0x080052ec                I2C2_EV_IRQHandler
                0x080052ec                DMA1_Stream2_IRQHandler
                0x080052ec                CAN1_RX0_IRQHandler
                0x080052ec                FPU_IRQHandler
                0x080052ec                OTG_HS_WKUP_IRQHandler
                0x080052ec                CAN2_SCE_IRQHandler
                0x080052ec                DMA2_Stream2_IRQHandler
                0x080052ec                SPI1_IRQHandler
                0x080052ec                TIM6_DAC_IRQHandler
                0x080052ec                TIM1_BRK_TIM9_IRQHandler
                0x080052ec                DCMI_IRQHandler
                0x080052ec                CAN2_RX0_IRQHandler
                0x080052ec                DMA2_Stream3_IRQHandler
                0x080052ec                SAI2_IRQHandler
                0x080052ec                USART6_IRQHandler
                0x080052ec                USART3_IRQHandler
                0x080052ec                CAN1_RX1_IRQHandler
                0x080052ec                UART5_IRQHandler
                0x080052ec                DMA2_Stream0_IRQHandler
                0x080052ec                TIM4_IRQHandler
                0x080052ec                QUADSPI_IRQHandler
                0x080052ec                I2C1_EV_IRQHandler
                0x080052ec                DMA1_Stream6_IRQHandler
                0x080052ec                DMA1_Stream1_IRQHandler
                0x080052ec                UART4_IRQHandler
                0x080052ec                RCC_IRQHandler
                0x080052ec                TIM8_BRK_TIM12_IRQHandler
                0x080052ec                Default_Handler
                0x080052ec                CEC_IRQHandler
                0x080052ec                EXTI15_10_IRQHandler
                0x080052ec                DMA1_Stream7_IRQHandler
                0x080052ec                TIM7_IRQHandler
                0x080052ec                CAN2_TX_IRQHandler
                0x080052ec                TIM5_IRQHandler
                0x080052ec                DMA2_Stream7_IRQHandler
                0x080052ec                I2C3_EV_IRQHandler
                0x080052ec                EXTI9_5_IRQHandler
                0x080052ec                RTC_WKUP_IRQHandler
                0x080052ec                SPDIF_RX_IRQHandler
                0x080052ec                SPI2_IRQHandler
                0x080052ec                OTG_HS_EP1_IN_IRQHandler
                0x080052ec                DMA1_Stream0_IRQHandler
                0x080052ec                CAN1_TX_IRQHandler
                0x080052ec                FMPI2C1_ER_IRQHandler
                0x080052ec                EXTI4_IRQHandler
                0x080052ec                OTG_HS_EP1_OUT_IRQHandler
                0x080052ec                WWDG_IRQHandler
                0x080052ec                TIM2_IRQHandler
                0x080052ec                OTG_FS_WKUP_IRQHandler
                0x080052ec                TIM1_TRG_COM_TIM11_IRQHandler
                0x080052ec                OTG_HS_IRQHandler
                0x080052ec                EXTI1_IRQHandler
                0x080052ec                USART2_IRQHandler
                0x080052ec                I2C2_ER_IRQHandler
                0x080052ec                DMA2_Stream1_IRQHandler
                0x080052ec                CAN1_SCE_IRQHandler
                0x080052ec                FLASH_IRQHandler
                0x080052ec                DMA2_Stream4_IRQHandler
                0x080052ec                USART1_IRQHandler
                0x080052ec                OTG_FS_IRQHandler
                0x080052ec                SPI3_IRQHandler
                0x080052ec                DMA1_Stream4_IRQHandler
                0x080052ec                I2C1_ER_IRQHandler
                0x080052ec                FMC_IRQHandler
                0x080052ec                DMA2_Stream6_IRQHandler
                0x080052ec                SAI1_IRQHandler
                0x080052ec                DMA1_Stream3_IRQHandler
 *fill*         0x080052ee        0x2 
 .text.arm_sin_f32
                0x080052f0      0x104 CMakeFiles/FOC_IMP.dir/Drivers/CMSIS/DSP/Source/FastMathFunctions/arm_sin_f32.c.obj
                0x080052f0                arm_sin_f32
 .text.arm_cos_f32
                0x080053f4      0x10c CMakeFiles/FOC_IMP.dir/Drivers/CMSIS/DSP/Source/FastMathFunctions/arm_cos_f32.c.obj
                0x080053f4                arm_cos_f32
 .text.sqrtf    0x08005500       0x44 C:/PROGRA~2/ARMGNU~1/142BCE~1.3RE/bin/../lib/gcc/arm-none-eabi/14.3.1/../../../../arm-none-eabi/lib/thumb/v7e-m+fp/hard\libm.a(libm_a-wf_sqrt.o)
                0x08005500                sqrtf
 .text.__ieee754_sqrtf
                0x08005544        0x8 C:/PROGRA~2/ARMGNU~1/142BCE~1.3RE/bin/../lib/gcc/arm-none-eabi/14.3.1/../../../../arm-none-eabi/lib/thumb/v7e-m+fp/hard\libm.a(libm_a-ef_sqrt.o)
                0x08005544                __ieee754_sqrtf
 .text.__udivmoddi4
                0x0800554c      0x2f8 C:/PROGRA~2/ARMGNU~1/142BCE~1.3RE/bin/../lib/gcc/arm-none-eabi/14.3.1/thumb/v7e-m+fp/hard\libgcc.a(_udivmoddi4.o)
                0x0800554c                __udivmoddi4
 .text.memset   0x08005844       0x10 C:/PROGRA~2/ARMGNU~1/142BCE~1.3RE/bin/../lib/gcc/arm-none-eabi/14.3.1/../../../../arm-none-eabi/lib/thumb/v7e-m+fp/hard\libg_nano.a(libc_a-memset.o)
                0x08005844                memset
 .text.__errno  0x08005854        0xc C:/PROGRA~2/ARMGNU~1/142BCE~1.3RE/bin/../lib/gcc/arm-none-eabi/14.3.1/../../../../arm-none-eabi/lib/thumb/v7e-m+fp/hard\libg_nano.a(libc_a-errno.o)
                0x08005854                __errno
 .text.__libc_init_array
                0x08005860       0x48 C:/PROGRA~2/ARMGNU~1/142BCE~1.3RE/bin/../lib/gcc/arm-none-eabi/14.3.1/../../../../arm-none-eabi/lib/thumb/v7e-m+fp/hard\libg_nano.a(libc_a-init.o)
                0x08005860                __libc_init_array
 *(.glue_7)
 .glue_7        0x080058a8        0x0 linker stubs
 *(.glue_7t)
 .glue_7t       0x080058a8        0x0 linker stubs
 *(.eh_frame)
 .eh_frame      0x080058a8        0x0 C:/PROGRA~2/ARMGNU~1/142BCE~1.3RE/bin/../lib/gcc/arm-none-eabi/14.3.1/thumb/v7e-m+fp/hard/crtbegin.o
 *(.init)
 .init          0x080058a8        0x4 C:/PROGRA~2/ARMGNU~1/142BCE~1.3RE/bin/../lib/gcc/arm-none-eabi/14.3.1/thumb/v7e-m+fp/hard/crti.o
                0x080058a8                _init
 .init          0x080058ac        0x8 C:/PROGRA~2/ARMGNU~1/142BCE~1.3RE/bin/../lib/gcc/arm-none-eabi/14.3.1/thumb/v7e-m+fp/hard/crtn.o
 *(.fini)
 .fini          0x080058b4        0x4 C:/PROGRA~2/ARMGNU~1/142BCE~1.3RE/bin/../lib/gcc/arm-none-eabi/14.3.1/thumb/v7e-m+fp/hard/crti.o
                0x080058b4                _fini
 .fini          0x080058b8        0x8 C:/PROGRA~2/ARMGNU~1/142BCE~1.3RE/bin/../lib/gcc/arm-none-eabi/14.3.1/thumb/v7e-m+fp/hard/crtn.o
                0x080058c0                        . = ALIGN (0x4)
                0x080058c0                        _etext = .

.vfp11_veneer   0x080058c0        0x0
 .vfp11_veneer  0x080058c0        0x0 linker stubs

.v4_bx          0x080058c0        0x0
 .v4_bx         0x080058c0        0x0 linker stubs

.iplt           0x080058c0        0x0
 .iplt          0x080058c0        0x0 C:/PROGRA~2/ARMGNU~1/142BCE~1.3RE/bin/../lib/gcc/arm-none-eabi/14.3.1/thumb/v7e-m+fp/hard/crtbegin.o

.rodata         0x080058c0      0x83c
                0x080058c0                        . = ALIGN (0x4)
 *(.rodata)
 *(.rodata*)
 .rodata.AHBPrescTable
                0x080058c0       0x10 cmake/stm32cubemx/CMakeFiles/STM32_Drivers.dir/__/__/Core/Src/system_stm32f4xx.c.obj
                0x080058c0                AHBPrescTable
 .rodata.hall_angle_table
                0x080058d0       0x20 CMakeFiles/FOC_IMP.dir/Core/Src/hw/hw_hall_sensor.c.obj
 .rodata.hall_cycle_idx
                0x080058f0        0x8 CMakeFiles/FOC_IMP.dir/Core/Src/hw/hw_hall_sensor.c.obj
 .rodata.sinTable_f32
                0x080058f8      0x804 CMakeFiles/FOC_IMP.dir/Drivers/CMSIS/DSP/Source/CommonTables/arm_common_tables.c.obj
                0x080058f8                sinTable_f32
                0x080060fc                        . = ALIGN (0x4)

.ARM.extab      0x080060fc        0x0
                0x080060fc                        . = ALIGN (0x4)
 *(.ARM.extab* .gnu.linkonce.armextab.*)
                0x080060fc                        . = ALIGN (0x4)

.ARM            0x080060fc        0x8
                0x080060fc                        . = ALIGN (0x4)
                0x080060fc                        __exidx_start = .
 *(.ARM.exidx*)
 .ARM.exidx.text.__udivmoddi4
                0x080060fc        0x8 C:/PROGRA~2/ARMGNU~1/142BCE~1.3RE/bin/../lib/gcc/arm-none-eabi/14.3.1/thumb/v7e-m+fp/hard\libgcc.a(_udivmoddi4.o)
                0x08006104                        __exidx_end = .
                0x08006104                        . = ALIGN (0x4)

.preinit_array  0x08006104        0x0
                0x08006104                        . = ALIGN (0x4)
                0x08006104                        PROVIDE (__preinit_array_start = .)
 *(.preinit_array*)
                0x08006104                        PROVIDE (__preinit_array_end = .)
                0x08006104                        . = ALIGN (0x4)

.init_array     0x08006104        0x4
                0x08006104                        . = ALIGN (0x4)
                0x08006104                        PROVIDE (__init_array_start = .)
 *(SORT_BY_NAME(.init_array.*))
 *(.init_array*)
 .init_array    0x08006104        0x4 C:/PROGRA~2/ARMGNU~1/142BCE~1.3RE/bin/../lib/gcc/arm-none-eabi/14.3.1/thumb/v7e-m+fp/hard/crtbegin.o
                0x08006108                        PROVIDE (__init_array_end = .)
                0x08006108                        . = ALIGN (0x4)

.fini_array     0x08006108        0x4
                0x08006108                        . = ALIGN (0x4)
                [!provide]                        PROVIDE (__fini_array_start = .)
 *(SORT_BY_NAME(.fini_array.*))
 *(.fini_array*)
 .fini_array    0x08006108        0x4 C:/PROGRA~2/ARMGNU~1/142BCE~1.3RE/bin/../lib/gcc/arm-none-eabi/14.3.1/thumb/v7e-m+fp/hard/crtbegin.o
                [!provide]                        PROVIDE (__fini_array_end = .)
                0x0800610c                        . = ALIGN (0x4)
                0x0800610c                        _sidata = LOADADDR (.data)

.rel.dyn        0x0800610c        0x0
 .rel.iplt      0x0800610c        0x0 C:/PROGRA~2/ARMGNU~1/142BCE~1.3RE/bin/../lib/gcc/arm-none-eabi/14.3.1/thumb/v7e-m+fp/hard/crtbegin.o

.data           0x20000000       0x68 load address 0x0800610c
                0x20000000                        . = ALIGN (0x4)
                0x20000000                        _sdata = .
 *(.data)
 *(.data*)
 .data.SystemCoreClock
                0x20000000        0x4 cmake/stm32cubemx/CMakeFiles/STM32_Drivers.dir/__/__/Core/Src/system_stm32f4xx.c.obj
                0x20000000                SystemCoreClock
 .data.uwTickPrio
                0x20000004        0x4 cmake/stm32cubemx/CMakeFiles/STM32_Drivers.dir/__/__/Drivers/STM32F4xx_HAL_Driver/Src/stm32f4xx_hal.c.obj
                0x20000004                uwTickPrio
 .data.uwTickFreq
                0x20000008        0x1 cmake/stm32cubemx/CMakeFiles/STM32_Drivers.dir/__/__/Drivers/STM32F4xx_HAL_Driver/Src/stm32f4xx_hal.c.obj
                0x20000008                uwTickFreq
 *fill*         0x20000009        0x3 
 .data.offset_ia
                0x2000000c        0x4 CMakeFiles/FOC_IMP.dir/Core/Src/hw/hw_adc.c.obj
 .data.offset_ib
                0x20000010        0x4 CMakeFiles/FOC_IMP.dir/Core/Src/hw/hw_adc.c.obj
 .data.direction
                0x20000014        0x1 CMakeFiles/FOC_IMP.dir/Core/Src/hw/hw_hall_sensor.c.obj
 *fill*         0x20000015        0x3 
 .data._impure_ptr
                0x20000018        0x4 C:/PROGRA~2/ARMGNU~1/142BCE~1.3RE/bin/../lib/gcc/arm-none-eabi/14.3.1/../../../../arm-none-eabi/lib/thumb/v7e-m+fp/hard\libg_nano.a(libc_a-impure.o)
                0x20000018                _impure_ptr
 .data._impure_data
                0x2000001c       0x4c C:/PROGRA~2/ARMGNU~1/142BCE~1.3RE/bin/../lib/gcc/arm-none-eabi/14.3.1/../../../../arm-none-eabi/lib/thumb/v7e-m+fp/hard\libg_nano.a(libc_a-impure.o)
                0x2000001c                _impure_data
 *(.RamFunc)
 *(.RamFunc*)
                0x20000068                        . = ALIGN (0x4)

.tm_clone_table
                0x20000068        0x0 load address 0x08006174
 .tm_clone_table
                0x20000068        0x0 C:/PROGRA~2/ARMGNU~1/142BCE~1.3RE/bin/../lib/gcc/arm-none-eabi/14.3.1/thumb/v7e-m+fp/hard/crtbegin.o
 .tm_clone_table
                0x20000068        0x0 C:/PROGRA~2/ARMGNU~1/142BCE~1.3RE/bin/../lib/gcc/arm-none-eabi/14.3.1/thumb/v7e-m+fp/hard/crtend.o

.igot.plt       0x20000068        0x0 load address 0x08006174
 .igot.plt      0x20000068        0x0 C:/PROGRA~2/ARMGNU~1/142BCE~1.3RE/bin/../lib/gcc/arm-none-eabi/14.3.1/thumb/v7e-m+fp/hard/crtbegin.o

.tdata          0x20000068        0x0 load address 0x08006174
 *(.tdata .tdata.* .gnu.linkonce.td.*)
                0x20000068                        . = ALIGN (0x4)
                0x20000068                        _edata = .
                [!provide]                        PROVIDE (__data_end = .)
                [!provide]                        PROVIDE (__tdata_end = .)
                [!provide]                        PROVIDE (__tdata_start = ADDR (.tdata))
                [!provide]                        PROVIDE (__tdata_size = (__tdata_end - __tdata_start))
                [!provide]                        PROVIDE (__data_start = ADDR (.data))
                [!provide]                        PROVIDE (__data_size = (__data_end - __data_start))
                [!provide]                        PROVIDE (__tdata_source = LOADADDR (.tdata))
                [!provide]                        PROVIDE (__tdata_source_end = (LOADADDR (.tdata) + SIZEOF (.tdata)))
                [!provide]                        PROVIDE (__tdata_source_size = (__tdata_source_end - __tdata_source))
                [!provide]                        PROVIDE (__data_source = LOADADDR (.data))
                [!provide]                        PROVIDE (__data_source_end = __tdata_source_end)
                [!provide]                        PROVIDE (__data_source_size = (__data_source_end - __data_source))

.tbss           0x20000068        0x0 load address 0x08006174
                0x20000068                        _sbss = .
                0x20000068                        __bss_start__ = _sbss
 *(.tbss .tbss.*)
                0x20000068                        . = ALIGN (0x4)
                [!provide]                        PROVIDE (__tbss_end = .)
                [!provide]                        PROVIDE (__tbss_start = ADDR (.tbss))
                [!provide]                        PROVIDE (__tbss_size = (__tbss_end - __tbss_start))
                [!provide]                        PROVIDE (__tbss_offset = (ADDR (.tbss) - ADDR (.tdata)))
                [!provide]                        PROVIDE (__tls_base = __tdata_start)
                [!provide]                        PROVIDE (__tls_end = __tbss_end)
                [!provide]                        PROVIDE (__tls_size = (__tls_end - __tls_base))
                [!provide]                        PROVIDE (__tls_align = MAX (ALIGNOF (.tdata), ALIGNOF (.tbss)))
                [!provide]                        PROVIDE (__tls_size_align = (((__tls_size + __tls_align) - 0x1) & ~ ((__tls_align - 0x1))))
                [!provide]                        PROVIDE (__arm32_tls_tcb_offset = MAX (0x8, __tls_align))
                [!provide]                        PROVIDE (__arm64_tls_tcb_offset = MAX (0x10, __tls_align))

.bss            0x20000068    0x1c348 load address 0x08006174
 *(.bss)
 *(.bss*)
 .bss.completed.1
                0x20000068        0x1 C:/PROGRA~2/ARMGNU~1/142BCE~1.3RE/bin/../lib/gcc/arm-none-eabi/14.3.1/thumb/v7e-m+fp/hard/crtbegin.o
 *fill*         0x20000069        0x3 
 .bss.object.0  0x2000006c       0x18 C:/PROGRA~2/ARMGNU~1/142BCE~1.3RE/bin/../lib/gcc/arm-none-eabi/14.3.1/thumb/v7e-m+fp/hard/crtbegin.o
 .bss.uwTick    0x20000084        0x4 cmake/stm32cubemx/CMakeFiles/STM32_Drivers.dir/__/__/Drivers/STM32F4xx_HAL_Driver/Src/stm32f4xx_hal.c.obj
                0x20000084                uwTick
 .bss.current_state
                0x20000088        0x1 CMakeFiles/FOC_IMP.dir/Core/Src/app/state_machine.c.obj
 .bss.last_state
                0x20000089        0x1 CMakeFiles/FOC_IMP.dir/Core/Src/app/state_machine.c.obj
 *fill*         0x2000008a        0x2 
 .bss.hall_debug
                0x2000008c        0xc CMakeFiles/FOC_IMP.dir/Core/Src/hw/hw_hall_sensor.c.obj
                0x2000008c                hall_debug
 .bss.base_angle_rad
                0x20000098        0x4 CMakeFiles/FOC_IMP.dir/Core/Src/hw/hw_hall_sensor.c.obj
 .bss.prev_hall_state.0
                0x2000009c        0x1 CMakeFiles/FOC_IMP.dir/Core/Src/hw/hw_hall_sensor.c.obj
 *fill*         0x2000009d        0x3 
 .bss.foc_core  0x200000a0       0x50 CMakeFiles/FOC_IMP.dir/Core/Src/app/motor_control.c.obj
                0x200000a0                foc_core
 .bss.id_controller
                0x200000f0       0x14 CMakeFiles/FOC_IMP.dir/Core/Src/app/motor_control.c.obj
 .bss.iq_controller
                0x20000104       0x14 CMakeFiles/FOC_IMP.dir/Core/Src/app/motor_control.c.obj
 .bss.speed_controller
                0x20000118       0x14 CMakeFiles/FOC_IMP.dir/Core/Src/app/motor_control.c.obj
 .bss.hall_pll  0x2000012c       0x1c CMakeFiles/FOC_IMP.dir/Core/Src/app/motor_control.c.obj
 .bss.speed_loop_counter
                0x20000148        0x2 CMakeFiles/FOC_IMP.dir/Core/Src/app/motor_control.c.obj
 *fill*         0x2000014a        0x2 
 .bss.datalog_armed
                0x2000014c        0x4 CMakeFiles/FOC_IMP.dir/Core/Src/app/motor_control.c.obj
                0x2000014c                datalog_armed
 .bss.datalog_done
                0x20000150        0x4 CMakeFiles/FOC_IMP.dir/Core/Src/app/motor_control.c.obj
                0x20000150                datalog_done
 .bss.datalog_index
                0x20000154        0x4 CMakeFiles/FOC_IMP.dir/Core/Src/app/motor_control.c.obj
 .bss.datalog_buf
                0x20000158    0x1c000 CMakeFiles/FOC_IMP.dir/Core/Src/app/motor_control.c.obj
                0x20000158                datalog_buf
 .bss.hadc1     0x2001c158       0x48 CMakeFiles/FOC_IMP.dir/Core/Src/main.c.obj
                0x2001c158                hadc1
 .bss.hadc2     0x2001c1a0       0x48 CMakeFiles/FOC_IMP.dir/Core/Src/main.c.obj
                0x2001c1a0                hadc2
 .bss.htim1     0x2001c1e8       0x48 CMakeFiles/FOC_IMP.dir/Core/Src/main.c.obj
                0x2001c1e8                htim1
 .bss.htim3     0x2001c230       0x48 CMakeFiles/FOC_IMP.dir/Core/Src/main.c.obj
                0x2001c230                htim3
 .bss.__sf      0x2001c278      0x138 C:/PROGRA~2/ARMGNU~1/142BCE~1.3RE/bin/../lib/gcc/arm-none-eabi/14.3.1/../../../../arm-none-eabi/lib/thumb/v7e-m+fp/hard\libg_nano.a(libc_a-findfp.o)
                0x2001c278                __sf
 *(COMMON)
                0x2001c3b0                        . = ALIGN (0x4)
                0x2001c3b0                        _ebss = .
                0x2001c3b0                        __bss_end__ = _ebss
                [!provide]                        PROVIDE (__bss_end = .)
                [!provide]                        PROVIDE (__non_tls_bss_start = ADDR (.bss))
                [!provide]                        PROVIDE (__bss_start = __tbss_start)
                [!provide]                        PROVIDE (__bss_size = (__bss_end - __bss_start))

._user_heap_stack
                0x2001c3b0      0x600 load address 0x08006174
                0x2001c3b0                        . = ALIGN (0x8)
                [!provide]                        PROVIDE (end = .)
                0x2001c3b0                        PROVIDE (_end = .)
                0x2001c5b0                        . = (. + _Min_Heap_Size)
 *fill*         0x2001c3b0      0x200 
                0x2001c9b0                        . = (. + _Min_Stack_Size)
 *fill*         0x2001c5b0      0x400 
                0x2001c9b0                        . = ALIGN (0x8)

/DISCARD/
 libc.a:*(*)
 libm.a:*(*)
 libgcc.a:*(*)
OUTPUT(FOC_IMP.elf elf32-littlearm)
LOAD linker stubs

.ARM.attributes
                0x00000000       0x30
 .ARM.attributes
                0x00000000       0x22 C:/PROGRA~2/ARMGNU~1/142BCE~1.3RE/bin/../lib/gcc/arm-none-eabi/14.3.1/thumb/v7e-m+fp/hard/crti.o
 .ARM.attributes
                0x00000022       0x34 C:/PROGRA~2/ARMGNU~1/142BCE~1.3RE/bin/../lib/gcc/arm-none-eabi/14.3.1/thumb/v7e-m+fp/hard/crtbegin.o
 .ARM.attributes
                0x00000056       0x34 cmake/stm32cubemx/CMakeFiles/STM32_Drivers.dir/__/__/Core/Src/system_stm32f4xx.c.obj
 .ARM.attributes
                0x0000008a       0x34 cmake/stm32cubemx/CMakeFiles/STM32_Drivers.dir/__/__/Drivers/STM32F4xx_HAL_Driver/Src/stm32f4xx_hal_adc.c.obj
 .ARM.attributes
                0x000000be       0x34 cmake/stm32cubemx/CMakeFiles/STM32_Drivers.dir/__/__/Drivers/STM32F4xx_HAL_Driver/Src/stm32f4xx_hal_adc_ex.c.obj
 .ARM.attributes
                0x000000f2       0x34 cmake/stm32cubemx/CMakeFiles/STM32_Drivers.dir/__/__/Drivers/STM32F4xx_HAL_Driver/Src/stm32f4xx_hal_rcc.c.obj
 .ARM.attributes
                0x00000126       0x34 cmake/stm32cubemx/CMakeFiles/STM32_Drivers.dir/__/__/Drivers/STM32F4xx_HAL_Driver/Src/stm32f4xx_hal_rcc_ex.c.obj
 .ARM.attributes
                0x0000015a       0x34 cmake/stm32cubemx/CMakeFiles/STM32_Drivers.dir/__/__/Drivers/STM32F4xx_HAL_Driver/Src/stm32f4xx_hal_gpio.c.obj
 .ARM.attributes
                0x0000018e       0x34 cmake/stm32cubemx/CMakeFiles/STM32_Drivers.dir/__/__/Drivers/STM32F4xx_HAL_Driver/Src/stm32f4xx_hal_pwr_ex.c.obj
 .ARM.attributes
                0x000001c2       0x34 cmake/stm32cubemx/CMakeFiles/STM32_Drivers.dir/__/__/Drivers/STM32F4xx_HAL_Driver/Src/stm32f4xx_hal_cortex.c.obj
 .ARM.attributes
                0x000001f6       0x34 cmake/stm32cubemx/CMakeFiles/STM32_Drivers.dir/__/__/Drivers/STM32F4xx_HAL_Driver/Src/stm32f4xx_hal.c.obj
 .ARM.attributes
                0x0000022a       0x34 cmake/stm32cubemx/CMakeFiles/STM32_Drivers.dir/__/__/Drivers/STM32F4xx_HAL_Driver/Src/stm32f4xx_hal_tim.c.obj
 .ARM.attributes
                0x0000025e       0x34 cmake/stm32cubemx/CMakeFiles/STM32_Drivers.dir/__/__/Drivers/STM32F4xx_HAL_Driver/Src/stm32f4xx_hal_tim_ex.c.obj
 .ARM.attributes
                0x00000292       0x34 CMakeFiles/FOC_IMP.dir/Core/Src/app/state_machine.c.obj
 .ARM.attributes
                0x000002c6       0x34 CMakeFiles/FOC_IMP.dir/Core/Src/core/foc_math.c.obj
 .ARM.attributes
                0x000002fa       0x34 CMakeFiles/FOC_IMP.dir/Core/Src/core/pid.c.obj
 .ARM.attributes
                0x0000032e       0x34 CMakeFiles/FOC_IMP.dir/Core/Src/hw/hw_adc.c.obj
 .ARM.attributes
                0x00000362       0x34 CMakeFiles/FOC_IMP.dir/Core/Src/hw/hw_pwm.c.obj
 .ARM.attributes
                0x00000396       0x34 CMakeFiles/FOC_IMP.dir/Core/Src/hw/hw_hall_sensor.c.obj
 .ARM.attributes
                0x000003ca       0x34 CMakeFiles/FOC_IMP.dir/Core/Src/app/motor_control.c.obj
 .ARM.attributes
                0x000003fe       0x34 CMakeFiles/FOC_IMP.dir/Core/Src/core/hall_pll.c.obj
 .ARM.attributes
                0x00000432       0x34 CMakeFiles/FOC_IMP.dir/Core/Src/core/spwm.c.obj
 .ARM.attributes
                0x00000466       0x34 CMakeFiles/FOC_IMP.dir/Core/Src/main.c.obj
 .ARM.attributes
                0x0000049a       0x34 CMakeFiles/FOC_IMP.dir/Core/Src/stm32f4xx_it.c.obj
 .ARM.attributes
                0x000004ce       0x34 CMakeFiles/FOC_IMP.dir/Core/Src/stm32f4xx_hal_msp.c.obj
 .ARM.attributes
                0x00000502       0x21 CMakeFiles/FOC_IMP.dir/startup_stm32f446xx.s.obj
 .ARM.attributes
                0x00000523       0x34 CMakeFiles/FOC_IMP.dir/Drivers/CMSIS/DSP/Source/FastMathFunctions/arm_sin_f32.c.obj
 .ARM.attributes
                0x00000557       0x34 CMakeFiles/FOC_IMP.dir/Drivers/CMSIS/DSP/Source/FastMathFunctions/arm_cos_f32.c.obj
 .ARM.attributes
                0x0000058b       0x34 CMakeFiles/FOC_IMP.dir/Drivers/CMSIS/DSP/Source/CommonTables/arm_common_tables.c.obj
 .ARM.attributes
                0x000005bf       0x34 C:/PROGRA~2/ARMGNU~1/142BCE~1.3RE/bin/../lib/gcc/arm-none-eabi/14.3.1/../../../../arm-none-eabi/lib/thumb/v7e-m+fp/hard\libm.a(libm_a-wf_sqrt.o)
 .ARM.attributes
                0x000005f3       0x34 C:/PROGRA~2/ARMGNU~1/142BCE~1.3RE/bin/../lib/gcc/arm-none-eabi/14.3.1/../../../../arm-none-eabi/lib/thumb/v7e-m+fp/hard\libm.a(libm_a-ef_sqrt.o)
 .ARM.attributes
                0x00000627       0x22 C:/PROGRA~2/ARMGNU~1/142BCE~1.3RE/bin/../lib/gcc/arm-none-eabi/14.3.1/thumb/v7e-m+fp/hard\libgcc.a(_aeabi_uldivmod.o)
 .ARM.attributes
                0x00000649       0x34 C:/PROGRA~2/ARMGNU~1/142BCE~1.3RE/bin/../lib/gcc/arm-none-eabi/14.3.1/thumb/v7e-m+fp/hard\libgcc.a(_udivmoddi4.o)
 .ARM.attributes
                0x0000067d       0x22 C:/PROGRA~2/ARMGNU~1/142BCE~1.3RE/bin/../lib/gcc/arm-none-eabi/14.3.1/thumb/v7e-m+fp/hard\libgcc.a(_dvmd_tls.o)
 .ARM.attributes
                0x0000069f       0x34 C:/PROGRA~2/ARMGNU~1/142BCE~1.3RE/bin/../lib/gcc/arm-none-eabi/14.3.1/../../../../arm-none-eabi/lib/thumb/v7e-m+fp/hard\libg_nano.a(libc_a-findfp.o)
 .ARM.attributes
                0x000006d3       0x34 C:/PROGRA~2/ARMGNU~1/142BCE~1.3RE/bin/../lib/gcc/arm-none-eabi/14.3.1/../../../../arm-none-eabi/lib/thumb/v7e-m+fp/hard\libg_nano.a(libc_a-memset.o)
 .ARM.attributes
                0x00000707       0x34 C:/PROGRA~2/ARMGNU~1/142BCE~1.3RE/bin/../lib/gcc/arm-none-eabi/14.3.1/../../../../arm-none-eabi/lib/thumb/v7e-m+fp/hard\libg_nano.a(libc_a-impure.o)
 .ARM.attributes
                0x0000073b       0x34 C:/PROGRA~2/ARMGNU~1/142BCE~1.3RE/bin/../lib/gcc/arm-none-eabi/14.3.1/../../../../arm-none-eabi/lib/thumb/v7e-m+fp/hard\libg_nano.a(libc_a-errno.o)
 .ARM.attributes
                0x0000076f       0x34 C:/PROGRA~2/ARMGNU~1/142BCE~1.3RE/bin/../lib/gcc/arm-none-eabi/14.3.1/../../../../arm-none-eabi/lib/thumb/v7e-m+fp/hard\libg_nano.a(libc_a-init.o)
 .ARM.attributes
                0x000007a3       0x34 C:/PROGRA~2/ARMGNU~1/142BCE~1.3RE/bin/../lib/gcc/arm-none-eabi/14.3.1/thumb/v7e-m+fp/hard/crtend.o
 .ARM.attributes
                0x000007d7       0x22 C:/PROGRA~2/ARMGNU~1/142BCE~1.3RE/bin/../lib/gcc/arm-none-eabi/14.3.1/thumb/v7e-m+fp/hard/crtn.o

.comment        0x00000000       0x46
 .comment       0x00000000       0x46 cmake/stm32cubemx/CMakeFiles/STM32_Drivers.dir/__/__/Core/Src/system_stm32f4xx.c.obj
                                 0x47 (size before relaxing)
 .comment       0x00000046       0x47 cmake/stm32cubemx/CMakeFiles/STM32_Drivers.dir/__/__/Drivers/STM32F4xx_HAL_Driver/Src/stm32f4xx_hal_adc.c.obj
 .comment       0x00000046       0x47 cmake/stm32cubemx/CMakeFiles/STM32_Drivers.dir/__/__/Drivers/STM32F4xx_HAL_Driver/Src/stm32f4xx_hal_adc_ex.c.obj
 .comment       0x00000046       0x47 cmake/stm32cubemx/CMakeFiles/STM32_Drivers.dir/__/__/Drivers/STM32F4xx_HAL_Driver/Src/stm32f4xx_hal_rcc.c.obj
 .comment       0x00000046       0x47 cmake/stm32cubemx/CMakeFiles/STM32_Drivers.dir/__/__/Drivers/STM32F4xx_HAL_Driver/Src/stm32f4xx_hal_rcc_ex.c.obj
 .comment       0x00000046       0x47 cmake/stm32cubemx/CMakeFiles/STM32_Drivers.dir/__/__/Drivers/STM32F4xx_HAL_Driver/Src/stm32f4xx_hal_gpio.c.obj
 .comment       0x00000046       0x47 cmake/stm32cubemx/CMakeFiles/STM32_Drivers.dir/__/__/Drivers/STM32F4xx_HAL_Driver/Src/stm32f4xx_hal_pwr_ex.c.obj
 .comment       0x00000046       0x47 cmake/stm32cubemx/CMakeFiles/STM32_Drivers.dir/__/__/Drivers/STM32F4xx_HAL_Driver/Src/stm32f4xx_hal_cortex.c.obj
 .comment       0x00000046       0x47 cmake/stm32cubemx/CMakeFiles/STM32_Drivers.dir/__/__/Drivers/STM32F4xx_HAL_Driver/Src/stm32f4xx_hal.c.obj
 .comment       0x00000046       0x47 cmake/stm32cubemx/CMakeFiles/STM32_Drivers.dir/__/__/Drivers/STM32F4xx_HAL_Driver/Src/stm32f4xx_hal_tim.c.obj
 .comment       0x00000046       0x47 cmake/stm32cubemx/CMakeFiles/STM32_Drivers.dir/__/__/Drivers/STM32F4xx_HAL_Driver/Src/stm32f4xx_hal_tim_ex.c.obj
 .comment       0x00000046       0x47 CMakeFiles/FOC_IMP.dir/Core/Src/app/state_machine.c.obj
 .comment       0x00000046       0x47 CMakeFiles/FOC_IMP.dir/Core/Src/core/foc_math.c.obj
 .comment       0x00000046       0x47 CMakeFiles/FOC_IMP.dir/Core/Src/core/pid.c.obj
 .comment       0x00000046       0x47 CMakeFiles/FOC_IMP.dir/Core/Src/hw/hw_adc.c.obj
 .comment       0x00000046       0x47 CMakeFiles/FOC_IMP.dir/Core/Src/hw/hw_pwm.c.obj
 .comment       0x00000046       0x47 CMakeFiles/FOC_IMP.dir/Core/Src/hw/hw_hall_sensor.c.obj
 .comment       0x00000046       0x47 CMakeFiles/FOC_IMP.dir/Core/Src/app/motor_control.c.obj
 .comment       0x00000046       0x47 CMakeFiles/FOC_IMP.dir/Core/Src/core/hall_pll.c.obj
 .comment       0x00000046       0x47 CMakeFiles/FOC_IMP.dir/Core/Src/core/spwm.c.obj
 .comment       0x00000046       0x47 CMakeFiles/FOC_IMP.dir/Core/Src/main.c.obj
 .comment       0x00000046       0x47 CMakeFiles/FOC_IMP.dir/Core/Src/stm32f4xx_it.c.obj
 .comment       0x00000046       0x47 CMakeFiles/FOC_IMP.dir/Core/Src/stm32f4xx_hal_msp.c.obj
 .comment       0x00000046       0x47 CMakeFiles/FOC_IMP.dir/Drivers/CMSIS/DSP/Source/FastMathFunctions/arm_sin_f32.c.obj
 .comment       0x00000046       0x47 CMakeFiles/FOC_IMP.dir/Drivers/CMSIS/DSP/Source/FastMathFunctions/arm_cos_f32.c.obj
 .comment       0x00000046       0x47 CMakeFiles/FOC_IMP.dir/Drivers/CMSIS/DSP/Source/CommonTables/arm_common_tables.c.obj

.debug_info     0x00000000    0x108e4
 .debug_info    0x00000000      0x54a cmake/stm32cubemx/CMakeFiles/STM32_Drivers.dir/__/__/Core/Src/system_stm32f4xx.c.obj
 .debug_info    0x0000054a      0xce3 cmake/stm32cubemx/CMakeFiles/STM32_Drivers.dir/__/__/Drivers/STM32F4xx_HAL_Driver/Src/stm32f4xx_hal_adc.c.obj
 .debug_info    0x0000122d      0xb68 cmake/stm32cubemx/CMakeFiles/STM32_Drivers.dir/__/__/Drivers/STM32F4xx_HAL_Driver/Src/stm32f4xx_hal_adc_ex.c.obj
 .debug_info    0x00001d95      0x8ff cmake/stm32cubemx/CMakeFiles/STM32_Drivers.dir/__/__/Drivers/STM32F4xx_HAL_Driver/Src/stm32f4xx_hal_rcc.c.obj
 .debug_info    0x00002694      0x960 cmake/stm32cubemx/CMakeFiles/STM32_Drivers.dir/__/__/Drivers/STM32F4xx_HAL_Driver/Src/stm32f4xx_hal_rcc_ex.c.obj
 .debug_info    0x00002ff4      0x70b cmake/stm32cubemx/CMakeFiles/STM32_Drivers.dir/__/__/Drivers/STM32F4xx_HAL_Driver/Src/stm32f4xx_hal_gpio.c.obj
 .debug_info    0x000036ff      0x6da cmake/stm32cubemx/CMakeFiles/STM32_Drivers.dir/__/__/Drivers/STM32F4xx_HAL_Driver/Src/stm32f4xx_hal_pwr_ex.c.obj
 .debug_info    0x00003dd9      0xdaa cmake/stm32cubemx/CMakeFiles/STM32_Drivers.dir/__/__/Drivers/STM32F4xx_HAL_Driver/Src/stm32f4xx_hal_cortex.c.obj
 .debug_info    0x00004b83      0x99a cmake/stm32cubemx/CMakeFiles/STM32_Drivers.dir/__/__/Drivers/STM32F4xx_HAL_Driver/Src/stm32f4xx_hal.c.obj
 .debug_info    0x0000551d     0x299d cmake/stm32cubemx/CMakeFiles/STM32_Drivers.dir/__/__/Drivers/STM32F4xx_HAL_Driver/Src/stm32f4xx_hal_tim.c.obj
 .debug_info    0x00007eba     0x14db cmake/stm32cubemx/CMakeFiles/STM32_Drivers.dir/__/__/Drivers/STM32F4xx_HAL_Driver/Src/stm32f4xx_hal_tim_ex.c.obj
 .debug_info    0x00009395      0x703 CMakeFiles/FOC_IMP.dir/Core/Src/app/state_machine.c.obj
 .debug_info    0x00009a98      0x278 CMakeFiles/FOC_IMP.dir/Core/Src/core/foc_math.c.obj
 .debug_info    0x00009d10      0x16e CMakeFiles/FOC_IMP.dir/Core/Src/core/pid.c.obj
 .debug_info    0x00009e7e      0xa21 CMakeFiles/FOC_IMP.dir/Core/Src/hw/hw_adc.c.obj
 .debug_info    0x0000a89f      0x6bd CMakeFiles/FOC_IMP.dir/Core/Src/hw/hw_pwm.c.obj
 .debug_info    0x0000af5c      0x91c CMakeFiles/FOC_IMP.dir/Core/Src/hw/hw_hall_sensor.c.obj
 .debug_info    0x0000b878      0x703 CMakeFiles/FOC_IMP.dir/Core/Src/app/motor_control.c.obj
 .debug_info    0x0000bf7b      0x197 CMakeFiles/FOC_IMP.dir/Core/Src/core/hall_pll.c.obj
 .debug_info    0x0000c112      0x160 CMakeFiles/FOC_IMP.dir/Core/Src/core/spwm.c.obj
 .debug_info    0x0000c272     0x157f CMakeFiles/FOC_IMP.dir/Core/Src/main.c.obj
 .debug_info    0x0000d7f1      0x96e CMakeFiles/FOC_IMP.dir/Core/Src/stm32f4xx_it.c.obj
 .debug_info    0x0000e15f     0x10f1 CMakeFiles/FOC_IMP.dir/Core/Src/stm32f4xx_hal_msp.c.obj
 .debug_info    0x0000f250       0x30 CMakeFiles/FOC_IMP.dir/startup_stm32f446xx.s.obj
 .debug_info    0x0000f280      0x17f CMakeFiles/FOC_IMP.dir/Drivers/CMSIS/DSP/Source/FastMathFunctions/arm_sin_f32.c.obj
 .debug_info    0x0000f3ff      0x17f CMakeFiles/FOC_IMP.dir/Drivers/CMSIS/DSP/Source/FastMathFunctions/arm_cos_f32.c.obj
 .debug_info    0x0000f57e     0x1366 CMakeFiles/FOC_IMP.dir/Drivers/CMSIS/DSP/Source/CommonTables/arm_common_tables.c.obj

.debug_abbrev   0x00000000     0x2eec
 .debug_abbrev  0x00000000      0x11a cmake/stm32cubemx/CMakeFiles/STM32_Drivers.dir/__/__/Core/Src/system_stm32f4xx.c.obj
 .debug_abbrev  0x0000011a      0x252 cmake/stm32cubemx/CMakeFiles/STM32_Drivers.dir/__/__/Drivers/STM32F4xx_HAL_Driver/Src/stm32f4xx_hal_adc.c.obj
 .debug_abbrev  0x0000036c      0x270 cmake/stm32cubemx/CMakeFiles/STM32_Drivers.dir/__/__/Drivers/STM32F4xx_HAL_Driver/Src/stm32f4xx_hal_adc_ex.c.obj
 .debug_abbrev  0x000005dc      0x2b7 cmake/stm32cubemx/CMakeFiles/STM32_Drivers.dir/__/__/Drivers/STM32F4xx_HAL_Driver/Src/stm32f4xx_hal_rcc.c.obj
 .debug_abbrev  0x00000893      0x211 cmake/stm32cubemx/CMakeFiles/STM32_Drivers.dir/__/__/Drivers/STM32F4xx_HAL_Driver/Src/stm32f4xx_hal_rcc_ex.c.obj
 .debug_abbrev  0x00000aa4      0x1d4 cmake/stm32cubemx/CMakeFiles/STM32_Drivers.dir/__/__/Drivers/STM32F4xx_HAL_Driver/Src/stm32f4xx_hal_gpio.c.obj
 .debug_abbrev  0x00000c78      0x1cf cmake/stm32cubemx/CMakeFiles/STM32_Drivers.dir/__/__/Drivers/STM32F4xx_HAL_Driver/Src/stm32f4xx_hal_pwr_ex.c.obj
 .debug_abbrev  0x00000e47      0x31d cmake/stm32cubemx/CMakeFiles/STM32_Drivers.dir/__/__/Drivers/STM32F4xx_HAL_Driver/Src/stm32f4xx_hal_cortex.c.obj
 .debug_abbrev  0x00001164      0x214 cmake/stm32cubemx/CMakeFiles/STM32_Drivers.dir/__/__/Drivers/STM32F4xx_HAL_Driver/Src/stm32f4xx_hal.c.obj
 .debug_abbrev  0x00001378      0x278 cmake/stm32cubemx/CMakeFiles/STM32_Drivers.dir/__/__/Drivers/STM32F4xx_HAL_Driver/Src/stm32f4xx_hal_tim.c.obj
 .debug_abbrev  0x000015f0      0x283 cmake/stm32cubemx/CMakeFiles/STM32_Drivers.dir/__/__/Drivers/STM32F4xx_HAL_Driver/Src/stm32f4xx_hal_tim_ex.c.obj
 .debug_abbrev  0x00001873      0x1e8 CMakeFiles/FOC_IMP.dir/Core/Src/app/state_machine.c.obj
 .debug_abbrev  0x00001a5b      0x125 CMakeFiles/FOC_IMP.dir/Core/Src/core/foc_math.c.obj
 .debug_abbrev  0x00001b80       0xf4 CMakeFiles/FOC_IMP.dir/Core/Src/core/pid.c.obj
 .debug_abbrev  0x00001c74      0x1ec CMakeFiles/FOC_IMP.dir/Core/Src/hw/hw_adc.c.obj
 .debug_abbrev  0x00001e60      0x18d CMakeFiles/FOC_IMP.dir/Core/Src/hw/hw_pwm.c.obj
 .debug_abbrev  0x00001fed      0x1f4 CMakeFiles/FOC_IMP.dir/Core/Src/hw/hw_hall_sensor.c.obj
 .debug_abbrev  0x000021e1      0x1f7 CMakeFiles/FOC_IMP.dir/Core/Src/app/motor_control.c.obj
 .debug_abbrev  0x000023d8       0xe4 CMakeFiles/FOC_IMP.dir/Core/Src/core/hall_pll.c.obj
 .debug_abbrev  0x000024bc      0x100 CMakeFiles/FOC_IMP.dir/Core/Src/core/spwm.c.obj
 .debug_abbrev  0x000025bc      0x2c9 CMakeFiles/FOC_IMP.dir/Core/Src/main.c.obj
 .debug_abbrev  0x00002885      0x1a8 CMakeFiles/FOC_IMP.dir/Core/Src/stm32f4xx_it.c.obj
 .debug_abbrev  0x00002a2d      0x24d CMakeFiles/FOC_IMP.dir/Core/Src/stm32f4xx_hal_msp.c.obj
 .debug_abbrev  0x00002c7a       0x24 CMakeFiles/FOC_IMP.dir/startup_stm32f446xx.s.obj
 .debug_abbrev  0x00002c9e       0xc6 CMakeFiles/FOC_IMP.dir/Drivers/CMSIS/DSP/Source/FastMathFunctions/arm_sin_f32.c.obj
 .debug_abbrev  0x00002d64       0xc6 CMakeFiles/FOC_IMP.dir/Drivers/CMSIS/DSP/Source/FastMathFunctions/arm_cos_f32.c.obj
 .debug_abbrev  0x00002e2a       0xc2 CMakeFiles/FOC_IMP.dir/Drivers/CMSIS/DSP/Source/CommonTables/arm_common_tables.c.obj

.debug_aranges  0x00000000      0xe28
 .debug_aranges
                0x00000000       0x28 cmake/stm32cubemx/CMakeFiles/STM32_Drivers.dir/__/__/Core/Src/system_stm32f4xx.c.obj
 .debug_aranges
                0x00000028       0xe8 cmake/stm32cubemx/CMakeFiles/STM32_Drivers.dir/__/__/Drivers/STM32F4xx_HAL_Driver/Src/stm32f4xx_hal_adc.c.obj
 .debug_aranges
                0x00000110       0x90 cmake/stm32cubemx/CMakeFiles/STM32_Drivers.dir/__/__/Drivers/STM32F4xx_HAL_Driver/Src/stm32f4xx_hal_adc_ex.c.obj
 .debug_aranges
                0x000001a0       0x88 cmake/stm32cubemx/CMakeFiles/STM32_Drivers.dir/__/__/Drivers/STM32F4xx_HAL_Driver/Src/stm32f4xx_hal_rcc.c.obj
 .debug_aranges
                0x00000228       0x78 cmake/stm32cubemx/CMakeFiles/STM32_Drivers.dir/__/__/Drivers/STM32F4xx_HAL_Driver/Src/stm32f4xx_hal_rcc_ex.c.obj
 .debug_aranges
                0x000002a0       0x58 cmake/stm32cubemx/CMakeFiles/STM32_Drivers.dir/__/__/Drivers/STM32F4xx_HAL_Driver/Src/stm32f4xx_hal_gpio.c.obj
 .debug_aranges
                0x000002f8       0x60 cmake/stm32cubemx/CMakeFiles/STM32_Drivers.dir/__/__/Drivers/STM32F4xx_HAL_Driver/Src/stm32f4xx_hal_pwr_ex.c.obj
 .debug_aranges
                0x00000358      0x130 cmake/stm32cubemx/CMakeFiles/STM32_Drivers.dir/__/__/Drivers/STM32F4xx_HAL_Driver/Src/stm32f4xx_hal_cortex.c.obj
 .debug_aranges
                0x00000488       0xf0 cmake/stm32cubemx/CMakeFiles/STM32_Drivers.dir/__/__/Drivers/STM32F4xx_HAL_Driver/Src/stm32f4xx_hal.c.obj
 .debug_aranges
                0x00000578      0x3d0 cmake/stm32cubemx/CMakeFiles/STM32_Drivers.dir/__/__/Drivers/STM32F4xx_HAL_Driver/Src/stm32f4xx_hal_tim.c.obj
 .debug_aranges
                0x00000948      0x168 cmake/stm32cubemx/CMakeFiles/STM32_Drivers.dir/__/__/Drivers/STM32F4xx_HAL_Driver/Src/stm32f4xx_hal_tim_ex.c.obj
 .debug_aranges
                0x00000ab0       0x38 CMakeFiles/FOC_IMP.dir/Core/Src/app/state_machine.c.obj
 .debug_aranges
                0x00000ae8       0x38 CMakeFiles/FOC_IMP.dir/Core/Src/core/foc_math.c.obj
 .debug_aranges
                0x00000b20       0x30 CMakeFiles/FOC_IMP.dir/Core/Src/core/pid.c.obj
 .debug_aranges
                0x00000b50       0x28 CMakeFiles/FOC_IMP.dir/Core/Src/hw/hw_adc.c.obj
 .debug_aranges
                0x00000b78       0x20 CMakeFiles/FOC_IMP.dir/Core/Src/hw/hw_pwm.c.obj
 .debug_aranges
                0x00000b98       0x40 CMakeFiles/FOC_IMP.dir/Core/Src/hw/hw_hall_sensor.c.obj
 .debug_aranges
                0x00000bd8       0x50 CMakeFiles/FOC_IMP.dir/Core/Src/app/motor_control.c.obj
 .debug_aranges
                0x00000c28       0x30 CMakeFiles/FOC_IMP.dir/Core/Src/core/hall_pll.c.obj
 .debug_aranges
                0x00000c58       0x20 CMakeFiles/FOC_IMP.dir/Core/Src/core/spwm.c.obj
 .debug_aranges
                0x00000c78       0x68 CMakeFiles/FOC_IMP.dir/Core/Src/main.c.obj
 .debug_aranges
                0x00000ce0       0x70 CMakeFiles/FOC_IMP.dir/Core/Src/stm32f4xx_it.c.obj
 .debug_aranges
                0x00000d50       0x58 CMakeFiles/FOC_IMP.dir/Core/Src/stm32f4xx_hal_msp.c.obj
 .debug_aranges
                0x00000da8       0x28 CMakeFiles/FOC_IMP.dir/startup_stm32f446xx.s.obj
 .debug_aranges
                0x00000dd0       0x20 CMakeFiles/FOC_IMP.dir/Drivers/CMSIS/DSP/Source/FastMathFunctions/arm_sin_f32.c.obj
 .debug_aranges
                0x00000df0       0x20 CMakeFiles/FOC_IMP.dir/Drivers/CMSIS/DSP/Source/FastMathFunctions/arm_cos_f32.c.obj
 .debug_aranges
                0x00000e10       0x18 CMakeFiles/FOC_IMP.dir/Drivers/CMSIS/DSP/Source/CommonTables/arm_common_tables.c.obj

.debug_rnglists
                0x00000000      0xab7
 .debug_rnglists
                0x00000000       0x1a cmake/stm32cubemx/CMakeFiles/STM32_Drivers.dir/__/__/Core/Src/system_stm32f4xx.c.obj
 .debug_rnglists
                0x0000001a       0xb5 cmake/stm32cubemx/CMakeFiles/STM32_Drivers.dir/__/__/Drivers/STM32F4xx_HAL_Driver/Src/stm32f4xx_hal_adc.c.obj
 .debug_rnglists
                0x000000cf       0x71 cmake/stm32cubemx/CMakeFiles/STM32_Drivers.dir/__/__/Drivers/STM32F4xx_HAL_Driver/Src/stm32f4xx_hal_adc_ex.c.obj
 .debug_rnglists
                0x00000140       0x66 cmake/stm32cubemx/CMakeFiles/STM32_Drivers.dir/__/__/Drivers/STM32F4xx_HAL_Driver/Src/stm32f4xx_hal_rcc.c.obj
 .debug_rnglists
                0x000001a6       0x5e cmake/stm32cubemx/CMakeFiles/STM32_Drivers.dir/__/__/Drivers/STM32F4xx_HAL_Driver/Src/stm32f4xx_hal_rcc_ex.c.obj
 .debug_rnglists
                0x00000204       0x3f cmake/stm32cubemx/CMakeFiles/STM32_Drivers.dir/__/__/Drivers/STM32F4xx_HAL_Driver/Src/stm32f4xx_hal_gpio.c.obj
 .debug_rnglists
                0x00000243       0x47 cmake/stm32cubemx/CMakeFiles/STM32_Drivers.dir/__/__/Drivers/STM32F4xx_HAL_Driver/Src/stm32f4xx_hal_pwr_ex.c.obj
 .debug_rnglists
                0x0000028a       0xe0 cmake/stm32cubemx/CMakeFiles/STM32_Drivers.dir/__/__/Drivers/STM32F4xx_HAL_Driver/Src/stm32f4xx_hal_cortex.c.obj
 .debug_rnglists
                0x0000036a       0xaf cmake/stm32cubemx/CMakeFiles/STM32_Drivers.dir/__/__/Drivers/STM32F4xx_HAL_Driver/Src/stm32f4xx_hal.c.obj
 .debug_rnglists
                0x00000419      0x31a cmake/stm32cubemx/CMakeFiles/STM32_Drivers.dir/__/__/Drivers/STM32F4xx_HAL_Driver/Src/stm32f4xx_hal_tim.c.obj
 .debug_rnglists
                0x00000733      0x125 cmake/stm32cubemx/CMakeFiles/STM32_Drivers.dir/__/__/Drivers/STM32F4xx_HAL_Driver/Src/stm32f4xx_hal_tim_ex.c.obj
 .debug_rnglists
                0x00000858       0x26 CMakeFiles/FOC_IMP.dir/Core/Src/app/state_machine.c.obj
 .debug_rnglists
                0x0000087e       0x25 CMakeFiles/FOC_IMP.dir/Core/Src/core/foc_math.c.obj
 .debug_rnglists
                0x000008a3       0x20 CMakeFiles/FOC_IMP.dir/Core/Src/core/pid.c.obj
 .debug_rnglists
                0x000008c3       0x1a CMakeFiles/FOC_IMP.dir/Core/Src/hw/hw_adc.c.obj
 .debug_rnglists
                0x000008dd       0x13 CMakeFiles/FOC_IMP.dir/Core/Src/hw/hw_pwm.c.obj
 .debug_rnglists
                0x000008f0       0x3a CMakeFiles/FOC_IMP.dir/Core/Src/hw/hw_hall_sensor.c.obj
 .debug_rnglists
                0x0000092a       0x39 CMakeFiles/FOC_IMP.dir/Core/Src/app/motor_control.c.obj
 .debug_rnglists
                0x00000963       0x20 CMakeFiles/FOC_IMP.dir/Core/Src/core/hall_pll.c.obj
 .debug_rnglists
                0x00000983       0x14 CMakeFiles/FOC_IMP.dir/Core/Src/core/spwm.c.obj
 .debug_rnglists
                0x00000997       0x50 CMakeFiles/FOC_IMP.dir/Core/Src/main.c.obj
 .debug_rnglists
                0x000009e7       0x4f CMakeFiles/FOC_IMP.dir/Core/Src/stm32f4xx_it.c.obj
 .debug_rnglists
                0x00000a36       0x40 CMakeFiles/FOC_IMP.dir/Core/Src/stm32f4xx_hal_msp.c.obj
 .debug_rnglists
                0x00000a76       0x19 CMakeFiles/FOC_IMP.dir/startup_stm32f446xx.s.obj
 .debug_rnglists
                0x00000a8f       0x14 CMakeFiles/FOC_IMP.dir/Drivers/CMSIS/DSP/Source/FastMathFunctions/arm_sin_f32.c.obj
 .debug_rnglists
                0x00000aa3       0x14 CMakeFiles/FOC_IMP.dir/Drivers/CMSIS/DSP/Source/FastMathFunctions/arm_cos_f32.c.obj

.debug_macro    0x00000000    0x260ce
 .debug_macro   0x00000000      0x1ec cmake/stm32cubemx/CMakeFiles/STM32_Drivers.dir/__/__/Core/Src/system_stm32f4xx.c.obj
 .debug_macro   0x000001ec      0xad8 cmake/stm32cubemx/CMakeFiles/STM32_Drivers.dir/__/__/Core/Src/system_stm32f4xx.c.obj
 .debug_macro   0x00000cc4       0x2e cmake/stm32cubemx/CMakeFiles/STM32_Drivers.dir/__/__/Core/Src/system_stm32f4xx.c.obj
 .debug_macro   0x00000cf2       0x28 cmake/stm32cubemx/CMakeFiles/STM32_Drivers.dir/__/__/Core/Src/system_stm32f4xx.c.obj
 .debug_macro   0x00000d1a       0x22 cmake/stm32cubemx/CMakeFiles/STM32_Drivers.dir/__/__/Core/Src/system_stm32f4xx.c.obj
 .debug_macro   0x00000d3c       0x8e cmake/stm32cubemx/CMakeFiles/STM32_Drivers.dir/__/__/Core/Src/system_stm32f4xx.c.obj
 .debug_macro   0x00000dca       0x51 cmake/stm32cubemx/CMakeFiles/STM32_Drivers.dir/__/__/Core/Src/system_stm32f4xx.c.obj
 .debug_macro   0x00000e1b      0x103 cmake/stm32cubemx/CMakeFiles/STM32_Drivers.dir/__/__/Core/Src/system_stm32f4xx.c.obj
 .debug_macro   0x00000f1e       0x6a cmake/stm32cubemx/CMakeFiles/STM32_Drivers.dir/__/__/Core/Src/system_stm32f4xx.c.obj
 .debug_macro   0x00000f88      0x1df cmake/stm32cubemx/CMakeFiles/STM32_Drivers.dir/__/__/Core/Src/system_stm32f4xx.c.obj
 .debug_macro   0x00001167       0x1c cmake/stm32cubemx/CMakeFiles/STM32_Drivers.dir/__/__/Core/Src/system_stm32f4xx.c.obj
 .debug_macro   0x00001183       0x22 cmake/stm32cubemx/CMakeFiles/STM32_Drivers.dir/__/__/Core/Src/system_stm32f4xx.c.obj
 .debug_macro   0x000011a5       0xfb cmake/stm32cubemx/CMakeFiles/STM32_Drivers.dir/__/__/Core/Src/system_stm32f4xx.c.obj
 .debug_macro   0x000012a0     0x1011 cmake/stm32cubemx/CMakeFiles/STM32_Drivers.dir/__/__/Core/Src/system_stm32f4xx.c.obj
 .debug_macro   0x000022b1      0x11f cmake/stm32cubemx/CMakeFiles/STM32_Drivers.dir/__/__/Core/Src/system_stm32f4xx.c.obj
 .debug_macro   0x000023d0    0x1675e cmake/stm32cubemx/CMakeFiles/STM32_Drivers.dir/__/__/Core/Src/system_stm32f4xx.c.obj
 .debug_macro   0x00018b2e       0x6d cmake/stm32cubemx/CMakeFiles/STM32_Drivers.dir/__/__/Core/Src/system_stm32f4xx.c.obj
 .debug_macro   0x00018b9b      0x29b cmake/stm32cubemx/CMakeFiles/STM32_Drivers.dir/__/__/Core/Src/system_stm32f4xx.c.obj
 .debug_macro   0x00018e36     0x3693 cmake/stm32cubemx/CMakeFiles/STM32_Drivers.dir/__/__/Core/Src/system_stm32f4xx.c.obj
 .debug_macro   0x0001c4c9      0x190 cmake/stm32cubemx/CMakeFiles/STM32_Drivers.dir/__/__/Core/Src/system_stm32f4xx.c.obj
 .debug_macro   0x0001c659       0x5c cmake/stm32cubemx/CMakeFiles/STM32_Drivers.dir/__/__/Core/Src/system_stm32f4xx.c.obj
 .debug_macro   0x0001c6b5      0xca5 cmake/stm32cubemx/CMakeFiles/STM32_Drivers.dir/__/__/Core/Src/system_stm32f4xx.c.obj
 .debug_macro   0x0001d35a      0x9e9 cmake/stm32cubemx/CMakeFiles/STM32_Drivers.dir/__/__/Core/Src/system_stm32f4xx.c.obj
 .debug_macro   0x0001dd43      0x115 cmake/stm32cubemx/CMakeFiles/STM32_Drivers.dir/__/__/Core/Src/system_stm32f4xx.c.obj
 .debug_macro   0x0001de58      0x1a0 cmake/stm32cubemx/CMakeFiles/STM32_Drivers.dir/__/__/Core/Src/system_stm32f4xx.c.obj
 .debug_macro   0x0001dff8       0xa5 cmake/stm32cubemx/CMakeFiles/STM32_Drivers.dir/__/__/Core/Src/system_stm32f4xx.c.obj
 .debug_macro   0x0001e09d      0x16d cmake/stm32cubemx/CMakeFiles/STM32_Drivers.dir/__/__/Core/Src/system_stm32f4xx.c.obj
 .debug_macro   0x0001e20a      0x287 cmake/stm32cubemx/CMakeFiles/STM32_Drivers.dir/__/__/Core/Src/system_stm32f4xx.c.obj
 .debug_macro   0x0001e491       0x5f cmake/stm32cubemx/CMakeFiles/STM32_Drivers.dir/__/__/Core/Src/system_stm32f4xx.c.obj
 .debug_macro   0x0001e4f0      0x236 cmake/stm32cubemx/CMakeFiles/STM32_Drivers.dir/__/__/Core/Src/system_stm32f4xx.c.obj
 .debug_macro   0x0001e726      0xb5b cmake/stm32cubemx/CMakeFiles/STM32_Drivers.dir/__/__/Core/Src/system_stm32f4xx.c.obj
 .debug_macro   0x0001f281      0x38b cmake/stm32cubemx/CMakeFiles/STM32_Drivers.dir/__/__/Core/Src/system_stm32f4xx.c.obj
 .debug_macro   0x0001f60c      0x17d cmake/stm32cubemx/CMakeFiles/STM32_Drivers.dir/__/__/Core/Src/system_stm32f4xx.c.obj
 .debug_macro   0x0001f789       0xf9 cmake/stm32cubemx/CMakeFiles/STM32_Drivers.dir/__/__/Core/Src/system_stm32f4xx.c.obj
 .debug_macro   0x0001f882      0x132 cmake/stm32cubemx/CMakeFiles/STM32_Drivers.dir/__/__/Core/Src/system_stm32f4xx.c.obj
 .debug_macro   0x0001f9b4      0x29c cmake/stm32cubemx/CMakeFiles/STM32_Drivers.dir/__/__/Core/Src/system_stm32f4xx.c.obj
 .debug_macro   0x0001fc50       0x2e cmake/stm32cubemx/CMakeFiles/STM32_Drivers.dir/__/__/Core/Src/system_stm32f4xx.c.obj
 .debug_macro   0x0001fc7e      0x127 cmake/stm32cubemx/CMakeFiles/STM32_Drivers.dir/__/__/Core/Src/system_stm32f4xx.c.obj
 .debug_macro   0x0001fda5       0xe8 cmake/stm32cubemx/CMakeFiles/STM32_Drivers.dir/__/__/Core/Src/system_stm32f4xx.c.obj
 .debug_macro   0x0001fe8d       0x89 cmake/stm32cubemx/CMakeFiles/STM32_Drivers.dir/__/__/Core/Src/system_stm32f4xx.c.obj
 .debug_macro   0x0001ff16      0x8ed cmake/stm32cubemx/CMakeFiles/STM32_Drivers.dir/__/__/Core/Src/system_stm32f4xx.c.obj
 .debug_macro   0x00020803       0x53 cmake/stm32cubemx/CMakeFiles/STM32_Drivers.dir/__/__/Core/Src/system_stm32f4xx.c.obj
 .debug_macro   0x00020856      0x126 cmake/stm32cubemx/CMakeFiles/STM32_Drivers.dir/__/__/Core/Src/system_stm32f4xx.c.obj
 .debug_macro   0x0002097c      0x1ed cmake/stm32cubemx/CMakeFiles/STM32_Drivers.dir/__/__/Drivers/STM32F4xx_HAL_Driver/Src/stm32f4xx_hal_adc.c.obj
 .debug_macro   0x00020b69      0x1ec cmake/stm32cubemx/CMakeFiles/STM32_Drivers.dir/__/__/Drivers/STM32F4xx_HAL_Driver/Src/stm32f4xx_hal_adc_ex.c.obj
 .debug_macro   0x00020d55      0x210 cmake/stm32cubemx/CMakeFiles/STM32_Drivers.dir/__/__/Drivers/STM32F4xx_HAL_Driver/Src/stm32f4xx_hal_rcc.c.obj
 .debug_macro   0x00020f65      0x1ec cmake/stm32cubemx/CMakeFiles/STM32_Drivers.dir/__/__/Drivers/STM32F4xx_HAL_Driver/Src/stm32f4xx_hal_rcc_ex.c.obj
 .debug_macro   0x00021151      0x1f2 cmake/stm32cubemx/CMakeFiles/STM32_Drivers.dir/__/__/Drivers/STM32F4xx_HAL_Driver/Src/stm32f4xx_hal_gpio.c.obj
 .debug_macro   0x00021343      0x204 cmake/stm32cubemx/CMakeFiles/STM32_Drivers.dir/__/__/Drivers/STM32F4xx_HAL_Driver/Src/stm32f4xx_hal_pwr_ex.c.obj
 .debug_macro   0x00021547      0x1ec cmake/stm32cubemx/CMakeFiles/STM32_Drivers.dir/__/__/Drivers/STM32F4xx_HAL_Driver/Src/stm32f4xx_hal_cortex.c.obj
 .debug_macro   0x00021733      0x24c cmake/stm32cubemx/CMakeFiles/STM32_Drivers.dir/__/__/Drivers/STM32F4xx_HAL_Driver/Src/stm32f4xx_hal.c.obj
 .debug_macro   0x0002197f      0x1ed cmake/stm32cubemx/CMakeFiles/STM32_Drivers.dir/__/__/Drivers/STM32F4xx_HAL_Driver/Src/stm32f4xx_hal_tim.c.obj
 .debug_macro   0x00021b6c      0x1ec cmake/stm32cubemx/CMakeFiles/STM32_Drivers.dir/__/__/Drivers/STM32F4xx_HAL_Driver/Src/stm32f4xx_hal_tim_ex.c.obj
 .debug_macro   0x00021d58      0x460 CMakeFiles/FOC_IMP.dir/Core/Src/app/state_machine.c.obj
 .debug_macro   0x000221b8      0xade CMakeFiles/FOC_IMP.dir/Core/Src/app/state_machine.c.obj
 .debug_macro   0x00022c96       0x40 CMakeFiles/FOC_IMP.dir/Core/Src/app/state_machine.c.obj
 .debug_macro   0x00022cd6       0x7b CMakeFiles/FOC_IMP.dir/Core/Src/app/state_machine.c.obj
 .debug_macro   0x00022d51       0x2a CMakeFiles/FOC_IMP.dir/Core/Src/app/state_machine.c.obj
 .debug_macro   0x00022d7b       0x3c CMakeFiles/FOC_IMP.dir/Core/Src/app/state_machine.c.obj
 .debug_macro   0x00022db7       0x34 CMakeFiles/FOC_IMP.dir/Core/Src/app/state_machine.c.obj
 .debug_macro   0x00022deb      0x364 CMakeFiles/FOC_IMP.dir/Core/Src/app/state_machine.c.obj
 .debug_macro   0x0002314f       0x16 CMakeFiles/FOC_IMP.dir/Core/Src/app/state_machine.c.obj
 .debug_macro   0x00023165       0x4a CMakeFiles/FOC_IMP.dir/Core/Src/app/state_machine.c.obj
 .debug_macro   0x000231af       0x34 CMakeFiles/FOC_IMP.dir/Core/Src/app/state_machine.c.obj
 .debug_macro   0x000231e3       0x10 CMakeFiles/FOC_IMP.dir/Core/Src/app/state_machine.c.obj
 .debug_macro   0x000231f3       0x58 CMakeFiles/FOC_IMP.dir/Core/Src/app/state_machine.c.obj
 .debug_macro   0x0002324b      0x1e5 CMakeFiles/FOC_IMP.dir/Core/Src/app/state_machine.c.obj
 .debug_macro   0x00023430       0x10 CMakeFiles/FOC_IMP.dir/Core/Src/app/state_machine.c.obj
 .debug_macro   0x00023440       0x3c CMakeFiles/FOC_IMP.dir/Core/Src/app/state_machine.c.obj
 .debug_macro   0x0002347c      0x19b CMakeFiles/FOC_IMP.dir/Core/Src/app/state_machine.c.obj
 .debug_macro   0x00023617      0x201 CMakeFiles/FOC_IMP.dir/Core/Src/app/state_machine.c.obj
 .debug_macro   0x00023818       0x7c CMakeFiles/FOC_IMP.dir/Core/Src/app/state_machine.c.obj
 .debug_macro   0x00023894       0x17 CMakeFiles/FOC_IMP.dir/Core/Src/app/state_machine.c.obj
 .debug_macro   0x000238ab      0x118 CMakeFiles/FOC_IMP.dir/Core/Src/app/state_machine.c.obj
 .debug_macro   0x000239c3       0xb9 CMakeFiles/FOC_IMP.dir/Core/Src/app/state_machine.c.obj
 .debug_macro   0x00023a7c       0x42 CMakeFiles/FOC_IMP.dir/Core/Src/app/state_machine.c.obj
 .debug_macro   0x00023abe       0x35 CMakeFiles/FOC_IMP.dir/Core/Src/app/state_machine.c.obj
 .debug_macro   0x00023af3       0x1c CMakeFiles/FOC_IMP.dir/Core/Src/app/state_machine.c.obj
 .debug_macro   0x00023b0f       0x22 CMakeFiles/FOC_IMP.dir/Core/Src/app/state_machine.c.obj
 .debug_macro   0x00023b31       0x16 CMakeFiles/FOC_IMP.dir/Core/Src/app/state_machine.c.obj
 .debug_macro   0x00023b47       0x10 CMakeFiles/FOC_IMP.dir/Core/Src/app/state_machine.c.obj
 .debug_macro   0x00023b57       0x16 CMakeFiles/FOC_IMP.dir/Core/Src/app/state_machine.c.obj
 .debug_macro   0x00023b6d       0x10 CMakeFiles/FOC_IMP.dir/Core/Src/app/state_machine.c.obj
 .debug_macro   0x00023b7d       0x16 CMakeFiles/FOC_IMP.dir/Core/Src/app/state_machine.c.obj
 .debug_macro   0x00023b93      0x2ac CMakeFiles/FOC_IMP.dir/Core/Src/core/foc_math.c.obj
 .debug_macro   0x00023e3f       0x1b CMakeFiles/FOC_IMP.dir/Core/Src/core/pid.c.obj
 .debug_macro   0x00023e5a      0x44f CMakeFiles/FOC_IMP.dir/Core/Src/hw/hw_adc.c.obj
 .debug_macro   0x000242a9       0x10 CMakeFiles/FOC_IMP.dir/Core/Src/hw/hw_adc.c.obj
 .debug_macro   0x000242b9      0x43f CMakeFiles/FOC_IMP.dir/Core/Src/hw/hw_pwm.c.obj
 .debug_macro   0x000246f8      0x20a CMakeFiles/FOC_IMP.dir/Core/Src/hw/hw_hall_sensor.c.obj
 .debug_macro   0x00024902       0x10 CMakeFiles/FOC_IMP.dir/Core/Src/hw/hw_hall_sensor.c.obj
 .debug_macro   0x00024912      0x4b2 CMakeFiles/FOC_IMP.dir/Core/Src/app/motor_control.c.obj
 .debug_macro   0x00024dc4       0x1c CMakeFiles/FOC_IMP.dir/Core/Src/app/motor_control.c.obj
 .debug_macro   0x00024de0       0x10 CMakeFiles/FOC_IMP.dir/Core/Src/app/motor_control.c.obj
 .debug_macro   0x00024df0       0x7f CMakeFiles/FOC_IMP.dir/Core/Src/core/hall_pll.c.obj
 .debug_macro   0x00024e6f      0x2b6 CMakeFiles/FOC_IMP.dir/Core/Src/core/spwm.c.obj
 .debug_macro   0x00025125      0x460 CMakeFiles/FOC_IMP.dir/Core/Src/main.c.obj
 .debug_macro   0x00025585       0x16 CMakeFiles/FOC_IMP.dir/Core/Src/main.c.obj
 .debug_macro   0x0002559b       0x1c CMakeFiles/FOC_IMP.dir/Core/Src/main.c.obj
 .debug_macro   0x000255b7      0x205 CMakeFiles/FOC_IMP.dir/Core/Src/stm32f4xx_it.c.obj
 .debug_macro   0x000257bc      0x1fb CMakeFiles/FOC_IMP.dir/Core/Src/stm32f4xx_hal_msp.c.obj
 .debug_macro   0x000259b7      0x1ed CMakeFiles/FOC_IMP.dir/Drivers/CMSIS/DSP/Source/FastMathFunctions/arm_sin_f32.c.obj
 .debug_macro   0x00025ba4       0x3c CMakeFiles/FOC_IMP.dir/Drivers/CMSIS/DSP/Source/FastMathFunctions/arm_sin_f32.c.obj
 .debug_macro   0x00025be0       0x3b CMakeFiles/FOC_IMP.dir/Drivers/CMSIS/DSP/Source/FastMathFunctions/arm_sin_f32.c.obj
 .debug_macro   0x00025c1b       0x1c CMakeFiles/FOC_IMP.dir/Drivers/CMSIS/DSP/Source/FastMathFunctions/arm_sin_f32.c.obj
 .debug_macro   0x00025c37       0xc7 CMakeFiles/FOC_IMP.dir/Drivers/CMSIS/DSP/Source/FastMathFunctions/arm_sin_f32.c.obj
 .debug_macro   0x00025cfe      0x1ed CMakeFiles/FOC_IMP.dir/Drivers/CMSIS/DSP/Source/FastMathFunctions/arm_cos_f32.c.obj
 .debug_macro   0x00025eeb      0x1e3 CMakeFiles/FOC_IMP.dir/Drivers/CMSIS/DSP/Source/CommonTables/arm_common_tables.c.obj

.debug_line     0x00000000    0x1308b
 .debug_line    0x00000000      0x6b6 cmake/stm32cubemx/CMakeFiles/STM32_Drivers.dir/__/__/Core/Src/system_stm32f4xx.c.obj
 .debug_line    0x000006b6     0x1155 cmake/stm32cubemx/CMakeFiles/STM32_Drivers.dir/__/__/Drivers/STM32F4xx_HAL_Driver/Src/stm32f4xx_hal_adc.c.obj
 .debug_line    0x0000180b      0xd7d cmake/stm32cubemx/CMakeFiles/STM32_Drivers.dir/__/__/Drivers/STM32F4xx_HAL_Driver/Src/stm32f4xx_hal_adc_ex.c.obj
 .debug_line    0x00002588      0xd4d cmake/stm32cubemx/CMakeFiles/STM32_Drivers.dir/__/__/Drivers/STM32F4xx_HAL_Driver/Src/stm32f4xx_hal_rcc.c.obj
 .debug_line    0x000032d5     0x13fe cmake/stm32cubemx/CMakeFiles/STM32_Drivers.dir/__/__/Drivers/STM32F4xx_HAL_Driver/Src/stm32f4xx_hal_rcc_ex.c.obj
 .debug_line    0x000046d3      0xa76 cmake/stm32cubemx/CMakeFiles/STM32_Drivers.dir/__/__/Drivers/STM32F4xx_HAL_Driver/Src/stm32f4xx_hal_gpio.c.obj
 .debug_line    0x00005149      0x89f cmake/stm32cubemx/CMakeFiles/STM32_Drivers.dir/__/__/Drivers/STM32F4xx_HAL_Driver/Src/stm32f4xx_hal_pwr_ex.c.obj
 .debug_line    0x000059e8      0xc02 cmake/stm32cubemx/CMakeFiles/STM32_Drivers.dir/__/__/Drivers/STM32F4xx_HAL_Driver/Src/stm32f4xx_hal_cortex.c.obj
 .debug_line    0x000065ea      0x932 cmake/stm32cubemx/CMakeFiles/STM32_Drivers.dir/__/__/Drivers/STM32F4xx_HAL_Driver/Src/stm32f4xx_hal.c.obj
 .debug_line    0x00006f1c     0x36a7 cmake/stm32cubemx/CMakeFiles/STM32_Drivers.dir/__/__/Drivers/STM32F4xx_HAL_Driver/Src/stm32f4xx_hal_tim.c.obj
 .debug_line    0x0000a5c3     0x1892 cmake/stm32cubemx/CMakeFiles/STM32_Drivers.dir/__/__/Drivers/STM32F4xx_HAL_Driver/Src/stm32f4xx_hal_tim_ex.c.obj
 .debug_line    0x0000be55      0xb01 CMakeFiles/FOC_IMP.dir/Core/Src/app/state_machine.c.obj
 .debug_line    0x0000c956      0x6b7 CMakeFiles/FOC_IMP.dir/Core/Src/core/foc_math.c.obj
 .debug_line    0x0000d00d      0x152 CMakeFiles/FOC_IMP.dir/Core/Src/core/pid.c.obj
 .debug_line    0x0000d15f      0xac2 CMakeFiles/FOC_IMP.dir/Core/Src/hw/hw_adc.c.obj
 .debug_line    0x0000dc21      0xa2d CMakeFiles/FOC_IMP.dir/Core/Src/hw/hw_pwm.c.obj
 .debug_line    0x0000e64e      0x87b CMakeFiles/FOC_IMP.dir/Core/Src/hw/hw_hall_sensor.c.obj
 .debug_line    0x0000eec9      0xc8f CMakeFiles/FOC_IMP.dir/Core/Src/app/motor_control.c.obj
 .debug_line    0x0000fb58      0x32c CMakeFiles/FOC_IMP.dir/Core/Src/core/hall_pll.c.obj
 .debug_line    0x0000fe84      0x687 CMakeFiles/FOC_IMP.dir/Core/Src/core/spwm.c.obj
 .debug_line    0x0001050b      0xe31 CMakeFiles/FOC_IMP.dir/Core/Src/main.c.obj
 .debug_line    0x0001133c      0x720 CMakeFiles/FOC_IMP.dir/Core/Src/stm32f4xx_it.c.obj
 .debug_line    0x00011a5c      0x797 CMakeFiles/FOC_IMP.dir/Core/Src/stm32f4xx_hal_msp.c.obj
 .debug_line    0x000121f3       0x7a CMakeFiles/FOC_IMP.dir/startup_stm32f446xx.s.obj
 .debug_line    0x0001226d      0x4d2 CMakeFiles/FOC_IMP.dir/Drivers/CMSIS/DSP/Source/FastMathFunctions/arm_sin_f32.c.obj
 .debug_line    0x0001273f      0x4d5 CMakeFiles/FOC_IMP.dir/Drivers/CMSIS/DSP/Source/FastMathFunctions/arm_cos_f32.c.obj
 .debug_line    0x00012c14      0x477 CMakeFiles/FOC_IMP.dir/Drivers/CMSIS/DSP/Source/CommonTables/arm_common_tables.c.obj

.debug_str      0x00000000    0xdde61
 .debug_str     0x00000000    0xdde61 cmake/stm32cubemx/CMakeFiles/STM32_Drivers.dir/__/__/Core/Src/system_stm32f4xx.c.obj
                              0xd403a (size before relaxing)
 .debug_str     0x000dde61    0xd4602 cmake/stm32cubemx/CMakeFiles/STM32_Drivers.dir/__/__/Drivers/STM32F4xx_HAL_Driver/Src/stm32f4xx_hal_adc.c.obj
 .debug_str     0x000dde61    0xd4656 cmake/stm32cubemx/CMakeFiles/STM32_Drivers.dir/__/__/Drivers/STM32F4xx_HAL_Driver/Src/stm32f4xx_hal_adc_ex.c.obj
 .debug_str     0x000dde61    0xd4473 cmake/stm32cubemx/CMakeFiles/STM32_Drivers.dir/__/__/Drivers/STM32F4xx_HAL_Driver/Src/stm32f4xx_hal_rcc.c.obj
 .debug_str     0x000dde61    0xd44a6 cmake/stm32cubemx/CMakeFiles/STM32_Drivers.dir/__/__/Drivers/STM32F4xx_HAL_Driver/Src/stm32f4xx_hal_rcc_ex.c.obj
 .debug_str     0x000dde61    0xd41b5 cmake/stm32cubemx/CMakeFiles/STM32_Drivers.dir/__/__/Drivers/STM32F4xx_HAL_Driver/Src/stm32f4xx_hal_gpio.c.obj
 .debug_str     0x000dde61    0xd4212 cmake/stm32cubemx/CMakeFiles/STM32_Drivers.dir/__/__/Drivers/STM32F4xx_HAL_Driver/Src/stm32f4xx_hal_pwr_ex.c.obj
 .debug_str     0x000dde61    0xd4956 cmake/stm32cubemx/CMakeFiles/STM32_Drivers.dir/__/__/Drivers/STM32F4xx_HAL_Driver/Src/stm32f4xx_hal_cortex.c.obj
 .debug_str     0x000dde61    0xd4bff cmake/stm32cubemx/CMakeFiles/STM32_Drivers.dir/__/__/Drivers/STM32F4xx_HAL_Driver/Src/stm32f4xx_hal.c.obj
 .debug_str     0x000dde61    0xd539f cmake/stm32cubemx/CMakeFiles/STM32_Drivers.dir/__/__/Drivers/STM32F4xx_HAL_Driver/Src/stm32f4xx_hal_tim.c.obj
 .debug_str     0x000dde61    0xd4bab cmake/stm32cubemx/CMakeFiles/STM32_Drivers.dir/__/__/Drivers/STM32F4xx_HAL_Driver/Src/stm32f4xx_hal_tim_ex.c.obj
 .debug_str     0x000dde61    0xd8ecb CMakeFiles/FOC_IMP.dir/Core/Src/app/state_machine.c.obj
 .debug_str     0x000dde61     0x94bd CMakeFiles/FOC_IMP.dir/Core/Src/core/foc_math.c.obj
 .debug_str     0x000dde61     0x2f0c CMakeFiles/FOC_IMP.dir/Core/Src/core/pid.c.obj
 .debug_str     0x000dde61    0xd903f CMakeFiles/FOC_IMP.dir/Core/Src/hw/hw_adc.c.obj
 .debug_str     0x000dde61    0xd8db4 CMakeFiles/FOC_IMP.dir/Core/Src/hw/hw_pwm.c.obj
 .debug_str     0x000dde61    0xd466f CMakeFiles/FOC_IMP.dir/Core/Src/hw/hw_hall_sensor.c.obj
 .debug_str     0x000dde61    0xd8d4f CMakeFiles/FOC_IMP.dir/Core/Src/app/motor_control.c.obj
 .debug_str     0x000dde61     0x3e91 CMakeFiles/FOC_IMP.dir/Core/Src/core/hall_pll.c.obj
 .debug_str     0x000dde61     0x9478 CMakeFiles/FOC_IMP.dir/Core/Src/core/spwm.c.obj
 .debug_str     0x000dde61    0xd9910 CMakeFiles/FOC_IMP.dir/Core/Src/main.c.obj
 .debug_str     0x000dde61    0xd46e5 CMakeFiles/FOC_IMP.dir/Core/Src/stm32f4xx_it.c.obj
 .debug_str     0x000dde61    0xd4e18 CMakeFiles/FOC_IMP.dir/Core/Src/stm32f4xx_hal_msp.c.obj
 .debug_str     0x000dde61       0xa6 CMakeFiles/FOC_IMP.dir/startup_stm32f446xx.s.obj
 .debug_str     0x000dde61     0x98a7 CMakeFiles/FOC_IMP.dir/Drivers/CMSIS/DSP/Source/FastMathFunctions/arm_sin_f32.c.obj
 .debug_str     0x000dde61     0x98a7 CMakeFiles/FOC_IMP.dir/Drivers/CMSIS/DSP/Source/FastMathFunctions/arm_cos_f32.c.obj
 .debug_str     0x000dde61     0xa1da CMakeFiles/FOC_IMP.dir/Drivers/CMSIS/DSP/Source/CommonTables/arm_common_tables.c.obj

.debug_frame    0x00000000     0x3924
 .debug_frame   0x00000000       0x58 cmake/stm32cubemx/CMakeFiles/STM32_Drivers.dir/__/__/Core/Src/system_stm32f4xx.c.obj
 .debug_frame   0x00000058      0x3fc cmake/stm32cubemx/CMakeFiles/STM32_Drivers.dir/__/__/Drivers/STM32F4xx_HAL_Driver/Src/stm32f4xx_hal_adc.c.obj
 .debug_frame   0x00000454      0x250 cmake/stm32cubemx/CMakeFiles/STM32_Drivers.dir/__/__/Drivers/STM32F4xx_HAL_Driver/Src/stm32f4xx_hal_adc_ex.c.obj
 .debug_frame   0x000006a4      0x1f4 cmake/stm32cubemx/CMakeFiles/STM32_Drivers.dir/__/__/Drivers/STM32F4xx_HAL_Driver/Src/stm32f4xx_hal_rcc.c.obj
 .debug_frame   0x00000898      0x1e8 cmake/stm32cubemx/CMakeFiles/STM32_Drivers.dir/__/__/Drivers/STM32F4xx_HAL_Driver/Src/stm32f4xx_hal_rcc_ex.c.obj
 .debug_frame   0x00000a80      0x14c cmake/stm32cubemx/CMakeFiles/STM32_Drivers.dir/__/__/Drivers/STM32F4xx_HAL_Driver/Src/stm32f4xx_hal_gpio.c.obj
 .debug_frame   0x00000bcc      0x14c cmake/stm32cubemx/CMakeFiles/STM32_Drivers.dir/__/__/Drivers/STM32F4xx_HAL_Driver/Src/stm32f4xx_hal_pwr_ex.c.obj
 .debug_frame   0x00000d18      0x508 cmake/stm32cubemx/CMakeFiles/STM32_Drivers.dir/__/__/Drivers/STM32F4xx_HAL_Driver/Src/stm32f4xx_hal_cortex.c.obj
 .debug_frame   0x00001220      0x374 cmake/stm32cubemx/CMakeFiles/STM32_Drivers.dir/__/__/Drivers/STM32F4xx_HAL_Driver/Src/stm32f4xx_hal.c.obj
 .debug_frame   0x00001594     0x11c0 cmake/stm32cubemx/CMakeFiles/STM32_Drivers.dir/__/__/Drivers/STM32F4xx_HAL_Driver/Src/stm32f4xx_hal_tim.c.obj
 .debug_frame   0x00002754      0x638 cmake/stm32cubemx/CMakeFiles/STM32_Drivers.dir/__/__/Drivers/STM32F4xx_HAL_Driver/Src/stm32f4xx_hal_tim_ex.c.obj
 .debug_frame   0x00002d8c       0x94 CMakeFiles/FOC_IMP.dir/Core/Src/app/state_machine.c.obj
 .debug_frame   0x00002e20       0xa8 CMakeFiles/FOC_IMP.dir/Core/Src/core/foc_math.c.obj
 .debug_frame   0x00002ec8       0x88 CMakeFiles/FOC_IMP.dir/Core/Src/core/pid.c.obj
 .debug_frame   0x00002f50       0x5c CMakeFiles/FOC_IMP.dir/Core/Src/hw/hw_adc.c.obj
 .debug_frame   0x00002fac       0x38 CMakeFiles/FOC_IMP.dir/Core/Src/hw/hw_pwm.c.obj
 .debug_frame   0x00002fe4       0xc0 CMakeFiles/FOC_IMP.dir/Core/Src/hw/hw_hall_sensor.c.obj
 .debug_frame   0x000030a4      0x108 CMakeFiles/FOC_IMP.dir/Core/Src/app/motor_control.c.obj