Archive member included to satisfy reference by file (symbol)

C:/PROGRA~2/ARMGNU~1/142BCE~1.3RE/bin/../lib/gcc/arm-none-eabi/14.3.1/thumb/v7e-m+fp/hard\libgcc.a(_aeabi_uldivmod.o)
                              cmake/stm32cubemx/CMakeFiles/STM32_Drivers.dir/__/__/Drivers/STM32F4xx_HAL_Driver/Src/stm32f4xx_hal_rcc.c.obj (__aeabi_uldivmod)
C:/PROGRA~2/ARMGNU~1/142BCE~1.3RE/bin/../lib/gcc/arm-none-eabi/14.3.1/thumb/v7e-m+fp/hard\libgcc.a(_udivmoddi4.o)
                              C:/PROGRA~2/ARMGNU~1/142BCE~1.3RE/bin/../lib/gcc/arm-none-eabi/14.3.1/thumb/v7e-m+fp/hard\libgcc.a(_aeabi_uldivmod.o) (__udivmoddi4)
C:/PROGRA~2/ARMGNU~1/142BCE~1.3RE/bin/../lib/gcc/arm-none-eabi/14.3.1/thumb/v7e-m+fp/hard\libgcc.a(_dvmd_tls.o)
                              C:/PROGRA~2/ARMGNU~1/142BCE~1.3RE/bin/../lib/gcc/arm-none-eabi/14.3.1/thumb/v7e-m+fp/hard\libgcc.a(_aeabi_uldivmod.o) (__aeabi_ldiv0)
C:/PROGRA~2/ARMGNU~1/142BCE~1.3RE/bin/../lib/gcc/arm-none-eabi/14.3.1/../../../../arm-none-eabi/lib/thumb/v7e-m+fp/hard\libg_nano.a(libc_a-exit.o)
                              C:/PROGRA~2/ARMGNU~1/142BCE~1.3RE/bin/../lib/gcc/arm-none-eabi/14.3.1/../../../../arm-none-eabi/lib/thumb/v7e-m+fp/hard/crt0.o (exit)
C:/PROGRA~2/ARMGNU~1/142BCE~1.3RE/bin/../lib/gcc/arm-none-eabi/14.3.1/../../../../arm-none-eabi/lib/thumb/v7e-m+fp/hard\libg_nano.a(libc_a-findfp.o)
                              C:/PROGRA~2/ARMGNU~1/142BCE~1.3RE/bin/../lib/gcc/arm-none-eabi/14.3.1/../../../../arm-none-eabi/lib/thumb/v7e-m+fp/hard\libg_nano.a(libc_a-exit.o) (__stdio_exit_handler)
C:/PROGRA~2/ARMGNU~1/142BCE~1.3RE/bin/../lib/gcc/arm-none-eabi/14.3.1/../../../../arm-none-eabi/lib/thumb/v7e-m+fp/hard\libg_nano.a(libc_a-fwalk.o)
                              C:/PROGRA~2/ARMGNU~1/142BCE~1.3RE/bin/../lib/gcc/arm-none-eabi/14.3.1/../../../../arm-none-eabi/lib/thumb/v7e-m+fp/hard\libg_nano.a(libc_a-findfp.o) (_fwalk_sglue)
C:/PROGRA~2/ARMGNU~1/142BCE~1.3RE/bin/../lib/gcc/arm-none-eabi/14.3.1/../../../../arm-none-eabi/lib/thumb/v7e-m+fp/hard\libg_nano.a(libc_a-stdio.o)
                              C:/PROGRA~2/ARMGNU~1/142BCE~1.3RE/bin/../lib/gcc/arm-none-eabi/14.3.1/../../../../arm-none-eabi/lib/thumb/v7e-m+fp/hard\libg_nano.a(libc_a-findfp.o) (__sread)
C:/PROGRA~2/ARMGNU~1/142BCE~1.3RE/bin/../lib/gcc/arm-none-eabi/14.3.1/../../../../arm-none-eabi/lib/thumb/v7e-m+fp/hard\libg_nano.a(libc_a-memset.o)
                              C:/PROGRA~2/ARMGNU~1/142BCE~1.3RE/bin/../lib/gcc/arm-none-eabi/14.3.1/../../../../arm-none-eabi/lib/thumb/v7e-m+fp/hard/crt0.o (memset)
C:/PROGRA~2/ARMGNU~1/142BCE~1.3RE/bin/../lib/gcc/arm-none-eabi/14.3.1/../../../../arm-none-eabi/lib/thumb/v7e-m+fp/hard\libg_nano.a(libc_a-closer.o)
                              C:/PROGRA~2/ARMGNU~1/142BCE~1.3RE/bin/../lib/gcc/arm-none-eabi/14.3.1/../../../../arm-none-eabi/lib/thumb/v7e-m+fp/hard\libg_nano.a(libc_a-stdio.o) (_close_r)
C:/PROGRA~2/ARMGNU~1/142BCE~1.3RE/bin/../lib/gcc/arm-none-eabi/14.3.1/../../../../arm-none-eabi/lib/thumb/v7e-m+fp/hard\libg_nano.a(libc_a-reent.o)
                              C:/PROGRA~2/ARMGNU~1/142BCE~1.3RE/bin/../lib/gcc/arm-none-eabi/14.3.1/../../../../arm-none-eabi/lib/thumb/v7e-m+fp/hard\libg_nano.a(libc_a-closer.o) (errno)
C:/PROGRA~2/ARMGNU~1/142BCE~1.3RE/bin/../lib/gcc/arm-none-eabi/14.3.1/../../../../arm-none-eabi/lib/thumb/v7e-m+fp/hard\libg_nano.a(libc_a-impure.o)
                              C:/PROGRA~2/ARMGNU~1/142BCE~1.3RE/bin/../lib/gcc/arm-none-eabi/14.3.1/../../../../arm-none-eabi/lib/thumb/v7e-m+fp/hard\libg_nano.a(libc_a-reent.o) (_impure_ptr)
C:/PROGRA~2/ARMGNU~1/142BCE~1.3RE/bin/../lib/gcc/arm-none-eabi/14.3.1/../../../../arm-none-eabi/lib/thumb/v7e-m+fp/hard\libg_nano.a(libc_a-lseekr.o)
                              C:/PROGRA~2/ARMGNU~1/142BCE~1.3RE/bin/../lib/gcc/arm-none-eabi/14.3.1/../../../../arm-none-eabi/lib/thumb/v7e-m+fp/hard\libg_nano.a(libc_a-stdio.o) (_lseek_r)
C:/PROGRA~2/ARMGNU~1/142BCE~1.3RE/bin/../lib/gcc/arm-none-eabi/14.3.1/../../../../arm-none-eabi/lib/thumb/v7e-m+fp/hard\libg_nano.a(libc_a-readr.o)
                              C:/PROGRA~2/ARMGNU~1/142BCE~1.3RE/bin/../lib/gcc/arm-none-eabi/14.3.1/../../../../arm-none-eabi/lib/thumb/v7e-m+fp/hard\libg_nano.a(libc_a-stdio.o) (_read_r)
C:/PROGRA~2/ARMGNU~1/142BCE~1.3RE/bin/../lib/gcc/arm-none-eabi/14.3.1/../../../../arm-none-eabi/lib/thumb/v7e-m+fp/hard\libg_nano.a(libc_a-writer.o)
                              C:/PROGRA~2/ARMGNU~1/142BCE~1.3RE/bin/../lib/gcc/arm-none-eabi/14.3.1/../../../../arm-none-eabi/lib/thumb/v7e-m+fp/hard\libg_nano.a(libc_a-stdio.o) (_write_r)
C:/PROGRA~2/ARMGNU~1/142BCE~1.3RE/bin/../lib/gcc/arm-none-eabi/14.3.1/../../../../arm-none-eabi/lib/thumb/v7e-m+fp/hard\libg_nano.a(libc_a-errno.o)
                              CMakeFiles/FOC_IMP.dir/Core/Src/sysmem.c.obj (__errno)
C:/PROGRA~2/ARMGNU~1/142BCE~1.3RE/bin/../lib/gcc/arm-none-eabi/14.3.1/../../../../arm-none-eabi/lib/thumb/v7e-m+fp/hard\libg_nano.a(libc_a-init.o)
[...]
Memory Configuration

Name             Origin             Length             Attributes
RAM              0x20000000         0x00020000         xrw
FLASH            0x08000000         0x00080000         xr
*default*        0x00000000         0xffffffff

Linker script and memory map

LOAD C:/PROGRA~2/ARMGNU~1/142BCE~1.3RE/bin/../lib/gcc/arm-none-eabi/14.3.1/thumb/v7e-m+fp/hard/crti.o
LOAD C:/PROGRA~2/ARMGNU~1/142BCE~1.3RE/bin/../lib/gcc/arm-none-eabi/14.3.1/thumb/v7e-m+fp/hard/crtbegin.o
LOAD C:/PROGRA~2/ARMGNU~1/142BCE~1.3RE/bin/../lib/gcc/arm-none-eabi/14.3.1/../../../../arm-none-eabi/lib/thumb/v7e-m+fp/hard/crt0.o
LOAD cmake/stm32cubemx/CMakeFiles/STM32_Drivers.dir/__/__/Core/Src/system_stm32f4xx.c.obj
LOAD cmake/stm32cubemx/CMakeFiles/STM32_Drivers.dir/__/__/Drivers/STM32F4xx_HAL_Driver/Src/stm32f4xx_hal_adc.c.obj
LOAD cmake/stm32cubemx/CMakeFiles/STM32_Drivers.dir/__/__/Drivers/STM32F4xx_HAL_Driver/Src/stm32f4xx_hal_adc_ex.c.obj
LOAD cmake/stm32cubemx/CMakeFiles/STM32_Drivers.dir/__/__/Drivers/STM32F4xx_HAL_Driver/Src/stm32f4xx_ll_adc.c.obj
LOAD cmake/stm32cubemx/CMakeFiles/STM32_Drivers.dir/__/__/Drivers/STM32F4xx_HAL_Driver/Src/stm32f4xx_hal_rcc.c.obj
LOAD cmake/stm32cubemx/CMakeFiles/STM32_Drivers.dir/__/__/Drivers/STM32F4xx_HAL_Driver/Src/stm32f4xx_hal_rcc_ex.c.obj
LOAD cmake/stm32cubemx/CMakeFiles/STM32_Drivers.dir/__/__/Drivers/STM32F4xx_HAL_Driver/Src/stm32f4xx_hal_flash.c.obj
LOAD cmake/stm32cubemx/CMakeFiles/STM32_Drivers.dir/__/__/Drivers/STM32F4xx_HAL_Driver/Src/stm32f4xx_hal_flash_ex.c.obj
LOAD cmake/stm32cubemx/CMakeFiles/STM32_Drivers.dir/__/__/Drivers/STM32F4xx_HAL_Driver/Src/stm32f4xx_hal_flash_ramfunc.c.obj
LOAD cmake/stm32cubemx/CMakeFiles/STM32_Drivers.dir/__/__/Drivers/STM32F4xx_HAL_Driver/Src/stm32f4xx_hal_gpio.c.obj
LOAD cmake/stm32cubemx/CMakeFiles/STM32_Drivers.dir/__/__/Drivers/STM32F4xx_HAL_Driver/Src/stm32f4xx_hal_dma_ex.c.obj
LOAD cmake/stm32cubemx/CMakeFiles/STM32_Drivers.dir/__/__/Drivers/STM32F4xx_HAL_Driver/Src/stm32f4xx_hal_dma.c.obj
LOAD cmake/stm32cubemx/CMakeFiles/STM32_Drivers.dir/__/__/Drivers/STM32F4xx_HAL_Driver/Src/stm32f4xx_hal_pwr.c.obj
LOAD cmake/stm32cubemx/CMakeFiles/STM32_Drivers.dir/__/__/Drivers/STM32F4xx_HAL_Driver/Src/stm32f4xx_hal_pwr_ex.c.obj
LOAD cmake/stm32cubemx/CMakeFiles/STM32_Drivers.dir/__/__/Drivers/STM32F4xx_HAL_Driver/Src/stm32f4xx_hal_cortex.c.obj
LOAD cmake/stm32cubemx/CMakeFiles/STM32_Drivers.dir/__/__/Drivers/STM32F4xx_HAL_Driver/Src/stm32f4xx_hal.c.obj
LOAD cmake/stm32cubemx/CMakeFiles/STM32_Drivers.dir/__/__/Drivers/STM32F4xx_HAL_Driver/Src/stm32f4xx_hal_exti.c.obj
LOAD cmake/stm32cubemx/CMakeFiles/STM32_Drivers.dir/__/__/Drivers/STM32F4xx_HAL_Driver/Src/stm32f4xx_hal_tim.c.obj
LOAD cmake/stm32cubemx/CMakeFiles/STM32_Drivers.dir/__/__/Drivers/STM32F4xx_HAL_Driver/Src/stm32f4xx_hal_tim_ex.c.obj
LOAD CMakeFiles/FOC_IMP.dir/Core/Src/app/state_machine.c.obj
LOAD CMakeFiles/FOC_IMP.dir/Core/Src/core/foc_math.c.obj
LOAD CMakeFiles/FOC_IMP.dir/Core/Src/core/pid.c.obj
LOAD CMakeFiles/FOC_IMP.dir/Core/Src/hw/hw_adc.c.obj
LOAD CMakeFiles/FOC_IMP.dir/Core/Src/hw/hw_pwm.c.obj
LOAD CMakeFiles/FOC_IMP.dir/Core/Src/hw/hw_hall_sensor.c.obj
LOAD CMakeFiles/FOC_IMP.dir/Core/Src/app/motor_control.c.obj
LOAD CMakeFiles/FOC_IMP.dir/Core/Src/main.c.obj
LOAD CMakeFiles/FOC_IMP.dir/Core/Src/stm32f4xx_it.c.obj
LOAD CMakeFiles/FOC_IMP.dir/Core/Src/stm32f4xx_hal_msp.c.obj
LOAD CMakeFiles/FOC_IMP.dir/Core/Src/sysmem.c.obj
LOAD CMakeFiles/FOC_IMP.dir/Core/Src/syscalls.c.obj
LOAD CMakeFiles/FOC_IMP.dir/startup_stm32f446xx.s.obj
LOAD C:/PROGRA~2/ARMGNU~1/142BCE~1.3RE/bin/../lib/gcc/arm-none-eabi/14.3.1/../../../../arm-none-eabi/lib/thumb/v7e-m+fp/hard\libm.a
START GROUP
LOAD C:/PROGRA~2/ARMGNU~1/142BCE~1.3RE/bin/../lib/gcc/arm-none-eabi/14.3.1/thumb/v7e-m+fp/hard\libgcc.a
LOAD C:/PROGRA~2/ARMGNU~1/142BCE~1.3RE/bin/../lib/gcc/arm-none-eabi/14.3.1/../../../../arm-none-eabi/lib/thumb/v7e-m+fp/hard\libg_nano.a
LOAD C:/PROGRA~2/ARMGNU~1/142BCE~1.3RE/bin/../lib/gcc/arm-none-eabi/14.3.1/../../../../arm-none-eabi/lib/thumb/v7e-m+fp/hard\libc_nano.a
END GROUP
START GROUP
LOAD C:/PROGRA~2/ARMGNU~1/142BCE~1.3RE/bin/../lib/gcc/arm-none-eabi/14.3.1/thumb/v7e-m+fp/hard\libgcc.a
LOAD C:/PROGRA~2/ARMGNU~1/142BCE~1.3RE/bin/../lib/gcc/arm-none-eabi/14.3.1/../../../../arm-none-eabi/lib/thumb/v7e-m+fp/hard\libc_nano.a
END GROUP
LOAD C:/PROGRA~2/ARMGNU~1/142BCE~1.3RE/bin/../lib/gcc/arm-none-eabi/14.3.1/thumb/v7e-m+fp/hard/crtend.o
LOAD C:/PROGRA~2/ARMGNU~1/142BCE~1.3RE/bin/../lib/gcc/arm-none-eabi/14.3.1/thumb/v7e-m+fp/hard/crtn.o
                0x20020000                        _estack = (ORIGIN (RAM) + LENGTH (RAM))
                0x00000200                        _Min_Heap_Size = 0x200
                0x00000400                        _Min_Stack_Size = 0x400

.isr_vector     0x08000000      0x1c4
                0x08000000                        . = ALIGN (0x4)
 *(.isr_vector)
 .isr_vector    0x08000000      0x1c4 CMakeFiles/FOC_IMP.dir/startup_stm32f446xx.s.obj
                0x08000000                g_pfnVectors
                0x080001c4                        . = ALIGN (0x4)

.text           0x080001c4     0x4480
                0x080001c4                        . = ALIGN (0x4)
 *(.text)
 .text          0x080001c4       0x30 C:/PROGRA~2/ARMGNU~1/142BCE~1.3RE/bin/../lib/gcc/arm-none-eabi/14.3.1/thumb/v7e-m+fp/hard\libgcc.a(_aeabi_uldivmod.o)
                0x080001c4                __aeabi_uldivmod
 .text          0x080001f4        0x4 C:/PROGRA~2/ARMGNU~1/142BCE~1.3RE/bin/../lib/gcc/arm-none-eabi/14.3.1/thumb/v7e-m+fp/hard\libgcc.a(_dvmd_tls.o)
                0x080001f4                __aeabi_idiv0
                0x080001f4                __aeabi_ldiv0
 *(.text*)
 .text.deregister_tm_clones
                0x080001f8       0x1c C:/PROGRA~2/ARMGNU~1/142BCE~1.3RE/bin/../lib/gcc/arm-none-eabi/14.3.1/thumb/v7e-m+fp/hard/crtbegin.o
 .text.register_tm_clones
                0x08000214       0x24 C:/PROGRA~2/ARMGNU~1/142BCE~1.3RE/bin/../lib/gcc/arm-none-eabi/14.3.1/thumb/v7e-m+fp/hard/crtbegin.o
 .text.__do_global_dtors_aux
                0x08000238       0x28 C:/PROGRA~2/ARMGNU~1/142BCE~1.3RE/bin/../lib/gcc/arm-none-eabi/14.3.1/thumb/v7e-m+fp/hard/crtbegin.o
 .text.frame_dummy
                0x08000260       0x24 C:/PROGRA~2/ARMGNU~1/142BCE~1.3RE/bin/../lib/gcc/arm-none-eabi/14.3.1/thumb/v7e-m+fp/hard/crtbegin.o
 .text.SystemInit
                0x08000284       0x24 cmake/stm32cubemx/CMakeFiles/STM32_Drivers.dir/__/__/Core/Src/system_stm32f4xx.c.obj
                0x08000284                SystemInit
 .text.HAL_ADC_Init
                0x080002a8       0x86 cmake/stm32cubemx/CMakeFiles/STM32_Drivers.dir/__/__/Drivers/STM32F4xx_HAL_Driver/Src/stm32f4xx_hal_adc.c.obj
                0x080002a8                HAL_ADC_Init
 .text.HAL_ADC_IRQHandler
                0x0800032e      0x220 cmake/stm32cubemx/CMakeFiles/STM32_Drivers.dir/__/__/Drivers/STM32F4xx_HAL_Driver/Src/stm32f4xx_hal_adc.c.obj
                0x0800032e                HAL_ADC_IRQHandler
 .text.HAL_ADC_ConvCpltCallback
                0x0800054e       0x14 cmake/stm32cubemx/CMakeFiles/STM32_Drivers.dir/__/__/Drivers/STM32F4xx_HAL_Driver/Src/stm32f4xx_hal_adc.c.obj
                0x0800054e                HAL_ADC_ConvCpltCallback
 .text.HAL_ADC_LevelOutOfWindowCallback
                0x08000562       0x14 cmake/stm32cubemx/CMakeFiles/STM32_Drivers.dir/__/__/Drivers/STM32F4xx_HAL_Driver/Src/stm32f4xx_hal_adc.c.obj
                0x08000562                HAL_ADC_LevelOutOfWindowCallback
 .text.HAL_ADC_ErrorCallback
                0x08000576       0x14 cmake/stm32cubemx/CMakeFiles/STM32_Drivers.dir/__/__/Drivers/STM32F4xx_HAL_Driver/Src/stm32f4xx_hal_adc.c.obj
                0x08000576                HAL_ADC_ErrorCallback
 *fill*         0x0800058a        0x2 
 .text.HAL_ADC_ConfigChannel
                0x0800058c      0x264 cmake/stm32cubemx/CMakeFiles/STM32_Drivers.dir/__/__/Drivers/STM32F4xx_HAL_Driver/Src/stm32f4xx_hal_adc.c.obj
                0x0800058c                HAL_ADC_ConfigChannel
 .text.ADC_Init
                0x080007f0      0x1f8 cmake/stm32cubemx/CMakeFiles/STM32_Drivers.dir/__/__/Drivers/STM32F4xx_HAL_Driver/Src/stm32f4xx_hal_adc.c.obj
 .text.HAL_ADCEx_InjectedStart
                0x080009e8      0x194 cmake/stm32cubemx/CMakeFiles/STM32_Drivers.dir/__/__/Drivers/STM32F4xx_HAL_Driver/Src/stm32f4xx_hal_adc_ex.c.obj
                0x080009e8                HAL_ADCEx_InjectedStart
 .text.HAL_ADCEx_InjectedStop
                0x08000b7c       0x96 cmake/stm32cubemx/CMakeFiles/STM32_Drivers.dir/__/__/Drivers/STM32F4xx_HAL_Driver/Src/stm32f4xx_hal_adc_ex.c.obj
                0x08000b7c                HAL_ADCEx_InjectedStop
 .text.HAL_ADCEx_InjectedConvCpltCallback
                0x08000c12       0x14 cmake/stm32cubemx/CMakeFiles/STM32_Drivers.dir/__/__/Drivers/STM32F4xx_HAL_Driver/Src/stm32f4xx_hal_adc_ex.c.obj
                0x08000c12                HAL_ADCEx_InjectedConvCpltCallback
 *fill*         0x08000c26        0x2 
 .text.HAL_ADCEx_InjectedConfigChannel
                0x08000c28      0x334 cmake/stm32cubemx/CMakeFiles/STM32_Drivers.dir/__/__/Drivers/STM32F4xx_HAL_Driver/Src/stm32f4xx_hal_adc_ex.c.obj
                0x08000c28                HAL_ADCEx_InjectedConfigChannel
 .text.HAL_ADCEx_MultiModeConfigChannel
                0x08000f5c       0x8c cmake/stm32cubemx/CMakeFiles/STM32_Drivers.dir/__/__/Drivers/STM32F4xx_HAL_Driver/Src/stm32f4xx_hal_adc_ex.c.obj
                0x08000f5c                HAL_ADCEx_MultiModeConfigChannel
 .text.HAL_RCC_ClockConfig
                0x08000fe8      0x1cc cmake/stm32cubemx/CMakeFiles/STM32_Drivers.dir/__/__/Drivers/STM32F4xx_HAL_Driver/Src/stm32f4xx_hal_rcc.c.obj
                0x08000fe8                HAL_RCC_ClockConfig
 .text.HAL_RCC_GetSysClockFreq
                0x080011b4      0x460 cmake/stm32cubemx/CMakeFiles/STM32_Drivers.dir/__/__/Drivers/STM32F4xx_HAL_Driver/Src/stm32f4xx_hal_rcc_ex.c.obj
                0x080011b4                HAL_RCC_GetSysClockFreq
 .text.HAL_RCC_OscConfig
                0x08001614      0x53c cmake/stm32cubemx/CMakeFiles/STM32_Drivers.dir/__/__/Drivers/STM32F4xx_HAL_Driver/Src/stm32f4xx_hal_rcc_ex.c.obj
                0x08001614                HAL_RCC_OscConfig
 .text.HAL_GPIO_Init
                0x08001b50      0x328 cmake/stm32cubemx/CMakeFiles/STM32_Drivers.dir/__/__/Drivers/STM32F4xx_HAL_Driver/Src/stm32f4xx_hal_gpio.c.obj
                0x08001b50                HAL_GPIO_Init
 .text.HAL_PWREx_EnableOverDrive
                0x08001e78       0xa0 cmake/stm32cubemx/CMakeFiles/STM32_Drivers.dir/__/__/Drivers/STM32F4xx_HAL_Driver/Src/stm32f4xx_hal_pwr_ex.c.obj
                0x08001e78                HAL_PWREx_EnableOverDrive
 .text.__NVIC_SetPriorityGrouping
                0x08001f18       0x48 cmake/stm32cubemx/CMakeFiles/STM32_Drivers.dir/__/__/Drivers/STM32F4xx_HAL_Driver/Src/stm32f4xx_hal_cortex.c.obj
 .text.__NVIC_GetPriorityGrouping
                0x08001f60       0x1c cmake/stm32cubemx/CMakeFiles/STM32_Drivers.dir/__/__/Drivers/STM32F4xx_HAL_Driver/Src/stm32f4xx_hal_cortex.c.obj
 .text.__NVIC_EnableIRQ
                0x08001f7c       0x3c cmake/stm32cubemx/CMakeFiles/STM32_Drivers.dir/__/__/Drivers/STM32F4xx_HAL_Driver/Src/stm32f4xx_hal_cortex.c.obj
 .text.__NVIC_SetPriority
                0x08001fb8       0x54 cmake/stm32cubemx/CMakeFiles/STM32_Drivers.dir/__/__/Drivers/STM32F4xx_HAL_Driver/Src/stm32f4xx_hal_cortex.c.obj
 .text.NVIC_EncodePriority
                0x0800200c       0x66 cmake/stm32cubemx/CMakeFiles/STM32_Drivers.dir/__/__/Drivers/STM32F4xx_HAL_Driver/Src/stm32f4xx_hal_cortex.c.obj
 *fill*         0x08002072        0x2 
 .text.SysTick_Config
                0x08002074       0x44 cmake/stm32cubemx/CMakeFiles/STM32_Drivers.dir/__/__/Drivers/STM32F4xx_HAL_Driver/Src/stm32f4xx_hal_cortex.c.obj
 .text.HAL_NVIC_SetPriorityGrouping
                0x080020b8       0x16 cmake/stm32cubemx/CMakeFiles/STM32_Drivers.dir/__/__/Drivers/STM32F4xx_HAL_Driver/Src/stm32f4xx_hal_cortex.c.obj
                0x080020b8                HAL_NVIC_SetPriorityGrouping
 .text.HAL_NVIC_SetPriority
                0x080020ce       0x38 cmake/stm32cubemx/CMakeFiles/STM32_Drivers.dir/__/__/Drivers/STM32F4xx_HAL_Driver/Src/stm32f4xx_hal_cortex.c.obj
                0x080020ce                HAL_NVIC_SetPriority
 .text.HAL_NVIC_EnableIRQ
                0x08002106       0x1c cmake/stm32cubemx/CMakeFiles/STM32_Drivers.dir/__/__/Drivers/STM32F4xx_HAL_Driver/Src/stm32f4xx_hal_cortex.c.obj
                0x08002106                HAL_NVIC_EnableIRQ
 .text.HAL_SYSTICK_Config
                0x08002122       0x18 cmake/stm32cubemx/CMakeFiles/STM32_Drivers.dir/__/__/Drivers/STM32F4xx_HAL_Driver/Src/stm32f4xx_hal_cortex.c.obj
                0x08002122                HAL_SYSTICK_Config
 *fill*         0x0800213a        0x2 
 .text.HAL_Init
                0x0800213c       0x44 cmake/stm32cubemx/CMakeFiles/STM32_Drivers.dir/__/__/Drivers/STM32F4xx_HAL_Driver/Src/stm32f4xx_hal.c.obj
                0x0800213c                HAL_Init
 .text.HAL_InitTick
                0x08002180       0x60 cmake/stm32cubemx/CMakeFiles/STM32_Drivers.dir/__/__/Drivers/STM32F4xx_HAL_Driver/Src/stm32f4xx_hal.c.obj
                0x08002180                HAL_InitTick
 .text.HAL_IncTick
                0x080021e0       0x28 cmake/stm32cubemx/CMakeFiles/STM32_Drivers.dir/__/__/Drivers/STM32F4xx_HAL_Driver/Src/stm32f4xx_hal.c.obj
                0x080021e0                HAL_IncTick
 .text.HAL_GetTick
                0x08002208       0x18 cmake/stm32cubemx/CMakeFiles/STM32_Drivers.dir/__/__/Drivers/STM32F4xx_HAL_Driver/Src/stm32f4xx_hal.c.obj
                0x08002208                HAL_GetTick
 .text.HAL_TIM_Base_Start
                0x08002220       0xd0 cmake/stm32cubemx/CMakeFiles/STM32_Drivers.dir/__/__/Drivers/STM32F4xx_HAL_Driver/Src/stm32f4xx_hal_tim.c.obj
                0x08002220                HAL_TIM_Base_Start
 .text.HAL_TIM_PWM_Init
                0x080022f0       0x9e cmake/stm32cubemx/CMakeFiles/STM32_Drivers.dir/__/__/Drivers/STM32F4xx_HAL_Driver/Src/stm32f4xx_hal_tim.c.obj
                0x080022f0                HAL_TIM_PWM_Init
 *fill*         0x0800238e        0x2 
 .text.HAL_TIM_PWM_Start
                0x08002390      0x190 cmake/stm32cubemx/CMakeFiles/STM32_Drivers.dir/__/__/Drivers/STM32F4xx_HAL_Driver/Src/stm32f4xx_hal_tim.c.obj
                0x08002390                HAL_TIM_PWM_Start
 .text.HAL_TIM_PWM_Stop
                0x08002520       0xe0 cmake/stm32cubemx/CMakeFiles/STM32_Drivers.dir/__/__/Drivers/STM32F4xx_HAL_Driver/Src/stm32f4xx_hal_tim.c.obj
                0x08002520                HAL_TIM_PWM_Stop
 .text.HAL_TIM_IRQHandler
                0x08002600      0x1e0 cmake/stm32cubemx/CMakeFiles/STM32_Drivers.dir/__/__/Drivers/STM32F4xx_HAL_Driver/Src/stm32f4xx_hal_tim.c.obj
                0x08002600                HAL_TIM_IRQHandler
 .text.HAL_TIM_PWM_ConfigChannel
                0x080027e0      0x184 cmake/stm32cubemx/CMakeFiles/STM32_Drivers.dir/__/__/Drivers/STM32F4xx_HAL_Driver/Src/stm32f4xx_hal_tim.c.obj
                0x080027e0                HAL_TIM_PWM_ConfigChannel
 .text.HAL_TIM_PeriodElapsedCallback
                0x08002964       0x14 cmake/stm32cubemx/CMakeFiles/STM32_Drivers.dir/__/__/Drivers/STM32F4xx_HAL_Driver/Src/stm32f4xx_hal_tim.c.obj
                0x08002964                HAL_TIM_PeriodElapsedCallback
 .text.HAL_TIM_OC_DelayElapsedCallback
                0x08002978       0x14 cmake/stm32cubemx/CMakeFiles/STM32_Drivers.dir/__/__/Drivers/STM32F4xx_HAL_Driver/Src/stm32f4xx_hal_tim.c.obj
                0x08002978                HAL_TIM_OC_DelayElapsedCallback
 .text.HAL_TIM_PWM_PulseFinishedCallback
                0x0800298c       0x14 cmake/stm32cubemx/CMakeFiles/STM32_Drivers.dir/__/__/Drivers/STM32F4xx_HAL_Driver/Src/stm32f4xx_hal_tim.c.obj
                0x0800298c                HAL_TIM_PWM_PulseFinishedCallback
 .text.HAL_TIM_TriggerCallback
                0x080029a0       0x14 cmake/stm32cubemx/CMakeFiles/STM32_Drivers.dir/__/__/Drivers/STM32F4xx_HAL_Driver/Src/stm32f4xx_hal_tim.c.obj
                0x080029a0                HAL_TIM_TriggerCallback
 .text.TIM_Base_SetConfig
                0x080029b4      0x14c cmake/stm32cubemx/CMakeFiles/STM32_Drivers.dir/__/__/Drivers/STM32F4xx_HAL_Driver/Src/stm32f4xx_hal_tim.c.obj
                0x080029b4                TIM_Base_SetConfig
 .text.TIM_OC1_SetConfig
                0x08002b00       0xe0 cmake/stm32cubemx/CMakeFiles/STM32_Drivers.dir/__/__/Drivers/STM32F4xx_HAL_Driver/Src/stm32f4xx_hal_tim.c.obj
 .text.TIM_OC2_SetConfig
                0x08002be0       0xec cmake/stm32cubemx/CMakeFiles/STM32_Drivers.dir/__/__/Drivers/STM32F4xx_HAL_Driver/Src/stm32f4xx_hal_tim.c.obj
                0x08002be0                TIM_OC2_SetConfig
 .text.TIM_OC3_SetConfig
                0x08002ccc       0xe8 cmake/stm32cubemx/CMakeFiles/STM32_Drivers.dir/__/__/Drivers/STM32F4xx_HAL_Driver/Src/stm32f4xx_hal_tim.c.obj
 .text.TIM_OC4_SetConfig
                0x08002db4       0xac cmake/stm32cubemx/CMakeFiles/STM32_Drivers.dir/__/__/Drivers/STM32F4xx_HAL_Driver/Src/stm32f4xx_hal_tim.c.obj
 .text.TIM_TI1_SetConfig
                0x08002e60       0xe8 cmake/stm32cubemx/CMakeFiles/STM32_Drivers.dir/__/__/Drivers/STM32F4xx_HAL_Driver/Src/stm32f4xx_hal_tim.c.obj
                0x08002e60                TIM_TI1_SetConfig
 .text.TIM_CCxChannelCmd
                0x08002f48       0x4a cmake/stm32cubemx/CMakeFiles/STM32_Drivers.dir/__/__/Drivers/STM32F4xx_HAL_Driver/Src/stm32f4xx_hal_tim.c.obj
                0x08002f48                TIM_CCxChannelCmd
 .text.HAL_TIMEx_HallSensor_Init
                0x08002f92      0x152 cmake/stm32cubemx/CMakeFiles/STM32_Drivers.dir/__/__/Drivers/STM32F4xx_HAL_Driver/Src/stm32f4xx_hal_tim_ex.c.obj
                0x08002f92                HAL_TIMEx_HallSensor_Init
 .text.HAL_TIMEx_HallSensor_Start_IT
                0x080030e4      0x12c cmake/stm32cubemx/CMakeFiles/STM32_Drivers.dir/__/__/Drivers/STM32F4xx_HAL_Driver/Src/stm32f4xx_hal_tim_ex.c.obj
                0x080030e4                HAL_TIMEx_HallSensor_Start_IT
 .text.HAL_TIMEx_MasterConfigSynchronization
                0x08003210       0xf8 cmake/stm32cubemx/CMakeFiles/STM32_Drivers.dir/__/__/Drivers/STM32F4xx_HAL_Driver/Src/stm32f4xx_hal_tim_ex.c.obj
                0x08003210                HAL_TIMEx_MasterConfigSynchronization
 .text.HAL_TIMEx_ConfigBreakDeadTime
                0x08003308       0xa4 cmake/stm32cubemx/CMakeFiles/STM32_Drivers.dir/__/__/Drivers/STM32F4xx_HAL_Driver/Src/stm32f4xx_hal_tim_ex.c.obj
                0x08003308                HAL_TIMEx_ConfigBreakDeadTime
 .text.HAL_TIMEx_CommutCallback
                0x080033ac       0x14 cmake/stm32cubemx/CMakeFiles/STM32_Drivers.dir/__/__/Drivers/STM32F4xx_HAL_Driver/Src/stm32f4xx_hal_tim_ex.c.obj
                0x080033ac                HAL_TIMEx_CommutCallback
 .text.HAL_TIMEx_BreakCallback
                0x080033c0       0x14 cmake/stm32cubemx/CMakeFiles/STM32_Drivers.dir/__/__/Drivers/STM32F4xx_HAL_Driver/Src/stm32f4xx_hal_tim_ex.c.obj
                0x080033c0                HAL_TIMEx_BreakCallback
 .text.StateMachine_Init
                0x080033d4       0x2c CMakeFiles/FOC_IMP.dir/Core/Src/app/state_machine.c.obj
                0x080033d4                StateMachine_Init
 .text.StateMachine_Update
                0x08003400       0x84 CMakeFiles/FOC_IMP.dir/Core/Src/app/state_machine.c.obj
                0x08003400                StateMachine_Update
 .text.StateMachine_RequestState
                0x08003484       0x20 CMakeFiles/FOC_IMP.dir/Core/Src/app/state_machine.c.obj
                0x08003484                StateMachine_RequestState
 .text.PI_Init  0x080034a4       0x54 CMakeFiles/FOC_IMP.dir/Core/Src/core/pid.c.obj
                0x080034a4                PI_Init
 .text.HW_ADC_Init
                0x080034f8      0x114 CMakeFiles/FOC_IMP.dir/Core/Src/hw/hw_adc.c.obj
                0x080034f8                HW_ADC_Init
 .text.HW_Hall_Init
                0x0800360c       0x14 CMakeFiles/FOC_IMP.dir/Core/Src/hw/hw_hall_sensor.c.obj
                0x0800360c                HW_Hall_Init
 .text.HW_Hall_Update_ISR
                0x08003620      0x1b8 CMakeFiles/FOC_IMP.dir/Core/Src/hw/hw_hall_sensor.c.obj
                0x08003620                HW_Hall_Update_ISR
 .text.MotorControl_Init
                0x080037d8       0x74 CMakeFiles/FOC_IMP.dir/Core/Src/app/motor_control.c.obj
                0x080037d8                MotorControl_Init
 .text.MotorControl_SetTorqueTarget
                0x0800384c       0x20 CMakeFiles/FOC_IMP.dir/Core/Src/app/motor_control.c.obj
                0x0800384c                MotorControl_SetTorqueTarget
 .text.main     0x0800386c       0x88 CMakeFiles/FOC_IMP.dir/Core/Src/main.c.obj
                0x0800386c                main
 .text.SystemClock_Config
                0x080038f4       0xe4 CMakeFiles/FOC_IMP.dir/Core/Src/main.c.obj
                0x080038f4                SystemClock_Config
 .text.MX_ADC1_Init
                0x080039d8      0x118 CMakeFiles/FOC_IMP.dir/Core/Src/main.c.obj
 .text.MX_ADC2_Init
                0x08003af0       0xd4 CMakeFiles/FOC_IMP.dir/Core/Src/main.c.obj
 .text.MX_TIM1_Init
                0x08003bc4      0x154 CMakeFiles/FOC_IMP.dir/Core/Src/main.c.obj
 .text.MX_TIM3_Init
                0x08003d18       0x94 CMakeFiles/FOC_IMP.dir/Core/Src/main.c.obj
 .text.MX_GPIO_Init
                0x08003dac       0xec CMakeFiles/FOC_IMP.dir/Core/Src/main.c.obj
 .text.HAL_TIM_IC_CaptureCallback
                0x08003e98       0x24 CMakeFiles/FOC_IMP.dir/Core/Src/main.c.obj
                0x08003e98                HAL_TIM_IC_CaptureCallback
 .text.Error_Handler
                0x08003ebc        0xc CMakeFiles/FOC_IMP.dir/Core/Src/main.c.obj
                0x08003ebc                Error_Handler
 .text.NMI_Handler
                0x08003ec8        0x8 CMakeFiles/FOC_IMP.dir/Core/Src/stm32f4xx_it.c.obj
                0x08003ec8                NMI_Handler
 .text.HardFault_Handler
                0x08003ed0        0x8 CMakeFiles/FOC_IMP.dir/Core/Src/stm32f4xx_it.c.obj
                0x08003ed0                HardFault_Handler
 .text.MemManage_Handler
                0x08003ed8        0x8 CMakeFiles/FOC_IMP.dir/Core/Src/stm32f4xx_it.c.obj
                0x08003ed8                MemManage_Handler
 .text.BusFault_Handler
                0x08003ee0        0x8 CMakeFiles/FOC_IMP.dir/Core/Src/stm32f4xx_it.c.obj
                0x08003ee0                BusFault_Handler
 .text.UsageFault_Handler
                0x08003ee8        0x8 CMakeFiles/FOC_IMP.dir/Core/Src/stm32f4xx_it.c.obj
                0x08003ee8                UsageFault_Handler
 .text.SVC_Handler
                0x08003ef0        0xe CMakeFiles/FOC_IMP.dir/Core/Src/stm32f4xx_it.c.obj
                0x08003ef0                SVC_Handler
 .text.DebugMon_Handler
                0x08003efe        0xe CMakeFiles/FOC_IMP.dir/Core/Src/stm32f4xx_it.c.obj
                0x08003efe                DebugMon_Handler
 .text.PendSV_Handler
                0x08003f0c        0xe CMakeFiles/FOC_IMP.dir/Core/Src/stm32f4xx_it.c.obj
                0x08003f0c                PendSV_Handler
 .text.SysTick_Handler
                0x08003f1a        0xc CMakeFiles/FOC_IMP.dir/Core/Src/stm32f4xx_it.c.obj
                0x08003f1a                SysTick_Handler
 *fill*         0x08003f26        0x2 
 .text.ADC_IRQHandler
                0x08003f28       0x1c CMakeFiles/FOC_IMP.dir/Core/Src/stm32f4xx_it.c.obj
                0x08003f28                ADC_IRQHandler
 .text.TIM3_IRQHandler
                0x08003f44       0x14 CMakeFiles/FOC_IMP.dir/Core/Src/stm32f4xx_it.c.obj
                0x08003f44                TIM3_IRQHandler
 .text.HAL_MspInit
                0x08003f58       0x50 CMakeFiles/FOC_IMP.dir/Core/Src/stm32f4xx_hal_msp.c.obj
                0x08003f58                HAL_MspInit
 .text.HAL_ADC_MspInit
                0x08003fa8      0x108 CMakeFiles/FOC_IMP.dir/Core/Src/stm32f4xx_hal_msp.c.obj
                0x08003fa8                HAL_ADC_MspInit
 .text.HAL_TIM_PWM_MspInit
                0x080040b0       0x44 CMakeFiles/FOC_IMP.dir/Core/Src/stm32f4xx_hal_msp.c.obj
                0x080040b0                HAL_TIM_PWM_MspInit
 .text.HAL_TIMEx_HallSensor_MspInit
                0x080040f4       0xe0 CMakeFiles/FOC_IMP.dir/Core/Src/stm32f4xx_hal_msp.c.obj
                0x080040f4                HAL_TIMEx_HallSensor_MspInit
 .text.HAL_TIM_MspPostInit
                0x080041d4       0xb4 CMakeFiles/FOC_IMP.dir/Core/Src/stm32f4xx_hal_msp.c.obj
                0x080041d4                HAL_TIM_MspPostInit
 .text.Reset_Handler
                0x08004288       0x50 CMakeFiles/FOC_IMP.dir/startup_stm32f446xx.s.obj
                0x08004288                Reset_Handler
 .text.Default_Handler
                0x080042d8        0x2 CMakeFiles/FOC_IMP.dir/startup_stm32f446xx.s.obj
                0x080042d8                RTC_Alarm_IRQHandler
                0x080042d8                EXTI2_IRQHandler
                0x080042d8                TIM8_CC_IRQHandler
                0x080042d8                FMPI2C1_EV_IRQHandler
                0x080042d8                SPI4_IRQHandler
                0x080042d8                TIM1_CC_IRQHandler
                0x080042d8                DMA2_Stream5_IRQHandler
                0x080042d8                DMA1_Stream5_IRQHandler
                0x080042d8                PVD_IRQHandler
                0x080042d8                SDIO_IRQHandler
                0x080042d8                TAMP_STAMP_IRQHandler
                0x080042d8                CAN2_RX1_IRQHandler
                0x080042d8                EXTI3_IRQHandler
                0x080042d8                TIM8_TRG_COM_TIM14_IRQHandler
                0x080042d8                TIM1_UP_TIM10_IRQHandler
                0x080042d8                TIM8_UP_TIM13_IRQHandler
                0x080042d8                I2C3_ER_IRQHandler
                0x080042d8                EXTI0_IRQHandler
                0x080042d8                I2C2_EV_IRQHandler
                0x080042d8                DMA1_Stream2_IRQHandler
                0x080042d8                CAN1_RX0_IRQHandler
                0x080042d8                FPU_IRQHandler
                0x080042d8                OTG_HS_WKUP_IRQHandler
                0x080042d8                CAN2_SCE_IRQHandler
                0x080042d8                DMA2_Stream2_IRQHandler
                0x080042d8                SPI1_IRQHandler
                0x080042d8                TIM6_DAC_IRQHandler
                0x080042d8                TIM1_BRK_TIM9_IRQHandler
                0x080042d8                DCMI_IRQHandler
                0x080042d8                CAN2_RX0_IRQHandler
                0x080042d8                DMA2_Stream3_IRQHandler
                0x080042d8                SAI2_IRQHandler
                0x080042d8                USART6_IRQHandler
                0x080042d8                USART3_IRQHandler
                0x080042d8                CAN1_RX1_IRQHandler
                0x080042d8                UART5_IRQHandler
                0x080042d8                DMA2_Stream0_IRQHandler
                0x080042d8                TIM4_IRQHandler
                0x080042d8                QUADSPI_IRQHandler
                0x080042d8                I2C1_EV_IRQHandler
                0x080042d8                DMA1_Stream6_IRQHandler
                0x080042d8                DMA1_Stream1_IRQHandler
                0x080042d8                UART4_IRQHandler
                0x080042d8                RCC_IRQHandler
                0x080042d8                TIM8_BRK_TIM12_IRQHandler
                0x080042d8                Default_Handler
                0x080042d8                CEC_IRQHandler
                0x080042d8                EXTI15_10_IRQHandler
                0x080042d8                DMA1_Stream7_IRQHandler
                0x080042d8                TIM7_IRQHandler
                0x080042d8                CAN2_TX_IRQHandler
                0x080042d8                TIM5_IRQHandler
                0x080042d8                DMA2_Stream7_IRQHandler
                0x080042d8                I2C3_EV_IRQHandler
                0x080042d8                EXTI9_5_IRQHandler
                0x080042d8                RTC_WKUP_IRQHandler
                0x080042d8                SPDIF_RX_IRQHandler
                0x080042d8                SPI2_IRQHandler
                0x080042d8                OTG_HS_EP1_IN_IRQHandler
                0x080042d8                DMA1_Stream0_IRQHandler
                0x080042d8                CAN1_TX_IRQHandler
                0x080042d8                FMPI2C1_ER_IRQHandler
                0x080042d8                EXTI4_IRQHandler
                0x080042d8                OTG_HS_EP1_OUT_IRQHandler
                0x080042d8                WWDG_IRQHandler
                0x080042d8                TIM2_IRQHandler
                0x080042d8                OTG_FS_WKUP_IRQHandler
                0x080042d8                TIM1_TRG_COM_TIM11_IRQHandler
                0x080042d8                OTG_HS_IRQHandler
                0x080042d8                EXTI1_IRQHandler
                0x080042d8                USART2_IRQHandler
                0x080042d8                I2C2_ER_IRQHandler
                0x080042d8                DMA2_Stream1_IRQHandler
                0x080042d8                CAN1_SCE_IRQHandler
                0x080042d8                FLASH_IRQHandler
                0x080042d8                DMA2_Stream4_IRQHandler
                0x080042d8                USART1_IRQHandler
                0x080042d8                OTG_FS_IRQHandler
                0x080042d8                SPI3_IRQHandler
                0x080042d8                DMA1_Stream4_IRQHandler
                0x080042d8                I2C1_ER_IRQHandler
                0x080042d8                FMC_IRQHandler
                0x080042d8                DMA2_Stream6_IRQHandler
                0x080042d8                SAI1_IRQHandler
                0x080042d8                DMA1_Stream3_IRQHandler
 *fill*         0x080042da        0x2 
 .text.__udivmoddi4
                0x080042dc      0x2f8 C:/PROGRA~2/ARMGNU~1/142BCE~1.3RE/bin/../lib/gcc/arm-none-eabi/14.3.1/thumb/v7e-m+fp/hard\libgcc.a(_udivmoddi4.o)
                0x080042dc                __udivmoddi4
 .text.memset   0x080045d4       0x10 C:/PROGRA~2/ARMGNU~1/142BCE~1.3RE/bin/../lib/gcc/arm-none-eabi/14.3.1/../../../../arm-none-eabi/lib/thumb/v7e-m+fp/hard\libg_nano.a(libc_a-memset.o)
                0x080045d4                memset
 .text.__libc_init_array
                0x080045e4       0x48 C:/PROGRA~2/ARMGNU~1/142BCE~1.3RE/bin/../lib/gcc/arm-none-eabi/14.3.1/../../../../arm-none-eabi/lib/thumb/v7e-m+fp/hard\libg_nano.a(libc_a-init.o)
                0x080045e4                __libc_init_array
 *(.glue_7)
 .glue_7        0x0800462c        0x0 linker stubs
 *(.glue_7t)
 .glue_7t       0x0800462c        0x0 linker stubs
 *(.eh_frame)
 .eh_frame      0x0800462c        0x0 C:/PROGRA~2/ARMGNU~1/142BCE~1.3RE/bin/../lib/gcc/arm-none-eabi/14.3.1/thumb/v7e-m+fp/hard/crtbegin.o
 *(.init)
 .init          0x0800462c        0x4 C:/PROGRA~2/ARMGNU~1/142BCE~1.3RE/bin/../lib/gcc/arm-none-eabi/14.3.1/thumb/v7e-m+fp/hard/crti.o
                0x0800462c                _init
 .init          0x08004630        0x8 C:/PROGRA~2/ARMGNU~1/142BCE~1.3RE/bin/../lib/gcc/arm-none-eabi/14.3.1/thumb/v7e-m+fp/hard/crtn.o
 *(.fini)
 .fini          0x08004638        0x4 C:/PROGRA~2/ARMGNU~1/142BCE~1.3RE/bin/../lib/gcc/arm-none-eabi/14.3.1/thumb/v7e-m+fp/hard/crti.o
                0x08004638                _fini
 .fini          0x0800463c        0x8 C:/PROGRA~2/ARMGNU~1/142BCE~1.3RE/bin/../lib/gcc/arm-none-eabi/14.3.1/thumb/v7e-m+fp/hard/crtn.o
                0x08004644                        . = ALIGN (0x4)
                0x08004644                        _etext = .

.vfp11_veneer   0x08004644        0x0
 .vfp11_veneer  0x08004644        0x0 linker stubs

.v4_bx          0x08004644        0x0
 .v4_bx         0x08004644        0x0 linker stubs

.iplt           0x08004644        0x0
 .iplt          0x08004644        0x0 C:/PROGRA~2/ARMGNU~1/142BCE~1.3RE/bin/../lib/gcc/arm-none-eabi/14.3.1/thumb/v7e-m+fp/hard/crtbegin.o

.rodata         0x08004644       0x30
                0x08004644                        . = ALIGN (0x4)
 *(.rodata)
 *(.rodata*)
 .rodata.AHBPrescTable
                0x08004644       0x10 cmake/stm32cubemx/CMakeFiles/STM32_Drivers.dir/__/__/Core/Src/system_stm32f4xx.c.obj
                0x08004644                AHBPrescTable
 .rodata.hall_angle_table
                0x08004654       0x20 CMakeFiles/FOC_IMP.dir/Core/Src/hw/hw_hall_sensor.c.obj
                0x08004674                        . = ALIGN (0x4)

.ARM.extab      0x08004674        0x0
                0x08004674                        . = ALIGN (0x4)
 *(.ARM.extab* .gnu.linkonce.armextab.*)
                0x08004674                        . = ALIGN (0x4)

.ARM            0x08004674        0x8
                0x08004674                        . = ALIGN (0x4)
                0x08004674                        __exidx_start = .
 *(.ARM.exidx*)
 .ARM.exidx.text.__udivmoddi4
                0x08004674        0x8 C:/PROGRA~2/ARMGNU~1/142BCE~1.3RE/bin/../lib/gcc/arm-none-eabi/14.3.1/thumb/v7e-m+fp/hard\libgcc.a(_udivmoddi4.o)
                0x0800467c                        __exidx_end = .
                0x0800467c                        . = ALIGN (0x4)

.preinit_array  0x0800467c        0x0
                0x0800467c                        . = ALIGN (0x4)
                0x0800467c                        PROVIDE (__preinit_array_start = .)
 *(.preinit_array*)
                0x0800467c                        PROVIDE (__preinit_array_end = .)
                0x0800467c                        . = ALIGN (0x4)

.init_array     0x0800467c        0x4
                0x0800467c                        . = ALIGN (0x4)
                0x0800467c                        PROVIDE (__init_array_start = .)
 *(SORT_BY_NAME(.init_array.*))
 *(.init_array*)
 .init_array    0x0800467c        0x4 C:/PROGRA~2/ARMGNU~1/142BCE~1.3RE/bin/../lib/gcc/arm-none-eabi/14.3.1/thumb/v7e-m+fp/hard/crtbegin.o
                0x08004680                        PROVIDE (__init_array_end = .)
                0x08004680                        . = ALIGN (0x4)

.fini_array     0x08004680        0x4
                0x08004680                        . = ALIGN (0x4)
                [!provide]                        PROVIDE (__fini_array_start = .)
 *(SORT_BY_NAME(.fini_array.*))
 *(.fini_array*)
 .fini_array    0x08004680        0x4 C:/PROGRA~2/ARMGNU~1/142BCE~1.3RE/bin/../lib/gcc/arm-none-eabi/14.3.1/thumb/v7e-m+fp/hard/crtbegin.o
                [!provide]                        PROVIDE (__fini_array_end = .)
                0x08004684                        . = ALIGN (0x4)
                0x08004684                        _sidata = LOADADDR (.data)

.rel.dyn        0x08004684        0x0
 .rel.iplt      0x08004684        0x0 C:/PROGRA~2/ARMGNU~1/142BCE~1.3RE/bin/../lib/gcc/arm-none-eabi/14.3.1/thumb/v7e-m+fp/hard/crtbegin.o

.data           0x20000000       0x18 load address 0x08004684
                0x20000000                        . = ALIGN (0x4)
                0x20000000                        _sdata = .
 *(.data)
 *(.data*)
 .data.SystemCoreClock
                0x20000000        0x4 cmake/stm32cubemx/CMakeFiles/STM32_Drivers.dir/__/__/Core/Src/system_stm32f4xx.c.obj
                0x20000000                SystemCoreClock
 .data.uwTickPrio
                0x20000004        0x4 cmake/stm32cubemx/CMakeFiles/STM32_Drivers.dir/__/__/Drivers/STM32F4xx_HAL_Driver/Src/stm32f4xx_hal.c.obj
                0x20000004                uwTickPrio
 .data.uwTickFreq
                0x20000008        0x1 cmake/stm32cubemx/CMakeFiles/STM32_Drivers.dir/__/__/Drivers/STM32F4xx_HAL_Driver/Src/stm32f4xx_hal.c.obj
                0x20000008                uwTickFreq
 *fill*         0x20000009        0x3 
 .data.offset_ia
                0x2000000c        0x4 CMakeFiles/FOC_IMP.dir/Core/Src/hw/hw_adc.c.obj
 .data.offset_ib
                0x20000010        0x4 CMakeFiles/FOC_IMP.dir/Core/Src/hw/hw_adc.c.obj
 .data.direction
                0x20000014        0x1 CMakeFiles/FOC_IMP.dir/Core/Src/hw/hw_hall_sensor.c.obj
 *(.RamFunc)
 *(.RamFunc*)
                0x20000018                        . = ALIGN (0x4)
 *fill*         0x20000015        0x3 

.tm_clone_table
                0x20000018        0x0 load address 0x0800469c
 .tm_clone_table
                0x20000018        0x0 C:/PROGRA~2/ARMGNU~1/142BCE~1.3RE/bin/../lib/gcc/arm-none-eabi/14.3.1/thumb/v7e-m+fp/hard/crtbegin.o
 .tm_clone_table
                0x20000018        0x0 C:/PROGRA~2/ARMGNU~1/142BCE~1.3RE/bin/../lib/gcc/arm-none-eabi/14.3.1/thumb/v7e-m+fp/hard/crtend.o

.igot.plt       0x20000018        0x0 load address 0x0800469c
 .igot.plt      0x20000018        0x0 C:/PROGRA~2/ARMGNU~1/142BCE~1.3RE/bin/../lib/gcc/arm-none-eabi/14.3.1/thumb/v7e-m+fp/hard/crtbegin.o

.tdata          0x20000018        0x0 load address 0x0800469c
 *(.tdata .tdata.* .gnu.linkonce.td.*)
                0x20000018                        . = ALIGN (0x4)
                0x20000018                        _edata = .
                [!provide]                        PROVIDE (__data_end = .)
                [!provide]                        PROVIDE (__tdata_end = .)
                [!provide]                        PROVIDE (__tdata_start = ADDR (.tdata))
                [!provide]                        PROVIDE (__tdata_size = (__tdata_end - __tdata_start))
                [!provide]                        PROVIDE (__data_start = ADDR (.data))
                [!provide]                        PROVIDE (__data_size = (__data_end - __data_start))
                [!provide]                        PROVIDE (__tdata_source = LOADADDR (.tdata))
                [!provide]                        PROVIDE (__tdata_source_end = (LOADADDR (.tdata) + SIZEOF (.tdata)))
                [!provide]                        PROVIDE (__tdata_source_size = (__tdata_source_end - __tdata_source))
                [!provide]                        PROVIDE (__data_source = LOADADDR (.data))
                [!provide]                        PROVIDE (__data_source_end = __tdata_source_end)
                [!provide]                        PROVIDE (__data_source_size = (__data_source_end - __data_source))

.tbss           0x20000018        0x0 load address 0x0800469c
                0x20000018                        _sbss = .
                0x20000018                        __bss_start__ = _sbss
 *(.tbss .tbss.*)
                0x20000018                        . = ALIGN (0x4)
                [!provide]                        PROVIDE (__tbss_end = .)
                [!provide]                        PROVIDE (__tbss_start = ADDR (.tbss))
                [!provide]                        PROVIDE (__tbss_size = (__tbss_end - __tbss_start))
                [!provide]                        PROVIDE (__tbss_offset = (ADDR (.tbss) - ADDR (.tdata)))
                [!provide]                        PROVIDE (__tls_base = __tdata_start)
                [!provide]                        PROVIDE (__tls_end = __tbss_end)
                [!provide]                        PROVIDE (__tls_size = (__tls_end - __tls_base))
                [!provide]                        PROVIDE (__tls_align = MAX (ALIGNOF (.tdata), ALIGNOF (.tbss)))
                [!provide]                        PROVIDE (__tls_size_align = (((__tls_size + __tls_align) - 0x1) & ~ ((__tls_align - 0x1))))
                [!provide]                        PROVIDE (__arm32_tls_tcb_offset = MAX (0x8, __tls_align))
                [!provide]                        PROVIDE (__arm64_tls_tcb_offset = MAX (0x10, __tls_align))

.bss            0x20000018      0x1c4 load address 0x0800469c
 *(.bss)
 *(.bss*)
 .bss.completed.1
                0x20000018        0x1 C:/PROGRA~2/ARMGNU~1/142BCE~1.3RE/bin/../lib/gcc/arm-none-eabi/14.3.1/thumb/v7e-m+fp/hard/crtbegin.o
 *fill*         0x20000019        0x3 
 .bss.object.0  0x2000001c       0x18 C:/PROGRA~2/ARMGNU~1/142BCE~1.3RE/bin/../lib/gcc/arm-none-eabi/14.3.1/thumb/v7e-m+fp/hard/crtbegin.o
 .bss.uwTick    0x20000034        0x4 cmake/stm32cubemx/CMakeFiles/STM32_Drivers.dir/__/__/Drivers/STM32F4xx_HAL_Driver/Src/stm32f4xx_hal.c.obj
                0x20000034                uwTick
 .bss.current_state
                0x20000038        0x1 CMakeFiles/FOC_IMP.dir/Core/Src/app/state_machine.c.obj
 *fill*         0x20000039        0x3 
 .bss.hall_debug
                0x2000003c        0x4 CMakeFiles/FOC_IMP.dir/Core/Src/hw/hw_hall_sensor.c.obj
                0x2000003c                hall_debug
 .bss.base_angle_rad
                0x20000040        0x4 CMakeFiles/FOC_IMP.dir/Core/Src/hw/hw_hall_sensor.c.obj
 .bss.omega_rad_per_tick
                0x20000044        0x4 CMakeFiles/FOC_IMP.dir/Core/Src/hw/hw_hall_sensor.c.obj
 .bss.prev_hall_state.0
                0x20000048        0x1 CMakeFiles/FOC_IMP.dir/Core/Src/hw/hw_hall_sensor.c.obj
 *fill*         0x20000049        0x3 
 .bss.foc_core  0x2000004c       0x48 CMakeFiles/FOC_IMP.dir/Core/Src/app/motor_control.c.obj
                0x2000004c                foc_core
 .bss.id_controller
                0x20000094       0x14 CMakeFiles/FOC_IMP.dir/Core/Src/app/motor_control.c.obj
 .bss.iq_controller
                0x200000a8       0x14 CMakeFiles/FOC_IMP.dir/Core/Src/app/motor_control.c.obj
 .bss.hadc1     0x200000bc       0x48 CMakeFiles/FOC_IMP.dir/Core/Src/main.c.obj
                0x200000bc                hadc1
 .bss.hadc2     0x20000104       0x48 CMakeFiles/FOC_IMP.dir/Core/Src/main.c.obj
                0x20000104                hadc2
 .bss.htim1     0x2000014c       0x48 CMakeFiles/FOC_IMP.dir/Core/Src/main.c.obj
                0x2000014c                htim1
 .bss.htim3     0x20000194       0x48 CMakeFiles/FOC_IMP.dir/Core/Src/main.c.obj
                0x20000194                htim3
 *(COMMON)
                0x200001dc                        . = ALIGN (0x4)
                0x200001dc                        _ebss = .
                0x200001dc                        __bss_end__ = _ebss
                [!provide]                        PROVIDE (__bss_end = .)
                [!provide]                        PROVIDE (__non_tls_bss_start = ADDR (.bss))
                [!provide]                        PROVIDE (__bss_start = __tbss_start)
                [!provide]                        PROVIDE (__bss_size = (__bss_end - __bss_start))

._user_heap_stack
                0x200001dc      0x604 load address 0x0800469c
                0x200001e0                        . = ALIGN (0x8)
 *fill*         0x200001dc        0x4 
                [!provide]                        PROVIDE (end = .)
                0x200001e0                        PROVIDE (_end = .)
                0x200003e0                        . = (. + _Min_Heap_Size)
 *fill*         0x200001e0      0x200 
                0x200007e0                        . = (. + _Min_Stack_Size)
 *fill*         0x200003e0      0x400 
                0x200007e0                        . = ALIGN (0x8)

/DISCARD/
 libc.a:*(*)
 libm.a:*(*)
 libgcc.a:*(*)
OUTPUT(FOC_IMP.elf elf32-littlearm)
LOAD linker stubs

.ARM.attributes
                0x00000000       0x30
 .ARM.attributes
                0x00000000       0x22 C:/PROGRA~2/ARMGNU~1/142BCE~1.3RE/bin/../lib/gcc/arm-none-eabi/14.3.1/thumb/v7e-m+fp/hard/crti.o
 .ARM.attributes
                0x00000022       0x34 C:/PROGRA~2/ARMGNU~1/142BCE~1.3RE/bin/../lib/gcc/arm-none-eabi/14.3.1/thumb/v7e-m+fp/hard/crtbegin.o
 .ARM.attributes
                0x00000056       0x34 cmake/stm32cubemx/CMakeFiles/STM32_Drivers.dir/__/__/Core/Src/system_stm32f4xx.c.obj
 .ARM.attributes
                0x0000008a       0x34 cmake/stm32cubemx/CMakeFiles/STM32_Drivers.dir/__/__/Drivers/STM32F4xx_HAL_Driver/Src/stm32f4xx_hal_adc.c.obj
 .ARM.attributes
                0x000000be       0x34 cmake/stm32cubemx/CMakeFiles/STM32_Drivers.dir/__/__/Drivers/STM32F4xx_HAL_Driver/Src/stm32f4xx_hal_adc_ex.c.obj
 .ARM.attributes
                0x000000f2       0x34 cmake/stm32cubemx/CMakeFiles/STM32_Drivers.dir/__/__/Drivers/STM32F4xx_HAL_Driver/Src/stm32f4xx_hal_rcc.c.obj
 .ARM.attributes
                0x00000126       0x34 cmake/stm32cubemx/CMakeFiles/STM32_Drivers.dir/__/__/Drivers/STM32F4xx_HAL_Driver/Src/stm32f4xx_hal_rcc_ex.c.obj
 .ARM.attributes
                0x0000015a       0x34 cmake/stm32cubemx/CMakeFiles/STM32_Drivers.dir/__/__/Drivers/STM32F4xx_HAL_Driver/Src/stm32f4xx_hal_gpio.c.obj
 .ARM.attributes
                0x0000018e       0x34 cmake/stm32cubemx/CMakeFiles/STM32_Drivers.dir/__/__/Drivers/STM32F4xx_HAL_Driver/Src/stm32f4xx_hal_pwr_ex.c.obj
 .ARM.attributes
                0x000001c2       0x34 cmake/stm32cubemx/CMakeFiles/STM32_Drivers.dir/__/__/Drivers/STM32F4xx_HAL_Driver/Src/stm32f4xx_hal_cortex.c.obj
 .ARM.attributes
                0x000001f6       0x34 cmake/stm32cubemx/CMakeFiles/STM32_Drivers.dir/__/__/Drivers/STM32F4xx_HAL_Driver/Src/stm32f4xx_hal.c.obj
 .ARM.attributes
                0x0000022a       0x34 cmake/stm32cubemx/CMakeFiles/STM32_Drivers.dir/__/__/Drivers/STM32F4xx_HAL_Driver/Src/stm32f4xx_hal_tim.c.obj
 .ARM.attributes
                0x0000025e       0x34 cmake/stm32cubemx/CMakeFiles/STM32_Drivers.dir/__/__/Drivers/STM32F4xx_HAL_Driver/Src/stm32f4xx_hal_tim_ex.c.obj
 .ARM.attributes
                0x00000292       0x34 CMakeFiles/FOC_IMP.dir/Core/Src/app/state_machine.c.obj
 .ARM.attributes
                0x000002c6       0x34 CMakeFiles/FOC_IMP.dir/Core/Src/core/pid.c.obj
 .ARM.attributes
                0x000002fa       0x34 CMakeFiles/FOC_IMP.dir/Core/Src/hw/hw_adc.c.obj
 .ARM.attributes
                0x0000032e       0x34 CMakeFiles/FOC_IMP.dir/Core/Src/hw/hw_hall_sensor.c.obj
 .ARM.attributes
                0x00000362       0x34 CMakeFiles/FOC_IMP.dir/Core/Src/app/motor_control.c.obj
 .ARM.attributes
                0x00000396       0x34 CMakeFiles/FOC_IMP.dir/Core/Src/main.c.obj
 .ARM.attributes
                0x000003ca       0x34 CMakeFiles/FOC_IMP.dir/Core/Src/stm32f4xx_it.c.obj
 .ARM.attributes
                0x000003fe       0x34 CMakeFiles/FOC_IMP.dir/Core/Src/stm32f4xx_hal_msp.c.obj
 .ARM.attributes
                0x00000432       0x21 CMakeFiles/FOC_IMP.dir/startup_stm32f446xx.s.obj
 .ARM.attributes
                0x00000453       0x22 C:/PROGRA~2/ARMGNU~1/142BCE~1.3RE/bin/../lib/gcc/arm-none-eabi/14.3.1/thumb/v7e-m+fp/hard\libgcc.a(_aeabi_uldivmod.o)
 .ARM.attributes
                0x00000475       0x34 C:/PROGRA~2/ARMGNU~1/142BCE~1.3RE/bin/../lib/gcc/arm-none-eabi/14.3.1/thumb/v7e-m+fp/hard\libgcc.a(_udivmoddi4.o)
 .ARM.attributes
                0x000004a9       0x22 C:/PROGRA~2/ARMGNU~1/142BCE~1.3RE/bin/../lib/gcc/arm-none-eabi/14.3.1/thumb/v7e-m+fp/hard\libgcc.a(_dvmd_tls.o)
 .ARM.attributes
                0x000004cb       0x34 C:/PROGRA~2/ARMGNU~1/142BCE~1.3RE/bin/../lib/gcc/arm-none-eabi/14.3.1/../../../../arm-none-eabi/lib/thumb/v7e-m+fp/hard\libg_nano.a(libc_a-memset.o)
 .ARM.attributes
                0x000004ff       0x34 C:/PROGRA~2/ARMGNU~1/142BCE~1.3RE/bin/../lib/gcc/arm-none-eabi/14.3.1/../../../../arm-none-eabi/lib/thumb/v7e-m+fp/hard\libg_nano.a(libc_a-init.o)
 .ARM.attributes
                0x00000533       0x34 C:/PROGRA~2/ARMGNU~1/142BCE~1.3RE/bin/../lib/gcc/arm-none-eabi/14.3.1/thumb/v7e-m+fp/hard/crtend.o
 .ARM.attributes
                0x00000567       0x22 C:/PROGRA~2/ARMGNU~1/142BCE~1.3RE/bin/../lib/gcc/arm-none-eabi/14.3.1/thumb/v7e-m+fp/hard/crtn.o

.comment        0x00000000       0x46
 .comment       0x00000000       0x46 cmake/stm32cubemx/CMakeFiles/STM32_Drivers.dir/__/__/Core/Src/system_stm32f4xx.c.obj
                                 0x47 (size before relaxing)
 .comment       0x00000046       0x47 cmake/stm32cubemx/CMakeFiles/STM32_Drivers.dir/__/__/Drivers/STM32F4xx_HAL_Driver/Src/stm32f4xx_hal_adc.c.obj
 .comment       0x00000046       0x47 cmake/stm32cubemx/CMakeFiles/STM32_Drivers.dir/__/__/Drivers/STM32F4xx_HAL_Driver/Src/stm32f4xx_hal_adc_ex.c.obj
 .comment       0x00000046       0x47 cmake/stm32cubemx/CMakeFiles/STM32_Drivers.dir/__/__/Drivers/STM32F4xx_HAL_Driver/Src/stm32f4xx_hal_rcc.c.obj
 .comment       0x00000046       0x47 cmake/stm32cubemx/CMakeFiles/STM32_Drivers.dir/__/__/Drivers/STM32F4xx_HAL_Driver/Src/stm32f4xx_hal_rcc_ex.c.obj
 .comment       0x00000046       0x47 cmake/stm32cubemx/CMakeFiles/STM32_Drivers.dir/__/__/Drivers/STM32F4xx_HAL_Driver/Src/stm32f4xx_hal_gpio.c.obj
 .comment       0x00000046       0x47 cmake/stm32cubemx/CMakeFiles/STM32_Drivers.dir/__/__/Drivers/STM32F4xx_HAL_Driver/Src/stm32f4xx_hal_pwr_ex.c.obj
 .comment       0x00000046       0x47 cmake/stm32cubemx/CMakeFiles/STM32_Drivers.dir/__/__/Drivers/STM32F4xx_HAL_Driver/Src/stm32f4xx_hal_cortex.c.obj
 .comment       0x00000046       0x47 cmake/stm32cubemx/CMakeFiles/STM32_Drivers.dir/__/__/Drivers/STM32F4xx_HAL_Driver/Src/stm32f4xx_hal.c.obj
 .comment       0x00000046       0x47 cmake/stm32cubemx/CMakeFiles/STM32_Drivers.dir/__/__/Drivers/STM32F4xx_HAL_Driver/Src/stm32f4xx_hal_tim.c.obj
 .comment       0x00000046       0x47 cmake/stm32cubemx/CMakeFiles/STM32_Drivers.dir/__/__/Drivers/STM32F4xx_HAL_Driver/Src/stm32f4xx_hal_tim_ex.c.obj
 .comment       0x00000046       0x47 CMakeFiles/FOC_IMP.dir/Core/Src/app/state_machine.c.obj
 .comment       0x00000046       0x47 CMakeFiles/FOC_IMP.dir/Core/Src/core/pid.c.obj
 .comment       0x00000046       0x47 CMakeFiles/FOC_IMP.dir/Core/Src/hw/hw_adc.c.obj
 .comment       0x00000046       0x47 CMakeFiles/FOC_IMP.dir/Core/Src/hw/hw_hall_sensor.c.obj
 .comment       0x00000046       0x47 CMakeFiles/FOC_IMP.dir/Core/Src/app/motor_control.c.obj
 .comment       0x00000046       0x47 CMakeFiles/FOC_IMP.dir/Core/Src/main.c.obj
 .comment       0x00000046       0x47 CMakeFiles/FOC_IMP.dir/Core/Src/stm32f4xx_it.c.obj
 .comment       0x00000046       0x47 CMakeFiles/FOC_IMP.dir/Core/Src/stm32f4xx_hal_msp.c.obj

.debug_info     0x00000000     0xe1fb
 .debug_info    0x00000000      0x54a cmake/stm32cubemx/CMakeFiles/STM32_Drivers.dir/__/__/Core/Src/system_stm32f4xx.c.obj
 .debug_info    0x0000054a      0xce3 cmake/stm32cubemx/CMakeFiles/STM32_Drivers.dir/__/__/Drivers/STM32F4xx_HAL_Driver/Src/stm32f4xx_hal_adc.c.obj
 .debug_info    0x0000122d      0xb68 cmake/stm32cubemx/CMakeFiles/STM32_Drivers.dir/__/__/Drivers/STM32F4xx_HAL_Driver/Src/stm32f4xx_hal_adc_ex.c.obj
 .debug_info    0x00001d95      0x8ff cmake/stm32cubemx/CMakeFiles/STM32_Drivers.dir/__/__/Drivers/STM32F4xx_HAL_Driver/Src/stm32f4xx_hal_rcc.c.obj
 .debug_info    0x00002694      0x960 cmake/stm32cubemx/CMakeFiles/STM32_Drivers.dir/__/__/Drivers/STM32F4xx_HAL_Driver/Src/stm32f4xx_hal_rcc_ex.c.obj
 .debug_info    0x00002ff4      0x70b cmake/stm32cubemx/CMakeFiles/STM32_Drivers.dir/__/__/Drivers/STM32F4xx_HAL_Driver/Src/stm32f4xx_hal_gpio.c.obj
 .debug_info    0x000036ff      0x6da cmake/stm32cubemx/CMakeFiles/STM32_Drivers.dir/__/__/Drivers/STM32F4xx_HAL_Driver/Src/stm32f4xx_hal_pwr_ex.c.obj
 .debug_info    0x00003dd9      0xdaa cmake/stm32cubemx/CMakeFiles/STM32_Drivers.dir/__/__/Drivers/STM32F4xx_HAL_Driver/Src/stm32f4xx_hal_cortex.c.obj
 .debug_info    0x00004b83      0x99a cmake/stm32cubemx/CMakeFiles/STM32_Drivers.dir/__/__/Drivers/STM32F4xx_HAL_Driver/Src/stm32f4xx_hal.c.obj
 .debug_info    0x0000551d     0x299d cmake/stm32cubemx/CMakeFiles/STM32_Drivers.dir/__/__/Drivers/STM32F4xx_HAL_Driver/Src/stm32f4xx_hal_tim.c.obj
 .debug_info    0x00007eba     0x14db cmake/stm32cubemx/CMakeFiles/STM32_Drivers.dir/__/__/Drivers/STM32F4xx_HAL_Driver/Src/stm32f4xx_hal_tim_ex.c.obj
 .debug_info    0x00009395      0x6d9 CMakeFiles/FOC_IMP.dir/Core/Src/app/state_machine.c.obj
 .debug_info    0x00009a6e      0x16e CMakeFiles/FOC_IMP.dir/Core/Src/core/pid.c.obj
 .debug_info    0x00009bdc      0xa21 CMakeFiles/FOC_IMP.dir/Core/Src/hw/hw_adc.c.obj
 .debug_info    0x0000a5fd      0x8e3 CMakeFiles/FOC_IMP.dir/Core/Src/hw/hw_hall_sensor.c.obj
 .debug_info    0x0000aee0      0x3d6 CMakeFiles/FOC_IMP.dir/Core/Src/app/motor_control.c.obj
 .debug_info    0x0000b2b6     0x14b6 CMakeFiles/FOC_IMP.dir/Core/Src/main.c.obj
 .debug_info    0x0000c76c      0x96e CMakeFiles/FOC_IMP.dir/Core/Src/stm32f4xx_it.c.obj
 .debug_info    0x0000d0da     0x10f1 CMakeFiles/FOC_IMP.dir/Core/Src/stm32f4xx_hal_msp.c.obj
 .debug_info    0x0000e1cb       0x30 CMakeFiles/FOC_IMP.dir/startup_stm32f446xx.s.obj

.debug_abbrev   0x00000000     0x2767
 .debug_abbrev  0x00000000      0x11a cmake/stm32cubemx/CMakeFiles/STM32_Drivers.dir/__/__/Core/Src/system_stm32f4xx.c.obj
 .debug_abbrev  0x0000011a      0x252 cmake/stm32cubemx/CMakeFiles/STM32_Drivers.dir/__/__/Drivers/STM32F4xx_HAL_Driver/Src/stm32f4xx_hal_adc.c.obj
 .debug_abbrev  0x0000036c      0x270 cmake/stm32cubemx/CMakeFiles/STM32_Drivers.dir/__/__/Drivers/STM32F4xx_HAL_Driver/Src/stm32f4xx_hal_adc_ex.c.obj
 .debug_abbrev  0x000005dc      0x2b7 cmake/stm32cubemx/CMakeFiles/STM32_Drivers.dir/__/__/Drivers/STM32F4xx_HAL_Driver/Src/stm32f4xx_hal_rcc.c.obj
 .debug_abbrev  0x00000893      0x211 cmake/stm32cubemx/CMakeFiles/STM32_Drivers.dir/__/__/Drivers/STM32F4xx_HAL_Driver/Src/stm32f4xx_hal_rcc_ex.c.obj
 .debug_abbrev  0x00000aa4      0x1d4 cmake/stm32cubemx/CMakeFiles/STM32_Drivers.dir/__/__/Drivers/STM32F4xx_HAL_Driver/Src/stm32f4xx_hal_gpio.c.obj
 .debug_abbrev  0x00000c78      0x1cf cmake/stm32cubemx/CMakeFiles/STM32_Drivers.dir/__/__/Drivers/STM32F4xx_HAL_Driver/Src/stm32f4xx_hal_pwr_ex.c.obj
 .debug_abbrev  0x00000e47      0x31d cmake/stm32cubemx/CMakeFiles/STM32_Drivers.dir/__/__/Drivers/STM32F4xx_HAL_Driver/Src/stm32f4xx_hal_cortex.c.obj
 .debug_abbrev  0x00001164      0x214 cmake/stm32cubemx/CMakeFiles/STM32_Drivers.dir/__/__/Drivers/STM32F4xx_HAL_Driver/Src/stm32f4xx_hal.c.obj
 .debug_abbrev  0x00001378      0x278 cmake/stm32cubemx/CMakeFiles/STM32_Drivers.dir/__/__/Drivers/STM32F4xx_HAL_Driver/Src/stm32f4xx_hal_tim.c.obj
 .debug_abbrev  0x000015f0      0x283 cmake/stm32cubemx/CMakeFiles/STM32_Drivers.dir/__/__/Drivers/STM32F4xx_HAL_Driver/Src/stm32f4xx_hal_tim_ex.c.obj
 .debug_abbrev  0x00001873      0x1ca CMakeFiles/FOC_IMP.dir/Core/Src/app/state_machine.c.obj
 .debug_abbrev  0x00001a3d       0xf4 CMakeFiles/FOC_IMP.dir/Core/Src/core/pid.c.obj
 .debug_abbrev  0x00001b31      0x1ec CMakeFiles/FOC_IMP.dir/Core/Src/hw/hw_adc.c.obj
 .debug_abbrev  0x00001d1d      0x1ff CMakeFiles/FOC_IMP.dir/Core/Src/hw/hw_hall_sensor.c.obj
 .debug_abbrev  0x00001f1c      0x16c CMakeFiles/FOC_IMP.dir/Core/Src/app/motor_control.c.obj
 .debug_abbrev  0x00002088      0x2c6 CMakeFiles/FOC_IMP.dir/Core/Src/main.c.obj
 .debug_abbrev  0x0000234e      0x1a8 CMakeFiles/FOC_IMP.dir/Core/Src/stm32f4xx_it.c.obj
 .debug_abbrev  0x000024f6      0x24d CMakeFiles/FOC_IMP.dir/Core/Src/stm32f4xx_hal_msp.c.obj
 .debug_abbrev  0x00002743       0x24 CMakeFiles/FOC_IMP.dir/startup_stm32f446xx.s.obj

.debug_aranges  0x00000000      0xcf0
 .debug_aranges
                0x00000000       0x28 cmake/stm32cubemx/CMakeFiles/STM32_Drivers.dir/__/__/Core/Src/system_stm32f4xx.c.obj
 .debug_aranges
                0x00000028       0xe8 cmake/stm32cubemx/CMakeFiles/STM32_Drivers.dir/__/__/Drivers/STM32F4xx_HAL_Driver/Src/stm32f4xx_hal_adc.c.obj
 .debug_aranges
                0x00000110       0x90 cmake/stm32cubemx/CMakeFiles/STM32_Drivers.dir/__/__/Drivers/STM32F4xx_HAL_Driver/Src/stm32f4xx_hal_adc_ex.c.obj
 .debug_aranges
                0x000001a0       0x88 cmake/stm32cubemx/CMakeFiles/STM32_Drivers.dir/__/__/Drivers/STM32F4xx_HAL_Driver/Src/stm32f4xx_hal_rcc.c.obj
 .debug_aranges
                0x00000228       0x78 cmake/stm32cubemx/CMakeFiles/STM32_Drivers.dir/__/__/Drivers/STM32F4xx_HAL_Driver/Src/stm32f4xx_hal_rcc_ex.c.obj
 .debug_aranges
                0x000002a0       0x58 cmake/stm32cubemx/CMakeFiles/STM32_Drivers.dir/__/__/Drivers/STM32F4xx_HAL_Driver/Src/stm32f4xx_hal_gpio.c.obj
 .debug_aranges
                0x000002f8       0x60 cmake/stm32cubemx/CMakeFiles/STM32_Drivers.dir/__/__/Drivers/STM32F4xx_HAL_Driver/Src/stm32f4xx_hal_pwr_ex.c.obj
 .debug_aranges
                0x00000358      0x130 cmake/stm32cubemx/CMakeFiles/STM32_Drivers.dir/__/__/Drivers/STM32F4xx_HAL_Driver/Src/stm32f4xx_hal_cortex.c.obj
 .debug_aranges
                0x00000488       0xf0 cmake/stm32cubemx/CMakeFiles/STM32_Drivers.dir/__/__/Drivers/STM32F4xx_HAL_Driver/Src/stm32f4xx_hal.c.obj
 .debug_aranges
                0x00000578      0x3d0 cmake/stm32cubemx/CMakeFiles/STM32_Drivers.dir/__/__/Drivers/STM32F4xx_HAL_Driver/Src/stm32f4xx_hal_tim.c.obj
 .debug_aranges
                0x00000948      0x168 cmake/stm32cubemx/CMakeFiles/STM32_Drivers.dir/__/__/Drivers/STM32F4xx_HAL_Driver/Src/stm32f4xx_hal_tim_ex.c.obj
 .debug_aranges
                0x00000ab0       0x30 CMakeFiles/FOC_IMP.dir/Core/Src/app/state_machine.c.obj
 .debug_aranges
                0x00000ae0       0x30 CMakeFiles/FOC_IMP.dir/Core/Src/core/pid.c.obj
 .debug_aranges
                0x00000b10       0x28 CMakeFiles/FOC_IMP.dir/Core/Src/hw/hw_adc.c.obj
 .debug_aranges
                0x00000b38       0x38 CMakeFiles/FOC_IMP.dir/Core/Src/hw/hw_hall_sensor.c.obj
 .debug_aranges
                0x00000b70       0x30 CMakeFiles/FOC_IMP.dir/Core/Src/app/motor_control.c.obj
 .debug_aranges
                0x00000ba0       0x60 CMakeFiles/FOC_IMP.dir/Core/Src/main.c.obj
 .debug_aranges
                0x00000c00       0x70 CMakeFiles/FOC_IMP.dir/Core/Src/stm32f4xx_it.c.obj
 .debug_aranges
                0x00000c70       0x58 CMakeFiles/FOC_IMP.dir/Core/Src/stm32f4xx_hal_msp.c.obj
 .debug_aranges
                0x00000cc8       0x28 CMakeFiles/FOC_IMP.dir/startup_stm32f446xx.s.obj

.debug_rnglists
                0x00000000      0x9eb
 .debug_rnglists
                0x00000000       0x1a cmake/stm32cubemx/CMakeFiles/STM32_Drivers.dir/__/__/Core/Src/system_stm32f4xx.c.obj
 .debug_rnglists
                0x0000001a       0xb5 cmake/stm32cubemx/CMakeFiles/STM32_Drivers.dir/__/__/Drivers/STM32F4xx_HAL_Driver/Src/stm32f4xx_hal_adc.c.obj
 .debug_rnglists
                0x000000cf       0x71 cmake/stm32cubemx/CMakeFiles/STM32_Drivers.dir/__/__/Drivers/STM32F4xx_HAL_Driver/Src/stm32f4xx_hal_adc_ex.c.obj
 .debug_rnglists
                0x00000140       0x66 cmake/stm32cubemx/CMakeFiles/STM32_Drivers.dir/__/__/Drivers/STM32F4xx_HAL_Driver/Src/stm32f4xx_hal_rcc.c.obj
 .debug_rnglists
                0x000001a6       0x5e cmake/stm32cubemx/CMakeFiles/STM32_Drivers.dir/__/__/Drivers/STM32F4xx_HAL_Driver/Src/stm32f4xx_hal_rcc_ex.c.obj
 .debug_rnglists
                0x00000204       0x3f cmake/stm32cubemx/CMakeFiles/STM32_Drivers.dir/__/__/Drivers/STM32F4xx_HAL_Driver/Src/stm32f4xx_hal_gpio.c.obj
 .debug_rnglists
                0x00000243       0x47 cmake/stm32cubemx/CMakeFiles/STM32_Drivers.dir/__/__/Drivers/STM32F4xx_HAL_Driver/Src/stm32f4xx_hal_pwr_ex.c.obj
 .debug_rnglists
                0x0000028a       0xe0 cmake/stm32cubemx/CMakeFiles/STM32_Drivers.dir/__/__/Drivers/STM32F4xx_HAL_Driver/Src/stm32f4xx_hal_cortex.c.obj
 .debug_rnglists
                0x0000036a       0xaf cmake/stm32cubemx/CMakeFiles/STM32_Drivers.dir/__/__/Drivers/STM32F4xx_HAL_Driver/Src/stm32f4xx_hal.c.obj
 .debug_rnglists
                0x00000419      0x31a cmake/stm32cubemx/CMakeFiles/STM32_Drivers.dir/__/__/Drivers/STM32F4xx_HAL_Driver/Src/stm32f4xx_hal_tim.c.obj
 .debug_rnglists
                0x00000733      0x125 cmake/stm32cubemx/CMakeFiles/STM32_Drivers.dir/__/__/Drivers/STM32F4xx_HAL_Driver/Src/stm32f4xx_hal_tim_ex.c.obj
 .debug_rnglists
                0x00000858       0x20 CMakeFiles/FOC_IMP.dir/Core/Src/app/state_machine.c.obj
 .debug_rnglists
                0x00000878       0x20 CMakeFiles/FOC_IMP.dir/Core/Src/core/pid.c.obj
 .debug_rnglists
                0x00000898       0x1a CMakeFiles/FOC_IMP.dir/Core/Src/hw/hw_adc.c.obj
 .debug_rnglists
                0x000008b2       0x27 CMakeFiles/FOC_IMP.dir/Core/Src/hw/hw_hall_sensor.c.obj
 .debug_rnglists
                0x000008d9       0x20 CMakeFiles/FOC_IMP.dir/Core/Src/app/motor_control.c.obj
 .debug_rnglists
                0x000008f9       0x4a CMakeFiles/FOC_IMP.dir/Core/Src/main.c.obj
 .debug_rnglists
                0x00000943       0x4f CMakeFiles/FOC_IMP.dir/Core/Src/stm32f4xx_it.c.obj
 .debug_rnglists
                0x00000992       0x40 CMakeFiles/FOC_IMP.dir/Core/Src/stm32f4xx_hal_msp.c.obj
 .debug_rnglists
                0x000009d2       0x19 CMakeFiles/FOC_IMP.dir/startup_stm32f446xx.s.obj

.debug_macro    0x00000000    0x24f3a
 .debug_macro   0x00000000      0x1ec cmake/stm32cubemx/CMakeFiles/STM32_Drivers.dir/__/__/Core/Src/system_stm32f4xx.c.obj
 .debug_macro   0x000001ec      0xad8 cmake/stm32cubemx/CMakeFiles/STM32_Drivers.dir/__/__/Core/Src/system_stm32f4xx.c.obj
 .debug_macro   0x00000cc4       0x2e cmake/stm32cubemx/CMakeFiles/STM32_Drivers.dir/__/__/Core/Src/system_stm32f4xx.c.obj
 .debug_macro   0x00000cf2       0x28 cmake/stm32cubemx/CMakeFiles/STM32_Drivers.dir/__/__/Core/Src/system_stm32f4xx.c.obj
 .debug_macro   0x00000d1a       0x22 cmake/stm32cubemx/CMakeFiles/STM32_Drivers.dir/__/__/Core/Src/system_stm32f4xx.c.obj
 .debug_macro   0x00000d3c       0x8e cmake/stm32cubemx/CMakeFiles/STM32_Drivers.dir/__/__/Core/Src/system_stm32f4xx.c.obj
 .debug_macro   0x00000dca       0x51 cmake/stm32cubemx/CMakeFiles/STM32_Drivers.dir/__/__/Core/Src/system_stm32f4xx.c.obj
 .debug_macro   0x00000e1b      0x103 cmake/stm32cubemx/CMakeFiles/STM32_Drivers.dir/__/__/Core/Src/system_stm32f4xx.c.obj
 .debug_macro   0x00000f1e       0x6a cmake/stm32cubemx/CMakeFiles/STM32_Drivers.dir/__/__/Core/Src/system_stm32f4xx.c.obj
 .debug_macro   0x00000f88      0x1df cmake/stm32cubemx/CMakeFiles/STM32_Drivers.dir/__/__/Core/Src/system_stm32f4xx.c.obj
 .debug_macro   0x00001167       0x1c cmake/stm32cubemx/CMakeFiles/STM32_Drivers.dir/__/__/Core/Src/system_stm32f4xx.c.obj
 .debug_macro   0x00001183       0x22 cmake/stm32cubemx/CMakeFiles/STM32_Drivers.dir/__/__/Core/Src/system_stm32f4xx.c.obj
 .debug_macro   0x000011a5       0xfb cmake/stm32cubemx/CMakeFiles/STM32_Drivers.dir/__/__/Core/Src/system_stm32f4xx.c.obj
 .debug_macro   0x000012a0     0x1011 cmake/stm32cubemx/CMakeFiles/STM32_Drivers.dir/__/__/Core/Src/system_stm32f4xx.c.obj
 .debug_macro   0x000022b1      0x11f cmake/stm32cubemx/CMakeFiles/STM32_Drivers.dir/__/__/Core/Src/system_stm32f4xx.c.obj
 .debug_macro   0x000023d0    0x1675e cmake/stm32cubemx/CMakeFiles/STM32_Drivers.dir/__/__/Core/Src/system_stm32f4xx.c.obj
 .debug_macro   0x00018b2e       0x6d cmake/stm32cubemx/CMakeFiles/STM32_Drivers.dir/__/__/Core/Src/system_stm32f4xx.c.obj
 .debug_macro   0x00018b9b      0x29b cmake/stm32cubemx/CMakeFiles/STM32_Drivers.dir/__/__/Core/Src/system_stm32f4xx.c.obj
 .debug_macro   0x00018e36     0x3693 cmake/stm32cubemx/CMakeFiles/STM32_Drivers.dir/__/__/Core/Src/system_stm32f4xx.c.obj
 .debug_macro   0x0001c4c9      0x190 cmake/stm32cubemx/CMakeFiles/STM32_Drivers.dir/__/__/Core/Src/system_stm32f4xx.c.obj
 .debug_macro   0x0001c659       0x5c cmake/stm32cubemx/CMakeFiles/STM32_Drivers.dir/__/__/Core/Src/system_stm32f4xx.c.obj
 .debug_macro   0x0001c6b5      0xca5 cmake/stm32cubemx/CMakeFiles/STM32_Drivers.dir/__/__/Core/Src/system_stm32f4xx.c.obj
 .debug_macro   0x0001d35a      0x9e9 cmake/stm32cubemx/CMakeFiles/STM32_Drivers.dir/__/__/Core/Src/system_stm32f4xx.c.obj
 .debug_macro   0x0001dd43      0x115 cmake/stm32cubemx/CMakeFiles/STM32_Drivers.dir/__/__/Core/Src/system_stm32f4xx.c.obj
 .debug_macro   0x0001de58      0x1a0 cmake/stm32cubemx/CMakeFiles/STM32_Drivers.dir/__/__/Core/Src/system_stm32f4xx.c.obj
 .debug_macro   0x0001dff8       0xa5 cmake/stm32cubemx/CMakeFiles/STM32_Drivers.dir/__/__/Core/Src/system_stm32f4xx.c.obj
 .debug_macro   0x0001e09d      0x16d cmake/stm32cubemx/CMakeFiles/STM32_Drivers.dir/__/__/Core/Src/system_stm32f4xx.c.obj
 .debug_macro   0x0001e20a      0x287 cmake/stm32cubemx/CMakeFiles/STM32_Drivers.dir/__/__/Core/Src/system_stm32f4xx.c.obj
 .debug_macro   0x0001e491       0x5f cmake/stm32cubemx/CMakeFiles/STM32_Drivers.dir/__/__/Core/Src/system_stm32f4xx.c.obj
 .debug_macro   0x0001e4f0      0x236 cmake/stm32cubemx/CMakeFiles/STM32_Drivers.dir/__/__/Core/Src/system_stm32f4xx.c.obj
 .debug_macro   0x0001e726      0xb5b cmake/stm32cubemx/CMakeFiles/STM32_Drivers.dir/__/__/Core/Src/system_stm32f4xx.c.obj
 .debug_macro   0x0001f281      0x38b cmake/stm32cubemx/CMakeFiles/STM32_Drivers.dir/__/__/Core/Src/system_stm32f4xx.c.obj
 .debug_macro   0x0001f60c      0x17d cmake/stm32cubemx/CMakeFiles/STM32_Drivers.dir/__/__/Core/Src/system_stm32f4xx.c.obj
 .debug_macro   0x0001f789       0xf9 cmake/stm32cubemx/CMakeFiles/STM32_Drivers.dir/__/__/Core/Src/system_stm32f4xx.c.obj
 .debug_macro   0x0001f882      0x132 cmake/stm32cubemx/CMakeFiles/STM32_Drivers.dir/__/__/Core/Src/system_stm32f4xx.c.obj
 .debug_macro   0x0001f9b4      0x29c cmake/stm32cubemx/CMakeFiles/STM32_Drivers.dir/__/__/Core/Src/system_stm32f4xx.c.obj
 .debug_macro   0x0001fc50       0x2e cmake/stm32cubemx/CMakeFiles/STM32_Drivers.dir/__/__/Core/Src/system_stm32f4xx.c.obj
 .debug_macro   0x0001fc7e      0x127 cmake/stm32cubemx/CMakeFiles/STM32_Drivers.dir/__/__/Core/Src/system_stm32f4xx.c.obj
 .debug_macro   0x0001fda5       0xe8 cmake/stm32cubemx/CMakeFiles/STM32_Drivers.dir/__/__/Core/Src/system_stm32f4xx.c.obj
 .debug_macro   0x0001fe8d       0x89 cmake/stm32cubemx/CMakeFiles/STM32_Drivers.dir/__/__/Core/Src/system_stm32f4xx.c.obj
 .debug_macro   0x0001ff16      0x8ed cmake/stm32cubemx/CMakeFiles/STM32_Drivers.dir/__/__/Core/Src/system_stm32f4xx.c.obj
 .debug_macro   0x00020803       0x53 cmake/stm32cubemx/CMakeFiles/STM32_Drivers.dir/__/__/Core/Src/system_stm32f4xx.c.obj
 .debug_macro   0x00020856      0x126 cmake/stm32cubemx/CMakeFiles/STM32_Drivers.dir/__/__/Core/Src/system_stm32f4xx.c.obj
 .debug_macro   0x0002097c      0x1ed cmake/stm32cubemx/CMakeFiles/STM32_Drivers.dir/__/__/Drivers/STM32F4xx_HAL_Driver/Src/stm32f4xx_hal_adc.c.obj
 .debug_macro   0x00020b69      0x1ec cmake/stm32cubemx/CMakeFiles/STM32_Drivers.dir/__/__/Drivers/STM32F4xx_HAL_Driver/Src/stm32f4xx_hal_adc_ex.c.obj
 .debug_macro   0x00020d55      0x210 cmake/stm32cubemx/CMakeFiles/STM32_Drivers.dir/__/__/Drivers/STM32F4xx_HAL_Driver/Src/stm32f4xx_hal_rcc.c.obj
 .debug_macro   0x00020f65      0x1ec cmake/stm32cubemx/CMakeFiles/STM32_Drivers.dir/__/__/Drivers/STM32F4xx_HAL_Driver/Src/stm32f4xx_hal_rcc_ex.c.obj
 .debug_macro   0x00021151      0x1f2 cmake/stm32cubemx/CMakeFiles/STM32_Drivers.dir/__/__/Drivers/STM32F4xx_HAL_Driver/Src/stm32f4xx_hal_gpio.c.obj
 .debug_macro   0x00021343      0x204 cmake/stm32cubemx/CMakeFiles/STM32_Drivers.dir/__/__/Drivers/STM32F4xx_HAL_Driver/Src/stm32f4xx_hal_pwr_ex.c.obj
 .debug_macro   0x00021547      0x1ec cmake/stm32cubemx/CMakeFiles/STM32_Drivers.dir/__/__/Drivers/STM32F4xx_HAL_Driver/Src/stm32f4xx_hal_cortex.c.obj
 .debug_macro   0x00021733      0x24c cmake/stm32cubemx/CMakeFiles/STM32_Drivers.dir/__/__/Drivers/STM32F4xx_HAL_Driver/Src/stm32f4xx_hal.c.obj
 .debug_macro   0x0002197f      0x1ed cmake/stm32cubemx/CMakeFiles/STM32_Drivers.dir/__/__/Drivers/STM32F4xx_HAL_Driver/Src/stm32f4xx_hal_tim.c.obj
 .debug_macro   0x00021b6c      0x1ec cmake/stm32cubemx/CMakeFiles/STM32_Drivers.dir/__/__/Drivers/STM32F4xx_HAL_Driver/Src/stm32f4xx_hal_tim_ex.c.obj
 .debug_macro   0x00021d58      0x460 CMakeFiles/FOC_IMP.dir/Core/Src/app/state_machine.c.obj
 .debug_macro   0x000221b8      0xade CMakeFiles/FOC_IMP.dir/Core/Src/app/state_machine.c.obj
 .debug_macro   0x00022c96       0x40 CMakeFiles/FOC_IMP.dir/Core/Src/app/state_machine.c.obj
 .debug_macro   0x00022cd6       0x7b CMakeFiles/FOC_IMP.dir/Core/Src/app/state_machine.c.obj
 .debug_macro   0x00022d51       0x2a CMakeFiles/FOC_IMP.dir/Core/Src/app/state_machine.c.obj
 .debug_macro   0x00022d7b       0x3c CMakeFiles/FOC_IMP.dir/Core/Src/app/state_machine.c.obj
 .debug_macro   0x00022db7       0x34 CMakeFiles/FOC_IMP.dir/Core/Src/app/state_machine.c.obj
 .debug_macro   0x00022deb      0x364 CMakeFiles/FOC_IMP.dir/Core/Src/app/state_machine.c.obj
 .debug_macro   0x0002314f       0x16 CMakeFiles/FOC_IMP.dir/Core/Src/app/state_machine.c.obj
 .debug_macro   0x00023165       0x4a CMakeFiles/FOC_IMP.dir/Core/Src/app/state_machine.c.obj
 .debug_macro   0x000231af       0x34 CMakeFiles/FOC_IMP.dir/Core/Src/app/state_machine.c.obj
 .debug_macro   0x000231e3       0x10 CMakeFiles/FOC_IMP.dir/Core/Src/app/state_machine.c.obj
 .debug_macro   0x000231f3       0x58 CMakeFiles/FOC_IMP.dir/Core/Src/app/state_machine.c.obj
 .debug_macro   0x0002324b      0x1e5 CMakeFiles/FOC_IMP.dir/Core/Src/app/state_machine.c.obj
 .debug_macro   0x00023430       0x10 CMakeFiles/FOC_IMP.dir/Core/Src/app/state_machine.c.obj
 .debug_macro   0x00023440       0x3c CMakeFiles/FOC_IMP.dir/Core/Src/app/state_machine.c.obj
 .debug_macro   0x0002347c      0x19b CMakeFiles/FOC_IMP.dir/Core/Src/app/state_machine.c.obj
 .debug_macro   0x00023617      0x201 CMakeFiles/FOC_IMP.dir/Core/Src/app/state_machine.c.obj
 .debug_macro   0x00023818       0x7c CMakeFiles/FOC_IMP.dir/Core/Src/app/state_machine.c.obj
 .debug_macro   0x00023894       0x17 CMakeFiles/FOC_IMP.dir/Core/Src/app/state_machine.c.obj
 .debug_macro   0x000238ab      0x118 CMakeFiles/FOC_IMP.dir/Core/Src/app/state_machine.c.obj
 .debug_macro   0x000239c3       0xb9 CMakeFiles/FOC_IMP.dir/Core/Src/app/state_machine.c.obj
 .debug_macro   0x00023a7c       0x42 CMakeFiles/FOC_IMP.dir/Core/Src/app/state_machine.c.obj
 .debug_macro   0x00023abe       0x35 CMakeFiles/FOC_IMP.dir/Core/Src/app/state_machine.c.obj
 .debug_macro   0x00023af3       0x1c CMakeFiles/FOC_IMP.dir/Core/Src/app/state_machine.c.obj
 .debug_macro   0x00023b0f       0x22 CMakeFiles/FOC_IMP.dir/Core/Src/app/state_machine.c.obj
 .debug_macro   0x00023b31       0x16 CMakeFiles/FOC_IMP.dir/Core/Src/app/state_machine.c.obj
 .debug_macro   0x00023b47       0x10 CMakeFiles/FOC_IMP.dir/Core/Src/app/state_machine.c.obj
 .debug_macro   0x00023b57       0x16 CMakeFiles/FOC_IMP.dir/Core/Src/app/state_machine.c.obj
 .debug_macro   0x00023b6d       0x10 CMakeFiles/FOC_IMP.dir/Core/Src/app/state_machine.c.obj
 .debug_macro   0x00023b7d       0x16 CMakeFiles/FOC_IMP.dir/Core/Src/app/state_machine.c.obj
 .debug_macro   0x00023b93       0x1b CMakeFiles/FOC_IMP.dir/Core/Src/core/pid.c.obj
 .debug_macro   0x00023bae      0x44f CMakeFiles/FOC_IMP.dir/Core/Src/hw/hw_adc.c.obj
 .debug_macro   0x00023ffd       0x10 CMakeFiles/FOC_IMP.dir/Core/Src/hw/hw_adc.c.obj
 .debug_macro   0x0002400d      0x20a CMakeFiles/FOC_IMP.dir/Core/Src/hw/hw_hall_sensor.c.obj
 .debug_macro   0x00024217       0x16 CMakeFiles/FOC_IMP.dir/Core/Src/hw/hw_hall_sensor.c.obj
 .debug_macro   0x0002422d      0x45f CMakeFiles/FOC_IMP.dir/Core/Src/app/motor_control.c.obj
 .debug_macro   0x0002468c       0x16 CMakeFiles/FOC_IMP.dir/Core/Src/app/motor_control.c.obj
 .debug_macro   0x000246a2      0x460 CMakeFiles/FOC_IMP.dir/Core/Src/main.c.obj
 .debug_macro   0x00024b02       0x1c CMakeFiles/FOC_IMP.dir/Core/Src/main.c.obj
 .debug_macro   0x00024b1e       0x1c CMakeFiles/FOC_IMP.dir/Core/Src/main.c.obj
 .debug_macro   0x00024b3a      0x205 CMakeFiles/FOC_IMP.dir/Core/Src/stm32f4xx_it.c.obj
 .debug_macro   0x00024d3f      0x1fb CMakeFiles/FOC_IMP.dir/Core/Src/stm32f4xx_hal_msp.c.obj

.debug_line     0x00000000    0x10596
 .debug_line    0x00000000      0x6b6 cmake/stm32cubemx/CMakeFiles/STM32_Drivers.dir/__/__/Core/Src/system_stm32f4xx.c.obj
 .debug_line    0x000006b6     0x1155 cmake/stm32cubemx/CMakeFiles/STM32_Drivers.dir/__/__/Drivers/STM32F4xx_HAL_Driver/Src/stm32f4xx_hal_adc.c.obj
 .debug_line    0x0000180b      0xd7d cmake/stm32cubemx/CMakeFiles/STM32_Drivers.dir/__/__/Drivers/STM32F4xx_HAL_Driver/Src/stm32f4xx_hal_adc_ex.c.obj
 .debug_line    0x00002588      0xd4d cmake/stm32cubemx/CMakeFiles/STM32_Drivers.dir/__/__/Drivers/STM32F4xx_HAL_Driver/Src/stm32f4xx_hal_rcc.c.obj
 .debug_line    0x000032d5     0x13fe cmake/stm32cubemx/CMakeFiles/STM32_Drivers.dir/__/__/Drivers/STM32F4xx_HAL_Driver/Src/stm32f4xx_hal_rcc_ex.c.obj
 .debug_line    0x000046d3      0xa76 cmake/stm32cubemx/CMakeFiles/STM32_Drivers.dir/__/__/Drivers/STM32F4xx_HAL_Driver/Src/stm32f4xx_hal_gpio.c.obj
 .debug_line    0x00005149      0x89f cmake/stm32cubemx/CMakeFiles/STM32_Drivers.dir/__/__/Drivers/STM32F4xx_HAL_Driver/Src/stm32f4xx_hal_pwr_ex.c.obj
 .debug_line    0x000059e8      0xc02 cmake/stm32cubemx/CMakeFiles/STM32_Drivers.dir/__/__/Drivers/STM32F4xx_HAL_Driver/Src/stm32f4xx_hal_cortex.c.obj
 .debug_line    0x000065ea      0x932 cmake/stm32cubemx/CMakeFiles/STM32_Drivers.dir/__/__/Drivers/STM32F4xx_HAL_Driver/Src/stm32f4xx_hal.c.obj
 .debug_line    0x00006f1c     0x36a7 cmake/stm32cubemx/CMakeFiles/STM32_Drivers.dir/__/__/Drivers/STM32F4xx_HAL_Driver/Src/stm32f4xx_hal_tim.c.obj
 .debug_line    0x0000a5c3     0x1892 cmake/stm32cubemx/CMakeFiles/STM32_Drivers.dir/__/__/Drivers/STM32F4xx_HAL_Driver/Src/stm32f4xx_hal_tim_ex.c.obj
 .debug_line    0x0000be55      0xadb CMakeFiles/FOC_IMP.dir/Core/Src/app/state_machine.c.obj
 .debug_line    0x0000c930      0x140 CMakeFiles/FOC_IMP.dir/Core/Src/core/pid.c.obj
 .debug_line    0x0000ca70      0xac2 CMakeFiles/FOC_IMP.dir/Core/Src/hw/hw_adc.c.obj
 .debug_line    0x0000d532      0x840 CMakeFiles/FOC_IMP.dir/Core/Src/hw/hw_hall_sensor.c.obj
 .debug_line    0x0000dd72      0xb16 CMakeFiles/FOC_IMP.dir/Core/Src/app/motor_control.c.obj
 .debug_line    0x0000e888      0xddd CMakeFiles/FOC_IMP.dir/Core/Src/main.c.obj
 .debug_line    0x0000f665      0x720 CMakeFiles/FOC_IMP.dir/Core/Src/stm32f4xx_it.c.obj
 .debug_line    0x0000fd85      0x797 CMakeFiles/FOC_IMP.dir/Core/Src/stm32f4xx_hal_msp.c.obj
 .debug_line    0x0001051c       0x7a CMakeFiles/FOC_IMP.dir/startup_stm32f446xx.s.obj

.debug_str      0x00000000    0xdc948
 .debug_str     0x00000000    0xdc948 cmake/stm32cubemx/CMakeFiles/STM32_Drivers.dir/__/__/Core/Src/system_stm32f4xx.c.obj
                              0xd403a (size before relaxing)
 .debug_str     0x000dc948    0xd4602 cmake/stm32cubemx/CMakeFiles/STM32_Drivers.dir/__/__/Drivers/STM32F4xx_HAL_Driver/Src/stm32f4xx_hal_adc.c.obj
 .debug_str     0x000dc948    0xd4656 cmake/stm32cubemx/CMakeFiles/STM32_Drivers.dir/__/__/Drivers/STM32F4xx_HAL_Driver/Src/stm32f4xx_hal_adc_ex.c.obj
 .debug_str     0x000dc948    0xd4473 cmake/stm32cubemx/CMakeFiles/STM32_Drivers.dir/__/__/Drivers/STM32F4xx_HAL_Driver/Src/stm32f4xx_hal_rcc.c.obj
 .debug_str     0x000dc948    0xd44a6 cmake/stm32cubemx/CMakeFiles/STM32_Drivers.dir/__/__/Drivers/STM32F4xx_HAL_Driver/Src/stm32f4xx_hal_rcc_ex.c.obj
 .debug_str     0x000dc948    0xd41b5 cmake/stm32cubemx/CMakeFiles/STM32_Drivers.dir/__/__/Drivers/STM32F4xx_HAL_Driver/Src/stm32f4xx_hal_gpio.c.obj
 .debug_str     0x000dc948    0xd4212 cmake/stm32cubemx/CMakeFiles/STM32_Drivers.dir/__/__/Drivers/STM32F4xx_HAL_Driver/Src/stm32f4xx_hal_pwr_ex.c.obj
 .debug_str     0x000dc948    0xd4956 cmake/stm32cubemx/CMakeFiles/STM32_Drivers.dir/__/__/Drivers/STM32F4xx_HAL_Driver/Src/stm32f4xx_hal_cortex.c.obj
 .debug_str     0x000dc948    0xd4bff cmake/stm32cubemx/CMakeFiles/STM32_Drivers.dir/__/__/Drivers/STM32F4xx_HAL_Driver/Src/stm32f4xx_hal.c.obj
 .debug_str     0x000dc948    0xd539f cmake/stm32cubemx/CMakeFiles/STM32_Drivers.dir/__/__/Drivers/STM32F4xx_HAL_Driver/Src/stm32f4xx_hal_tim.c.obj
 .debug_str     0x000dc948    0xd4bab cmake/stm32cubemx/CMakeFiles/STM32_Drivers.dir/__/__/Drivers/STM32F4xx_HAL_Driver/Src/stm32f4xx_hal_tim_ex.c.obj
 .debug_str     0x000dc948    0xd8e8e CMakeFiles/FOC_IMP.dir/Core/Src/app/state_machine.c.obj
 .debug_str     0x000dc948     0x2f0c CMakeFiles/FOC_IMP.dir/Core/Src/core/pid.c.obj
 .debug_str     0x000dc948    0xd9036 CMakeFiles/FOC_IMP.dir/Core/Src/hw/hw_adc.c.obj
 .debug_str     0x000dc948    0xd46a3 CMakeFiles/FOC_IMP.dir/Core/Src/hw/hw_hall_sensor.c.obj
 .debug_str     0x000dc948    0xd8a9f CMakeFiles/FOC_IMP.dir/Core/Src/app/motor_control.c.obj
 .debug_str     0x000dc948    0xd983e CMakeFiles/FOC_IMP.dir/Core/Src/main.c.obj
 .debug_str     0x000dc948    0xd46e5 CMakeFiles/FOC_IMP.dir/Core/Src/stm32f4xx_it.c.obj
 .debug_str     0x000dc948    0xd4e18 CMakeFiles/FOC_IMP.dir/Core/Src/stm32f4xx_hal_msp.c.obj
 .debug_str     0x000dc948       0xa6 CMakeFiles/FOC_IMP.dir/startup_stm32f446xx.s.obj

.debug_frame    0x00000000     0x3468
 .debug_frame   0x00000000       0x58 cmake/stm32cubemx/CMakeFiles/STM32_Drivers.dir/__/__/Core/Src/system_stm32f4xx.c.obj
 .debug_frame   0x00000058      0x3fc cmake/stm32cubemx/CMakeFiles/STM32_Drivers.dir/__/__/Drivers/STM32F4xx_HAL_Driver/Src/stm32f4xx_hal_adc.c.obj
 .debug_frame   0x00000454      0x250 cmake/stm32cubemx/CMakeFiles/STM32_Drivers.dir/__/__/Drivers/STM32F4xx_HAL_Driver/Src/stm32f4xx_hal_adc_ex.c.obj
 .debug_frame   0x000006a4      0x1f4 cmake/stm32cubemx/CMakeFiles/STM32_Drivers.dir/__/__/Drivers/STM32F4xx_HAL_Driver/Src/stm32f4xx_hal_rcc.c.obj
 .debug_frame   0x00000898      0x1e8 cmake/stm32cubemx/CMakeFiles/STM32_Drivers.dir/__/__/Drivers/STM32F4xx_HAL_Driver/Src/stm32f4xx_hal_rcc_ex.c.obj
 .debug_frame   0x00000a80      0x14c cmake/stm32cubemx/CMakeFiles/STM32_Drivers.dir/__/__/Drivers/STM32F4xx_HAL_Driver/Src/stm32f4xx_hal_gpio.c.obj
 .debug_frame   0x00000bcc      0x14c cmake/stm32cubemx/CMakeFiles/STM32_Drivers.dir/__/__/Drivers/STM32F4xx_HAL_Driver/Src/stm32f4xx_hal_pwr_ex.c.obj
 .debug_frame   0x00000d18      0x508 cmake/stm32cubemx/CMakeFiles/STM32_Drivers.dir/__/__/Drivers/STM32F4xx_HAL_Driver/Src/stm32f4xx_hal_cortex.c.obj
 .debug_frame   0x00001220      0x374 cmake/stm32cubemx/CMakeFiles/STM32_Drivers.dir/__/__/Drivers/STM32F4xx_HAL_Driver/Src/stm32f4xx_hal.c.obj
 .debug_frame   0x00001594     0x11c0 cmake/stm32cubemx/CMakeFiles/STM32_Drivers.dir/__/__/Drivers/STM32F4xx_HAL_Driver/Src/stm32f4xx_hal_tim.c.obj
 .debug_frame   0x00002754      0x638 cmake/stm32cubemx/CMakeFiles/STM32_Drivers.dir/__/__/Drivers/STM32F4xx_HAL_Driver/Src/stm32f4xx_hal_tim_ex.c.obj
 .debug_frame   0x00002d8c       0x74 CMakeFiles/FOC_IMP.dir/Core/Src/app/state_machine.c.obj
 .debug_frame   0x00002e00       0x88 CMakeFiles/FOC_IMP.dir/Core/Src/core/pid.c.obj
 .debug_frame   0x00002e88       0x5c CMakeFiles/FOC_IMP.dir/Core/Src/hw/hw_adc.c.obj
 .debug_frame   0x00002ee4       0xa4 CMakeFiles/FOC_IMP.dir/Core/Src/hw/hw_hall_sensor.c.obj
 .debug_frame   0x00002f88       0x80 CMakeFiles/FOC_IMP.dir/Core/Src/app/motor_control.c.obj
 .debug_frame   0x00003008      0x140 CMakeFiles/FOC_IMP.dir/Core/Src/main.c.obj
 .debug_frame   0x00003148      0x13c CMakeFiles/FOC_IMP.dir/Core/Src/stm32f4xx_it.c.obj
 .debug_frame   0x00003284      0x138 CMakeFiles/FOC_IMP.dir/Core/Src/stm32f4xx_hal_msp.c.obj
 .debug_frame   0x000033bc       0x2c C:/PROGRA~2/ARMGNU~1/142BCE~1.3RE/bin/../lib/gcc/arm-none-eabi/14.3.1/thumb/v7e-m+fp/hard\libgcc.a(_aeabi_uldivmod.o)
 .debug_frame   0x000033e8       0x34 C:/PROGRA~2/ARMGNU~1/142BCE~1.3RE/bin/../lib/gcc/arm-none-eabi/14.3.1/thumb/v7e-m+fp/hard\libgcc.a(_udivmoddi4.o)
 .debug_frame   0x0000341c       0x20 C:/PROGRA~2/ARMGNU~1/142BCE~1.3RE/bin/../lib/gcc/arm-none-eabi/14.3.1/../../../../arm-none-eabi/lib/thumb/v7e-m+fp/hard\libg_nano.a(libc_a-memset.o)
 .debug_frame   0x0000343c       0x2c C:/PROGRA~2/ARMGNU~1/142BCE~1.3RE/bin/../lib/gcc/arm-none-eabi/14.3.1/../../../../arm-none-eabi/lib/thumb/v7e-m+fp/hard\libg_nano.a(libc_a-init.o)

.debug_line_str
                0x00000000      0x15f
 .debug_line_str
                0x00000000      0x15f CMakeFiles/FOC_IMP.dir/startup_stm32f446xx.s.obj
                                 0x8a (size before relaxing)
 .debug_line_str
                0x0000015f       0xc9 C:/PROGRA~2/ARMGNU~1/142BCE~1.3RE/bin/../lib/gcc/arm-none-eabi/14.3.1/thumb/v7e-m+fp/hard\libgcc.a(_aeabi_uldivmod.o)
 .debug_line_str
                0x0000015f       0xcd C:/PROGRA~2/ARMGNU~1/142BCE~1.3RE/bin/../lib/gcc/arm-none-eabi/14.3.1/thumb/v7e-m+fp/hard\libgcc.a(_dvmd_tls.o)
